Archive member included to satisfy reference by file (symbol)

D:/TechnicalSoftWare/ST/STM32CubeIDE_1.14.0/STM32CubeIDE/plugins/com.st.stm32cube.ide.mcu.externaltools.gnu-tools-for-stm32.11.3.rel1.win32_1.1.100.202309141235/tools/bin/../lib/gcc/arm-none-eabi/11.3.1/../../../../arm-none-eabi/lib/thumb/v7e-m+fp/hard\libc_nano.a(libc_a-exit.o)
                              D:/TechnicalSoftWare/ST/STM32CubeIDE_1.14.0/STM32CubeIDE/plugins/com.st.stm32cube.ide.mcu.externaltools.gnu-tools-for-stm32.11.3.rel1.win32_1.1.100.202309141235/tools/bin/../lib/gcc/arm-none-eabi/11.3.1/../../../../arm-none-eabi/lib/thumb/v7e-m+fp/hard/crt0.o (exit)
D:/TechnicalSoftWare/ST/STM32CubeIDE_1.14.0/STM32CubeIDE/plugins/com.st.stm32cube.ide.mcu.externaltools.gnu-tools-for-stm32.11.3.rel1.win32_1.1.100.202309141235/tools/bin/../lib/gcc/arm-none-eabi/11.3.1/../../../../arm-none-eabi/lib/thumb/v7e-m+fp/hard\libc_nano.a(libc_a-findfp.o)
                              D:/TechnicalSoftWare/ST/STM32CubeIDE_1.14.0/STM32CubeIDE/plugins/com.st.stm32cube.ide.mcu.externaltools.gnu-tools-for-stm32.11.3.rel1.win32_1.1.100.202309141235/tools/bin/../lib/gcc/arm-none-eabi/11.3.1/../../../../arm-none-eabi/lib/thumb/v7e-m+fp/hard\libc_nano.a(libc_a-exit.o) (__stdio_exit_handler)
D:/TechnicalSoftWare/ST/STM32CubeIDE_1.14.0/STM32CubeIDE/plugins/com.st.stm32cube.ide.mcu.externaltools.gnu-tools-for-stm32.11.3.rel1.win32_1.1.100.202309141235/tools/bin/../lib/gcc/arm-none-eabi/11.3.1/../../../../arm-none-eabi/lib/thumb/v7e-m+fp/hard\libc_nano.a(libc_a-fwalk.o)
                              D:/TechnicalSoftWare/ST/STM32CubeIDE_1.14.0/STM32CubeIDE/plugins/com.st.stm32cube.ide.mcu.externaltools.gnu-tools-for-stm32.11.3.rel1.win32_1.1.100.202309141235/tools/bin/../lib/gcc/arm-none-eabi/11.3.1/../../../../arm-none-eabi/lib/thumb/v7e-m+fp/hard\libc_nano.a(libc_a-findfp.o) (_fwalk_sglue)
D:/TechnicalSoftWare/ST/STM32CubeIDE_1.14.0/STM32CubeIDE/plugins/com.st.stm32cube.ide.mcu.externaltools.gnu-tools-for-stm32.11.3.rel1.win32_1.1.100.202309141235/tools/bin/../lib/gcc/arm-none-eabi/11.3.1/../../../../arm-none-eabi/lib/thumb/v7e-m+fp/hard\libc_nano.a(libc_a-stdio.o)
                              D:/TechnicalSoftWare/ST/STM32CubeIDE_1.14.0/STM32CubeIDE/plugins/com.st.stm32cube.ide.mcu.externaltools.gnu-tools-for-stm32.11.3.rel1.win32_1.1.100.202309141235/tools/bin/../lib/gcc/arm-none-eabi/11.3.1/../../../../arm-none-eabi/lib/thumb/v7e-m+fp/hard\libc_nano.a(libc_a-findfp.o) (__sread)
D:/TechnicalSoftWare/ST/STM32CubeIDE_1.14.0/STM32CubeIDE/plugins/com.st.stm32cube.ide.mcu.externaltools.gnu-tools-for-stm32.11.3.rel1.win32_1.1.100.202309141235/tools/bin/../lib/gcc/arm-none-eabi/11.3.1/../../../../arm-none-eabi/lib/thumb/v7e-m+fp/hard\libc_nano.a(libc_a-memset.o)
                              D:/TechnicalSoftWare/ST/STM32CubeIDE_1.14.0/STM32CubeIDE/plugins/com.st.stm32cube.ide.mcu.externaltools.gnu-tools-for-stm32.11.3.rel1.win32_1.1.100.202309141235/tools/bin/../lib/gcc/arm-none-eabi/11.3.1/../../../../arm-none-eabi/lib/thumb/v7e-m+fp/hard/crt0.o (memset)
D:/TechnicalSoftWare/ST/STM32CubeIDE_1.14.0/STM32CubeIDE/plugins/com.st.stm32cube.ide.mcu.externaltools.gnu-tools-for-stm32.11.3.rel1.win32_1.1.100.202309141235/tools/bin/../lib/gcc/arm-none-eabi/11.3.1/../../../../arm-none-eabi/lib/thumb/v7e-m+fp/hard\libc_nano.a(libc_a-closer.o)
                              D:/TechnicalSoftWare/ST/STM32CubeIDE_1.14.0/STM32CubeIDE/plugins/com.st.stm32cube.ide.mcu.externaltools.gnu-tools-for-stm32.11.3.rel1.win32_1.1.100.202309141235/tools/bin/../lib/gcc/arm-none-eabi/11.3.1/../../../../arm-none-eabi/lib/thumb/v7e-m+fp/hard\libc_nano.a(libc_a-stdio.o) (_close_r)
D:/TechnicalSoftWare/ST/STM32CubeIDE_1.14.0/STM32CubeIDE/plugins/com.st.stm32cube.ide.mcu.externaltools.gnu-tools-for-stm32.11.3.rel1.win32_1.1.100.202309141235/tools/bin/../lib/gcc/arm-none-eabi/11.3.1/../../../../arm-none-eabi/lib/thumb/v7e-m+fp/hard\libc_nano.a(libc_a-reent.o)
                              D:/TechnicalSoftWare/ST/STM32CubeIDE_1.14.0/STM32CubeIDE/plugins/com.st.stm32cube.ide.mcu.externaltools.gnu-tools-for-stm32.11.3.rel1.win32_1.1.100.202309141235/tools/bin/../lib/gcc/arm-none-eabi/11.3.1/../../../../arm-none-eabi/lib/thumb/v7e-m+fp/hard\libc_nano.a(libc_a-closer.o) (errno)
D:/TechnicalSoftWare/ST/STM32CubeIDE_1.14.0/STM32CubeIDE/plugins/com.st.stm32cube.ide.mcu.externaltools.gnu-tools-for-stm32.11.3.rel1.win32_1.1.100.202309141235/tools/bin/../lib/gcc/arm-none-eabi/11.3.1/../../../../arm-none-eabi/lib/thumb/v7e-m+fp/hard\libc_nano.a(libc_a-impure.o)
                              D:/TechnicalSoftWare/ST/STM32CubeIDE_1.14.0/STM32CubeIDE/plugins/com.st.stm32cube.ide.mcu.externaltools.gnu-tools-for-stm32.11.3.rel1.win32_1.1.100.202309141235/tools/bin/../lib/gcc/arm-none-eabi/11.3.1/../../../../arm-none-eabi/lib/thumb/v7e-m+fp/hard\libc_nano.a(libc_a-reent.o) (_impure_ptr)
[...]
Memory Configuration

Name             Origin             Length             Attributes
RETRAM_interrupts 0x0000000000000000 0x0000000000000600 xrw
SRAM1_text       0x0000000010000000 0x0000000000020000 xrw
SRAM2_data       0x0000000010020000 0x0000000000020000 xrw
SRAM3_ipc_shm    0x0000000010040000 0x0000000000010000 xrw
SRAM4            0x0000000010050000 0x0000000000010000 xrw
*default*        0x0000000000000000 0xffffffffffffffff

Linker script and memory map

LOAD D:/TechnicalSoftWare/ST/STM32CubeIDE_1.14.0/STM32CubeIDE/plugins/com.st.stm32cube.ide.mcu.externaltools.gnu-tools-for-stm32.11.3.rel1.win32_1.1.100.202309141235/tools/bin/../lib/gcc/arm-none-eabi/11.3.1/thumb/v7e-m+fp/hard/crti.o
LOAD D:/TechnicalSoftWare/ST/STM32CubeIDE_1.14.0/STM32CubeIDE/plugins/com.st.stm32cube.ide.mcu.externaltools.gnu-tools-for-stm32.11.3.rel1.win32_1.1.100.202309141235/tools/bin/../lib/gcc/arm-none-eabi/11.3.1/thumb/v7e-m+fp/hard/crtbegin.o
LOAD D:/TechnicalSoftWare/ST/STM32CubeIDE_1.14.0/STM32CubeIDE/plugins/com.st.stm32cube.ide.mcu.externaltools.gnu-tools-for-stm32.11.3.rel1.win32_1.1.100.202309141235/tools/bin/../lib/gcc/arm-none-eabi/11.3.1/../../../../arm-none-eabi/lib/thumb/v7e-m+fp/hard/crt0.o
LOAD ./Common/System/system_stm32mp1xx.o
LOAD ./Core/Src/gpio.o
LOAD ./Core/Src/main.o
LOAD ./Core/Src/stm32mp1xx_hal_msp.o
LOAD ./Core/Src/stm32mp1xx_it.o
LOAD ./Core/Src/syscalls.o
LOAD ./Core/Src/sysmem.o
LOAD ./Core/Src/tim.o
LOAD ./Core/Startup/startup_stm32mp157aaax.o
LOAD ./Drivers/STM32MP1xx_HAL_Driver/stm32mp1xx_hal.o
LOAD ./Drivers/STM32MP1xx_HAL_Driver/stm32mp1xx_hal_cortex.o
LOAD ./Drivers/STM32MP1xx_HAL_Driver/stm32mp1xx_hal_dma.o
LOAD ./Drivers/STM32MP1xx_HAL_Driver/stm32mp1xx_hal_dma_ex.o
LOAD ./Drivers/STM32MP1xx_HAL_Driver/stm32mp1xx_hal_exti.o
LOAD ./Drivers/STM32MP1xx_HAL_Driver/stm32mp1xx_hal_gpio.o
LOAD ./Drivers/STM32MP1xx_HAL_Driver/stm32mp1xx_hal_hsem.o
LOAD ./Drivers/STM32MP1xx_HAL_Driver/stm32mp1xx_hal_mdma.o
LOAD ./Drivers/STM32MP1xx_HAL_Driver/stm32mp1xx_hal_pwr.o
LOAD ./Drivers/STM32MP1xx_HAL_Driver/stm32mp1xx_hal_pwr_ex.o
LOAD ./Drivers/STM32MP1xx_HAL_Driver/stm32mp1xx_hal_rcc.o
LOAD ./Drivers/STM32MP1xx_HAL_Driver/stm32mp1xx_hal_rcc_ex.o
LOAD ./Drivers/STM32MP1xx_HAL_Driver/stm32mp1xx_hal_tim.o
LOAD ./Drivers/STM32MP1xx_HAL_Driver/stm32mp1xx_hal_tim_ex.o
START GROUP
LOAD D:/TechnicalSoftWare/ST/STM32CubeIDE_1.14.0/STM32CubeIDE/plugins/com.st.stm32cube.ide.mcu.externaltools.gnu-tools-for-stm32.11.3.rel1.win32_1.1.100.202309141235/tools/bin/../lib/gcc/arm-none-eabi/11.3.1/../../../../arm-none-eabi/lib/thumb/v7e-m+fp/hard\libc_nano.a
LOAD D:/TechnicalSoftWare/ST/STM32CubeIDE_1.14.0/STM32CubeIDE/plugins/com.st.stm32cube.ide.mcu.externaltools.gnu-tools-for-stm32.11.3.rel1.win32_1.1.100.202309141235/tools/bin/../lib/gcc/arm-none-eabi/11.3.1/../../../../arm-none-eabi/lib/thumb/v7e-m+fp/hard\libm.a
END GROUP
START GROUP
LOAD D:/TechnicalSoftWare/ST/STM32CubeIDE_1.14.0/STM32CubeIDE/plugins/com.st.stm32cube.ide.mcu.externaltools.gnu-tools-for-stm32.11.3.rel1.win32_1.1.100.202309141235/tools/bin/../lib/gcc/arm-none-eabi/11.3.1/thumb/v7e-m+fp/hard\libgcc.a
LOAD D:/TechnicalSoftWare/ST/STM32CubeIDE_1.14.0/STM32CubeIDE/plugins/com.st.stm32cube.ide.mcu.externaltools.gnu-tools-for-stm32.11.3.rel1.win32_1.1.100.202309141235/tools/bin/../lib/gcc/arm-none-eabi/11.3.1/../../../../arm-none-eabi/lib/thumb/v7e-m+fp/hard\libc_nano.a
END GROUP
START GROUP
LOAD D:/TechnicalSoftWare/ST/STM32CubeIDE_1.14.0/STM32CubeIDE/plugins/com.st.stm32cube.ide.mcu.externaltools.gnu-tools-for-stm32.11.3.rel1.win32_1.1.100.202309141235/tools/bin/../lib/gcc/arm-none-eabi/11.3.1/thumb/v7e-m+fp/hard\libgcc.a
LOAD D:/TechnicalSoftWare/ST/STM32CubeIDE_1.14.0/STM32CubeIDE/plugins/com.st.stm32cube.ide.mcu.externaltools.gnu-tools-for-stm32.11.3.rel1.win32_1.1.100.202309141235/tools/bin/../lib/gcc/arm-none-eabi/11.3.1/../../../../arm-none-eabi/lib/thumb/v7e-m+fp/hard\libc_nano.a
LOAD D:/TechnicalSoftWare/ST/STM32CubeIDE_1.14.0/STM32CubeIDE/plugins/com.st.stm32cube.ide.mcu.externaltools.gnu-tools-for-stm32.11.3.rel1.win32_1.1.100.202309141235/tools/bin/../lib/gcc/arm-none-eabi/11.3.1/../../../../arm-none-eabi/lib/thumb/v7e-m+fp/hard\libnosys.a
END GROUP
START GROUP
LOAD D:/TechnicalSoftWare/ST/STM32CubeIDE_1.14.0/STM32CubeIDE/plugins/com.st.stm32cube.ide.mcu.externaltools.gnu-tools-for-stm32.11.3.rel1.win32_1.1.100.202309141235/tools/bin/../lib/gcc/arm-none-eabi/11.3.1/thumb/v7e-m+fp/hard\libgcc.a
LOAD D:/TechnicalSoftWare/ST/STM32CubeIDE_1.14.0/STM32CubeIDE/plugins/com.st.stm32cube.ide.mcu.externaltools.gnu-tools-for-stm32.11.3.rel1.win32_1.1.100.202309141235/tools/bin/../lib/gcc/arm-none-eabi/11.3.1/../../../../arm-none-eabi/lib/thumb/v7e-m+fp/hard\libc_nano.a
LOAD D:/TechnicalSoftWare/ST/STM32CubeIDE_1.14.0/STM32CubeIDE/plugins/com.st.stm32cube.ide.mcu.externaltools.gnu-tools-for-stm32.11.3.rel1.win32_1.1.100.202309141235/tools/bin/../lib/gcc/arm-none-eabi/11.3.1/../../../../arm-none-eabi/lib/thumb/v7e-m+fp/hard\libnosys.a
END GROUP
LOAD D:/TechnicalSoftWare/ST/STM32CubeIDE_1.14.0/STM32CubeIDE/plugins/com.st.stm32cube.ide.mcu.externaltools.gnu-tools-for-stm32.11.3.rel1.win32_1.1.100.202309141235/tools/bin/../lib/gcc/arm-none-eabi/11.3.1/thumb/v7e-m+fp/hard/crtend.o
LOAD D:/TechnicalSoftWare/ST/STM32CubeIDE_1.14.0/STM32CubeIDE/plugins/com.st.stm32cube.ide.mcu.externaltools.gnu-tools-for-stm32.11.3.rel1.win32_1.1.100.202309141235/tools/bin/../lib/gcc/arm-none-eabi/11.3.1/thumb/v7e-m+fp/hard/crtn.o
                0x0000000010040000                _estack = (ORIGIN (SRAM2_data) + LENGTH (SRAM2_data))
                0x0000000000000200                _Min_Heap_Size = 0x200
                0x0000000000000400                _Min_Stack_Size = 0x400
                0x0000000010040000                __OPENAMP_region_start__ = ORIGIN (SRAM3_ipc_shm)
                0x0000000010050000                __OPENAMP_region_end__ = (ORIGIN (SRAM3_ipc_shm) + LENGTH (SRAM3_ipc_shm))

.isr_vector     0x0000000000000000      0x298
                0x0000000000000000                . = ALIGN (0x4)
 *(.isr_vector)
 .isr_vector    0x0000000000000000      0x298 ./Core/Startup/startup_stm32mp157aaax.o
                0x0000000000000000                g_pfnVectors
                0x0000000000000298                . = ALIGN (0x4)

.text           0x0000000010000000     0x2f68
                0x0000000010000000                . = ALIGN (0x4)
 *(.text)
 .text          0x0000000010000000       0x40 D:/TechnicalSoftWare/ST/STM32CubeIDE_1.14.0/STM32CubeIDE/plugins/com.st.stm32cube.ide.mcu.externaltools.gnu-tools-for-stm32.11.3.rel1.win32_1.1.100.202309141235/tools/bin/../lib/gcc/arm-none-eabi/11.3.1/thumb/v7e-m+fp/hard/crtbegin.o
 *(.text*)
 .text.SystemInit
                0x0000000010000040       0x4c ./Common/System/system_stm32mp1xx.o
                0x0000000010000040                SystemInit
 .text.MX_GPIO_Init
                0x000000001000008c       0x50 ./Core/Src/gpio.o
                0x000000001000008c                MX_GPIO_Init
 .text.HAL_TIM_PeriodElapsedCallback
                0x00000000100000dc       0x2c ./Core/Src/main.o
                0x00000000100000dc                HAL_TIM_PeriodElapsedCallback
 .text.main     0x0000000010000108       0x30 ./Core/Src/main.o
                0x0000000010000108                main
 .text.SystemClock_Config
                0x0000000010000138      0x13c ./Core/Src/main.o
                0x0000000010000138                SystemClock_Config
 .text.Error_Handler
                0x0000000010000274        0xa ./Core/Src/main.o
                0x0000000010000274                Error_Handler
 .text.HAL_MspInit
                0x000000001000027e       0x6c ./Core/Src/stm32mp1xx_hal_msp.o
                0x000000001000027e                HAL_MspInit
 .text.NMI_Handler
                0x00000000100002ea        0x6 ./Core/Src/stm32mp1xx_it.o
                0x00000000100002ea                NMI_Handler
 .text.HardFault_Handler
                0x00000000100002f0        0x6 ./Core/Src/stm32mp1xx_it.o
                0x00000000100002f0                HardFault_Handler
 .text.MemManage_Handler
                0x00000000100002f6        0x6 ./Core/Src/stm32mp1xx_it.o
                0x00000000100002f6                MemManage_Handler
 .text.BusFault_Handler
                0x00000000100002fc        0x6 ./Core/Src/stm32mp1xx_it.o
                0x00000000100002fc                BusFault_Handler
 .text.UsageFault_Handler
                0x0000000010000302        0x6 ./Core/Src/stm32mp1xx_it.o
                0x0000000010000302                UsageFault_Handler
 .text.SVC_Handler
                0x0000000010000308        0xe ./Core/Src/stm32mp1xx_it.o
                0x0000000010000308                SVC_Handler
 .text.DebugMon_Handler
                0x0000000010000316        0xe ./Core/Src/stm32mp1xx_it.o
                0x0000000010000316                DebugMon_Handler
 .text.PendSV_Handler
                0x0000000010000324        0xe ./Core/Src/stm32mp1xx_it.o
                0x0000000010000324                PendSV_Handler
 .text.SysTick_Handler
                0x0000000010000332        0xc ./Core/Src/stm32mp1xx_it.o
                0x0000000010000332                SysTick_Handler
 *fill*         0x000000001000033e        0x2 
 .text.TIM3_IRQHandler
                0x0000000010000340       0x14 ./Core/Src/stm32mp1xx_it.o
                0x0000000010000340                TIM3_IRQHandler
 .text.RCC_WAKEUP_IRQHandler
                0x0000000010000354        0xc ./Core/Src/stm32mp1xx_it.o
                0x0000000010000354                RCC_WAKEUP_IRQHandler
 .text.MX_TIM3_Init
                0x0000000010000360       0xa0 ./Core/Src/tim.o
                0x0000000010000360                MX_TIM3_Init
 .text.HAL_TIM_Base_MspInit
                0x0000000010000400       0x38 ./Core/Src/tim.o
                0x0000000010000400                HAL_TIM_Base_MspInit
 .text.Default_Handler
                0x0000000010000438        0x2 ./Core/Startup/startup_stm32mp157aaax.o
                0x0000000010000438                EXTI2_IRQHandler
                0x0000000010000438                TIM8_TRG_COM_IRQHandler
                0x0000000010000438                TIM8_CC_IRQHandler
                0x0000000010000438                EXTI5_IRQHandler
                0x0000000010000438                UART8_IRQHandler
                0x0000000010000438                SPI4_IRQHandler
                0x0000000010000438                EXTI13_IRQHandler
                0x0000000010000438                TIM1_CC_IRQHandler
                0x0000000010000438                DMA2_Stream5_IRQHandler
                0x0000000010000438                ETH1_WKUP_IRQHandler
                0x0000000010000438                TAMP_IRQHandler
                0x0000000010000438                DMA1_Stream5_IRQHandler
                0x0000000010000438                TIM6_IRQHandler
                0x0000000010000438                EXTI12_IRQHandler
                0x0000000010000438                EXTI3_IRQHandler
                0x0000000010000438                LPTIM4_IRQHandler
                0x0000000010000438                EXTI8_IRQHandler
                0x0000000010000438                LPTIM2_IRQHandler
                0x0000000010000438                DFSDM1_FLT1_IRQHandler
                0x0000000010000438                I2C3_ER_IRQHandler
                0x0000000010000438                DFSDM1_FLT2_IRQHandler
                0x0000000010000438                I2C5_EV_IRQHandler
                0x0000000010000438                MDMA_IRQHandler
                0x0000000010000438                IPCC_TX1_IRQHandler
                0x0000000010000438                LPTIM3_IRQHandler
                0x0000000010000438                EXTI0_IRQHandler
                0x0000000010000438                I2C2_EV_IRQHandler
                0x0000000010000438                DMA1_Stream2_IRQHandler
                0x0000000010000438                FPU_IRQHandler
                0x0000000010000438                USBH_OHCI_IRQHandler
                0x0000000010000438                FDCAN1_IT1_IRQHandler
                0x0000000010000438                LTDC_ER_IRQHandler
                0x0000000010000438                DMA2_Stream2_IRQHandler
                0x0000000010000438                IPCC_RX0_IRQHandler
                0x0000000010000438                OTG_IRQHandler
                0x0000000010000438                SPI1_IRQHandler
                0x0000000010000438                DCMI_IRQHandler
                0x0000000010000438                TIM8_UP_IRQHandler
                0x0000000010000438                DMA2_Stream3_IRQHandler
                0x0000000010000438                USBH_EHCI_IRQHandler
                0x0000000010000438                nCTIIRQ2_IRQHandler
                0x0000000010000438                HASH1_IRQHandler
                0x0000000010000438                GPU_IRQHandler
                0x0000000010000438                SAI2_IRQHandler
                0x0000000010000438                ADC1_IRQHandler
                0x0000000010000438                RESERVED148_IRQHandler
                0x0000000010000438                RTC_TIMESTAMP_IRQHandler
                0x0000000010000438                DFSDM1_FLT3_IRQHandler
                0x0000000010000438                USART6_IRQHandler
                0x0000000010000438                EXTI15_IRQHandler
                0x0000000010000438                TIM17_IRQHandler
                0x0000000010000438                USART3_IRQHandler
                0x0000000010000438                EXTI9_IRQHandler
                0x0000000010000438                LPTIM5_IRQHandler
                0x0000000010000438                UART5_IRQHandler
                0x0000000010000438                DMA2_Stream0_IRQHandler
                0x0000000010000438                TIM4_IRQHandler
                0x0000000010000438                CRYP2_IRQHandler
                0x0000000010000438                QUADSPI_IRQHandler
                0x0000000010000438                I2C1_EV_IRQHandler
                0x0000000010000438                DMA1_Stream6_IRQHandler
                0x0000000010000438                RESERVED99_IRQHandler
                0x0000000010000438                DMAMUX1_OVR_IRQHandler
                0x0000000010000438                DMA1_Stream1_IRQHandler
                0x0000000010000438                TIM16_IRQHandler
                0x0000000010000438                UART4_IRQHandler
                0x0000000010000438                RCC_IRQHandler
                0x0000000010000438                TIM1_TRG_COM_IRQHandler
                0x0000000010000438                nCTIIRQ1_IRQHandler
                0x0000000010000438                Default_Handler
                0x0000000010000438                IPCC_RX1_IRQHandler
                0x0000000010000438                CEC_IRQHandler
                0x0000000010000438                DFSDM1_FLT4_IRQHandler
                0x0000000010000438                TIM14_IRQHandler
                0x0000000010000438                I2C5_ER_IRQHandler
                0x0000000010000438                TIM13_IRQHandler
                0x0000000010000438                DMA1_Stream7_IRQHandler
                0x0000000010000438                IPCC_TX0_IRQHandler
                0x0000000010000438                SPI5_IRQHandler
                0x0000000010000438                TIM12_IRQHandler
                0x0000000010000438                TIM7_IRQHandler
                0x0000000010000438                SDMMC1_IRQHandler
                0x0000000010000438                TIM5_IRQHandler
                0x0000000010000438                DMA2_Stream7_IRQHandler
                0x0000000010000438                TIM15_IRQHandler
                0x0000000010000438                PVD_AVD_IRQHandler
                0x0000000010000438                I2C3_EV_IRQHandler
                0x0000000010000438                SDMMC3_IRQHandler
                0x0000000010000438                ETH1_IRQHandler
                0x0000000010000438                LTDC_IRQHandler
                0x0000000010000438                SAI3_IRQHandler
                0x0000000010000438                SPDIF_RX_IRQHandler
                0x0000000010000438                ADC2_IRQHandler
                0x0000000010000438                SPI2_IRQHandler
                0x0000000010000438                DFSDM1_FLT5_IRQHandler
                0x0000000010000438                DMA1_Stream0_IRQHandler
                0x0000000010000438                EXTI14_IRQHandler
                0x0000000010000438                EXTI11_IRQHandler
                0x0000000010000438                CRYP1_IRQHandler
                0x0000000010000438                RNG2_IRQHandler
                0x0000000010000438                RNG1_IRQHandler
                0x0000000010000438                HASH2_IRQHandler
                0x0000000010000438                EXTI4_IRQHandler
                0x0000000010000438                ETH1_LPI_IRQHandler
                0x0000000010000438                FDCAN2_IT1_IRQHandler
                0x0000000010000438                DSI_IRQHandler
                0x0000000010000438                TIM1_UP_IRQHandler
                0x0000000010000438                HSEM_IT2_IRQHandler
                0x0000000010000438                SPI6_IRQHandler
                0x0000000010000438                MDIOS_IRQHandler
                0x0000000010000438                I2C4_EV_IRQHandler
                0x0000000010000438                FDCAN2_IT0_IRQHandler
                0x0000000010000438                I2C6_ER_IRQHandler
                0x0000000010000438                FDCAN1_IT0_IRQHandler
                0x0000000010000438                TIM2_IRQHandler
                0x0000000010000438                EXTI7_IRQHandler
                0x0000000010000438                TIM1_BRK_IRQHandler
                0x0000000010000438                DAC_IRQHandler
                0x0000000010000438                EXTI1_IRQHandler
                0x0000000010000438                SDMMC2_IRQHandler
                0x0000000010000438                DTS_IRQHandler
                0x0000000010000438                UART7_IRQHandler
                0x0000000010000438                USART2_IRQHandler
                0x0000000010000438                I2C6_EV_IRQHandler
                0x0000000010000438                DFSDM1_FLT0_IRQHandler
                0x0000000010000438                SAI4_IRQHandler
                0x0000000010000438                I2C2_ER_IRQHandler
                0x0000000010000438                DMA2_Stream1_IRQHandler
                0x0000000010000438                TIM8_BRK_IRQHandler
                0x0000000010000438                WWDG1_IRQHandler
                0x0000000010000438                DMA2_Stream4_IRQHandler
                0x0000000010000438                USART1_IRQHandler
                0x0000000010000438                RESERVED143_IRQHandler
                0x0000000010000438                EXTI10_IRQHandler
                0x0000000010000438                SPI3_IRQHandler
                0x0000000010000438                WAKEUP_PIN_IRQHandler
                0x0000000010000438                DMA1_Stream4_IRQHandler
                0x0000000010000438                I2C1_ER_IRQHandler
                0x0000000010000438                FMC_IRQHandler
                0x0000000010000438                FDCAN_CAL_IRQHandler
                0x0000000010000438                EXTI6_IRQHandler
                0x0000000010000438                MPU_SEV_IRQHandler
                0x0000000010000438                LPTIM1_IRQHandler
                0x0000000010000438                RTC_WKUP_ALARM_IRQHandler
                0x0000000010000438                I2C4_ER_IRQHandler
                0x0000000010000438                DMA2_Stream6_IRQHandler
                0x0000000010000438                SAI1_IRQHandler
                0x0000000010000438                DMA1_Stream3_IRQHandler
                0x0000000010000438                RESERVED4_IRQHandler
 *fill*         0x000000001000043a        0x2 
 .text.HAL_Init
                0x000000001000043c       0x34 ./Drivers/STM32MP1xx_HAL_Driver/stm32mp1xx_hal.o
                0x000000001000043c                HAL_Init
 .text.HAL_InitTick
                0x0000000010000470       0x6c ./Drivers/STM32MP1xx_HAL_Driver/stm32mp1xx_hal.o
                0x0000000010000470                HAL_InitTick
 .text.HAL_IncTick
                0x00000000100004dc       0x28 ./Drivers/STM32MP1xx_HAL_Driver/stm32mp1xx_hal.o
                0x00000000100004dc                HAL_IncTick
 .text.HAL_GetTick
                0x0000000010000504       0x18 ./Drivers/STM32MP1xx_HAL_Driver/stm32mp1xx_hal.o
                0x0000000010000504                HAL_GetTick
 .text.__NVIC_SetPriorityGrouping
                0x000000001000051c       0x48 ./Drivers/STM32MP1xx_HAL_Driver/stm32mp1xx_hal_cortex.o
 .text.__NVIC_GetPriorityGrouping
                0x0000000010000564       0x1c ./Drivers/STM32MP1xx_HAL_Driver/stm32mp1xx_hal_cortex.o
 .text.__NVIC_EnableIRQ
                0x0000000010000580       0x3c ./Drivers/STM32MP1xx_HAL_Driver/stm32mp1xx_hal_cortex.o
 .text.__NVIC_SetPriority
                0x00000000100005bc       0x54 ./Drivers/STM32MP1xx_HAL_Driver/stm32mp1xx_hal_cortex.o
 .text.NVIC_EncodePriority
                0x0000000010000610       0x66 ./Drivers/STM32MP1xx_HAL_Driver/stm32mp1xx_hal_cortex.o
 *fill*         0x0000000010000676        0x2 
 .text.SysTick_Config
                0x0000000010000678       0x44 ./Drivers/STM32MP1xx_HAL_Driver/stm32mp1xx_hal_cortex.o
 .text.HAL_NVIC_SetPriorityGrouping
                0x00000000100006bc       0x16 ./Drivers/STM32MP1xx_HAL_Driver/stm32mp1xx_hal_cortex.o
                0x00000000100006bc                HAL_NVIC_SetPriorityGrouping
 .text.HAL_NVIC_SetPriority
                0x00000000100006d2       0x38 ./Drivers/STM32MP1xx_HAL_Driver/stm32mp1xx_hal_cortex.o
                0x00000000100006d2                HAL_NVIC_SetPriority
 .text.HAL_NVIC_EnableIRQ
                0x000000001000070a       0x1c ./Drivers/STM32MP1xx_HAL_Driver/stm32mp1xx_hal_cortex.o
                0x000000001000070a                HAL_NVIC_EnableIRQ
 .text.HAL_SYSTICK_Config
                0x0000000010000726       0x18 ./Drivers/STM32MP1xx_HAL_Driver/stm32mp1xx_hal_cortex.o
                0x0000000010000726                HAL_SYSTICK_Config
 *fill*         0x000000001000073e        0x2 
 .text.HAL_GPIO_Init
                0x0000000010000740      0x354 ./Drivers/STM32MP1xx_HAL_Driver/stm32mp1xx_hal_gpio.o
                0x0000000010000740                HAL_GPIO_Init
 .text.HAL_GPIO_WritePin
                0x0000000010000a94       0x32 ./Drivers/STM32MP1xx_HAL_Driver/stm32mp1xx_hal_gpio.o
                0x0000000010000a94                HAL_GPIO_WritePin
 .text.HAL_GPIO_TogglePin
                0x0000000010000ac6       0x32 ./Drivers/STM32MP1xx_HAL_Driver/stm32mp1xx_hal_gpio.o
                0x0000000010000ac6                HAL_GPIO_TogglePin
 .text.HAL_RCC_OscConfig
                0x0000000010000af8      0x664 ./Drivers/STM32MP1xx_HAL_Driver/stm32mp1xx_hal_rcc.o
                0x0000000010000af8                HAL_RCC_OscConfig
 .text.HAL_RCC_HSEConfig
                0x000000001000115c       0xd6 ./Drivers/STM32MP1xx_HAL_Driver/stm32mp1xx_hal_rcc.o
                0x000000001000115c                HAL_RCC_HSEConfig
 .text.HAL_RCC_LSEConfig
                0x0000000010001232       0xfa ./Drivers/STM32MP1xx_HAL_Driver/stm32mp1xx_hal_rcc.o
                0x0000000010001232                HAL_RCC_LSEConfig
 .text.RCC_PLL1_Config
                0x000000001000132c      0x308 ./Drivers/STM32MP1xx_HAL_Driver/stm32mp1xx_hal_rcc.o
                0x000000001000132c                RCC_PLL1_Config
 .text.HAL_RCC_ClockConfig
                0x0000000010001634      0x224 ./Drivers/STM32MP1xx_HAL_Driver/stm32mp1xx_hal_rcc.o
                0x0000000010001634                HAL_RCC_ClockConfig
 .text.RCC_MPUConfig
                0x0000000010001858       0xec ./Drivers/STM32MP1xx_HAL_Driver/stm32mp1xx_hal_rcc.o
                0x0000000010001858                RCC_MPUConfig
 .text.RCC_AXISSConfig
                0x0000000010001944      0x12e ./Drivers/STM32MP1xx_HAL_Driver/stm32mp1xx_hal_rcc.o
                0x0000000010001944                RCC_AXISSConfig
 *fill*         0x0000000010001a72        0x2 
 .text.RCC_MCUConfig
                0x0000000010001a74      0x150 ./Drivers/STM32MP1xx_HAL_Driver/stm32mp1xx_hal_rcc.o
                0x0000000010001a74                RCC_MCUConfig
 .text.HAL_RCC_GetPLL3ClockFreq
                0x0000000010001bc4      0x1f4 ./Drivers/STM32MP1xx_HAL_Driver/stm32mp1xx_hal_rcc.o
                0x0000000010001bc4                HAL_RCC_GetPLL3ClockFreq
 .text.HAL_RCC_GetMCUFreq
                0x0000000010001db8       0x36 ./Drivers/STM32MP1xx_HAL_Driver/stm32mp1xx_hal_rcc.o
                0x0000000010001db8                HAL_RCC_GetMCUFreq
 .text.HAL_RCC_GetSystemCoreClockFreq
                0x0000000010001dee        0xe ./Drivers/STM32MP1xx_HAL_Driver/stm32mp1xx_hal_rcc.o
                0x0000000010001dee                HAL_RCC_GetSystemCoreClockFreq
 .text.HAL_RCC_GetMCUSSFreq
                0x0000000010001dfc       0x74 ./Drivers/STM32MP1xx_HAL_Driver/stm32mp1xx_hal_rcc.o
                0x0000000010001dfc                HAL_RCC_GetMCUSSFreq
 .text.HAL_RCC_WAKEUP_IRQHandler
                0x0000000010001e70       0x2a ./Drivers/STM32MP1xx_HAL_Driver/stm32mp1xx_hal_rcc.o
                0x0000000010001e70                HAL_RCC_WAKEUP_IRQHandler
 .text.HAL_RCC_WAKEUP_Callback
                0x0000000010001e9a        0xe ./Drivers/STM32MP1xx_HAL_Driver/stm32mp1xx_hal_rcc.o
                0x0000000010001e9a                HAL_RCC_WAKEUP_Callback
 .text.RCCEx_PLL2_Config
                0x0000000010001ea8      0x304 ./Drivers/STM32MP1xx_HAL_Driver/stm32mp1xx_hal_rcc_ex.o
                0x0000000010001ea8                RCCEx_PLL2_Config
 .text.RCCEx_PLL3_Config
                0x00000000100021ac      0x2d4 ./Drivers/STM32MP1xx_HAL_Driver/stm32mp1xx_hal_rcc_ex.o
                0x00000000100021ac                RCCEx_PLL3_Config
 .text.RCCEx_PLL4_Config
                0x0000000010002480      0x2b0 ./Drivers/STM32MP1xx_HAL_Driver/stm32mp1xx_hal_rcc_ex.o
                0x0000000010002480                RCCEx_PLL4_Config
 .text.HAL_TIM_Base_Init
                0x0000000010002730       0x56 ./Drivers/STM32MP1xx_HAL_Driver/stm32mp1xx_hal_tim.o
                0x0000000010002730                HAL_TIM_Base_Init
 .text.HAL_TIM_IRQHandler
                0x0000000010002786      0x23e ./Drivers/STM32MP1xx_HAL_Driver/stm32mp1xx_hal_tim.o
                0x0000000010002786                HAL_TIM_IRQHandler
 .text.HAL_TIM_ConfigClockSource
                0x00000000100029c4      0x18c ./Drivers/STM32MP1xx_HAL_Driver/stm32mp1xx_hal_tim.o
                0x00000000100029c4                HAL_TIM_ConfigClockSource
 .text.HAL_TIM_OC_DelayElapsedCallback
                0x0000000010002b50       0x14 ./Drivers/STM32MP1xx_HAL_Driver/stm32mp1xx_hal_tim.o
                0x0000000010002b50                HAL_TIM_OC_DelayElapsedCallback
 .text.HAL_TIM_IC_CaptureCallback
                0x0000000010002b64       0x14 ./Drivers/STM32MP1xx_HAL_Driver/stm32mp1xx_hal_tim.o
                0x0000000010002b64                HAL_TIM_IC_CaptureCallback
 .text.HAL_TIM_PWM_PulseFinishedCallback
                0x0000000010002b78       0x14 ./Drivers/STM32MP1xx_HAL_Driver/stm32mp1xx_hal_tim.o
                0x0000000010002b78                HAL_TIM_PWM_PulseFinishedCallback
 .text.HAL_TIM_TriggerCallback
                0x0000000010002b8c       0x14 ./Drivers/STM32MP1xx_HAL_Driver/stm32mp1xx_hal_tim.o
                0x0000000010002b8c                HAL_TIM_TriggerCallback
 .text.TIM_Base_SetConfig
                0x0000000010002ba0      0x130 ./Drivers/STM32MP1xx_HAL_Driver/stm32mp1xx_hal_tim.o
                0x0000000010002ba0                TIM_Base_SetConfig
 .text.TIM_TI1_ConfigInputStage
                0x0000000010002cd0       0x5e ./Drivers/STM32MP1xx_HAL_Driver/stm32mp1xx_hal_tim.o
 .text.TIM_TI2_ConfigInputStage
                0x0000000010002d2e       0x60 ./Drivers/STM32MP1xx_HAL_Driver/stm32mp1xx_hal_tim.o
 .text.TIM_ITRx_SetConfig
                0x0000000010002d8e       0x3a ./Drivers/STM32MP1xx_HAL_Driver/stm32mp1xx_hal_tim.o
 .text.TIM_ETR_SetConfig
                0x0000000010002dc8       0x40 ./Drivers/STM32MP1xx_HAL_Driver/stm32mp1xx_hal_tim.o
                0x0000000010002dc8                TIM_ETR_SetConfig
 .text.HAL_TIMEx_MasterConfigSynchronization
                0x0000000010002e08       0xb4 ./Drivers/STM32MP1xx_HAL_Driver/stm32mp1xx_hal_tim_ex.o
                0x0000000010002e08                HAL_TIMEx_MasterConfigSynchronization
 .text.HAL_TIMEx_CommutCallback
                0x0000000010002ebc       0x14 ./Drivers/STM32MP1xx_HAL_Driver/stm32mp1xx_hal_tim_ex.o
                0x0000000010002ebc                HAL_TIMEx_CommutCallback
 .text.HAL_TIMEx_BreakCallback
                0x0000000010002ed0       0x14 ./Drivers/STM32MP1xx_HAL_Driver/stm32mp1xx_hal_tim_ex.o
                0x0000000010002ed0                HAL_TIMEx_BreakCallback
 .text.HAL_TIMEx_Break2Callback
                0x0000000010002ee4       0x14 ./Drivers/STM32MP1xx_HAL_Driver/stm32mp1xx_hal_tim_ex.o
                0x0000000010002ee4                HAL_TIMEx_Break2Callback
 .text.memset   0x0000000010002ef8       0x10 D:/TechnicalSoftWare/ST/STM32CubeIDE_1.14.0/STM32CubeIDE/plugins/com.st.stm32cube.ide.mcu.externaltools.gnu-tools-for-stm32.11.3.rel1.win32_1.1.100.202309141235/tools/bin/../lib/gcc/arm-none-eabi/11.3.1/../../../../arm-none-eabi/lib/thumb/v7e-m+fp/hard\libc_nano.a(libc_a-memset.o)
                0x0000000010002ef8                memset
 .text.__libc_init_array
                0x0000000010002f08       0x48 D:/TechnicalSoftWare/ST/STM32CubeIDE_1.14.0/STM32CubeIDE/plugins/com.st.stm32cube.ide.mcu.externaltools.gnu-tools-for-stm32.11.3.rel1.win32_1.1.100.202309141235/tools/bin/../lib/gcc/arm-none-eabi/11.3.1/../../../../arm-none-eabi/lib/thumb/v7e-m+fp/hard\libc_nano.a(libc_a-init.o)
                0x0000000010002f08                __libc_init_array
 *(.glue_7)
 .glue_7        0x0000000010002f50        0x0 linker stubs
 *(.glue_7t)
 .glue_7t       0x0000000010002f50        0x0 linker stubs
 *(.eh_frame)
 .eh_frame      0x0000000010002f50        0x0 D:/TechnicalSoftWare/ST/STM32CubeIDE_1.14.0/STM32CubeIDE/plugins/com.st.stm32cube.ide.mcu.externaltools.gnu-tools-for-stm32.11.3.rel1.win32_1.1.100.202309141235/tools/bin/../lib/gcc/arm-none-eabi/11.3.1/thumb/v7e-m+fp/hard/crtbegin.o
 *(.init)
 .init          0x0000000010002f50        0x4 D:/TechnicalSoftWare/ST/STM32CubeIDE_1.14.0/STM32CubeIDE/plugins/com.st.stm32cube.ide.mcu.externaltools.gnu-tools-for-stm32.11.3.rel1.win32_1.1.100.202309141235/tools/bin/../lib/gcc/arm-none-eabi/11.3.1/thumb/v7e-m+fp/hard/crti.o
                0x0000000010002f50                _init
 .init          0x0000000010002f54        0x8 D:/TechnicalSoftWare/ST/STM32CubeIDE_1.14.0/STM32CubeIDE/plugins/com.st.stm32cube.ide.mcu.externaltools.gnu-tools-for-stm32.11.3.rel1.win32_1.1.100.202309141235/tools/bin/../lib/gcc/arm-none-eabi/11.3.1/thumb/v7e-m+fp/hard/crtn.o
 *(.fini)
 .fini          0x0000000010002f5c        0x4 D:/TechnicalSoftWare/ST/STM32CubeIDE_1.14.0/STM32CubeIDE/plugins/com.st.stm32cube.ide.mcu.externaltools.gnu-tools-for-stm32.11.3.rel1.win32_1.1.100.202309141235/tools/bin/../lib/gcc/arm-none-eabi/11.3.1/thumb/v7e-m+fp/hard/crti.o
                0x0000000010002f5c                _fini
 .fini          0x0000000010002f60        0x8 D:/TechnicalSoftWare/ST/STM32CubeIDE_1.14.0/STM32CubeIDE/plugins/com.st.stm32cube.ide.mcu.externaltools.gnu-tools-for-stm32.11.3.rel1.win32_1.1.100.202309141235/tools/bin/../lib/gcc/arm-none-eabi/11.3.1/thumb/v7e-m+fp/hard/crtn.o
                0x0000000010002f68                . = ALIGN (0x4)
                0x0000000010002f68                _etext = .

.vfp11_veneer   0x0000000010002f68        0x0
 .vfp11_veneer  0x0000000010002f68        0x0 linker stubs

.v4_bx          0x0000000010002f68        0x0
 .v4_bx         0x0000000010002f68        0x0 linker stubs

.iplt           0x0000000010002f68        0x0
 .iplt          0x0000000010002f68        0x0 D:/TechnicalSoftWare/ST/STM32CubeIDE_1.14.0/STM32CubeIDE/plugins/com.st.stm32cube.ide.mcu.externaltools.gnu-tools-for-stm32.11.3.rel1.win32_1.1.100.202309141235/tools/bin/../lib/gcc/arm-none-eabi/11.3.1/thumb/v7e-m+fp/hard/crtbegin.o

.startup_copro_fw.Reset_Handler
                0x0000000010002f68       0x50
 .startup_copro_fw.Reset_Handler
                0x0000000010002f68       0x50 ./Core/Startup/startup_stm32mp157aaax.o
                0x0000000010002f68                Reset_Handler

.rel.dyn        0x0000000010002fb8        0x0
 .rel.iplt      0x0000000010002fb8        0x0 D:/TechnicalSoftWare/ST/STM32CubeIDE_1.14.0/STM32CubeIDE/plugins/com.st.stm32cube.ide.mcu.externaltools.gnu-tools-for-stm32.11.3.rel1.win32_1.1.100.202309141235/tools/bin/../lib/gcc/arm-none-eabi/11.3.1/thumb/v7e-m+fp/hard/crtbegin.o

.rodata         0x0000000010002fb8        0x0
                0x0000000010002fb8                . = ALIGN (0x4)
 *(.rodata)
 *(.rodata*)
                0x0000000010002fb8                . = ALIGN (0x4)

.ARM.extab      0x0000000010002fb8        0x0
                0x0000000010002fb8                . = ALIGN (0x4)
 *(.ARM.extab* .gnu.linkonce.armextab.*)
                0x0000000010002fb8                . = ALIGN (0x4)

.ARM            0x0000000010002fb8        0x0
                0x0000000010002fb8                . = ALIGN (0x4)
                0x0000000010002fb8                __exidx_start = .
 *(.ARM.exidx*)
                0x0000000010002fb8                __exidx_end = .
                0x0000000010002fb8                . = ALIGN (0x4)

.preinit_array  0x0000000010002fb8        0x0
                0x0000000010002fb8                . = ALIGN (0x4)
                0x0000000010002fb8                PROVIDE (__preinit_array_start = .)
 *(.preinit_array*)
                0x0000000010002fb8                PROVIDE (__preinit_array_end = .)
                0x0000000010002fb8                . = ALIGN (0x4)

.init_array     0x0000000010002fb8        0x4
                0x0000000010002fb8                . = ALIGN (0x4)
                0x0000000010002fb8                PROVIDE (__init_array_start = .)
 *(SORT_BY_NAME(.init_array.*))
 *(.init_array*)
 .init_array    0x0000000010002fb8        0x4 D:/TechnicalSoftWare/ST/STM32CubeIDE_1.14.0/STM32CubeIDE/plugins/com.st.stm32cube.ide.mcu.externaltools.gnu-tools-for-stm32.11.3.rel1.win32_1.1.100.202309141235/tools/bin/../lib/gcc/arm-none-eabi/11.3.1/thumb/v7e-m+fp/hard/crtbegin.o
                0x0000000010002fbc                PROVIDE (__init_array_end = .)
                0x0000000010002fbc                . = ALIGN (0x4)

.fini_array     0x0000000010002fbc        0x4
                0x0000000010002fbc                . = ALIGN (0x4)
                [!provide]                        PROVIDE (__fini_array_start = .)
 *(SORT_BY_NAME(.fini_array.*))
 *(.fini_array*)
 .fini_array    0x0000000010002fbc        0x4 D:/TechnicalSoftWare/ST/STM32CubeIDE_1.14.0/STM32CubeIDE/plugins/com.st.stm32cube.ide.mcu.externaltools.gnu-tools-for-stm32.11.3.rel1.win32_1.1.100.202309141235/tools/bin/../lib/gcc/arm-none-eabi/11.3.1/thumb/v7e-m+fp/hard/crtbegin.o
                [!provide]                        PROVIDE (__fini_array_end = .)
                0x0000000010002fc0                . = ALIGN (0x4)
                0x0000000010002fc0                __DATA_ROM = .
                0x0000000010002fc0                _sidata = LOADADDR (.data)

.data           0x0000000010020000        0xc load address 0x0000000010002fc0
                0x0000000010020000                . = ALIGN (0x4)
                0x0000000010020000                _sdata = .
 *(.data)
 *(.data*)
 .data.SystemCoreClock
                0x0000000010020000        0x4 ./Common/System/system_stm32mp1xx.o
                0x0000000010020000                SystemCoreClock
 .data.uwTickPrio
                0x0000000010020004        0x4 ./Drivers/STM32MP1xx_HAL_Driver/stm32mp1xx_hal.o
                0x0000000010020004                uwTickPrio
 .data.uwTickFreq
                0x0000000010020008        0x1 ./Drivers/STM32MP1xx_HAL_Driver/stm32mp1xx_hal.o
                0x0000000010020008                uwTickFreq
                0x000000001002000c                . = ALIGN (0x4)
 *fill*         0x0000000010020009        0x3 
                0x000000001002000c                _edata = .
                0x0000000010002fcc                __DATA_END = (__DATA_ROM + (_edata - _sdata))
                0x0000000010020000                text_end = (ORIGIN (SRAM1_text) + LENGTH (SRAM1_text))
                0x0000000000000001                ASSERT ((__DATA_END <= text_end), region SRAM1_text overflowed with text and data)

.igot.plt       0x000000001002000c        0x0 load address 0x0000000010002fcc
 .igot.plt      0x000000001002000c        0x0 D:/TechnicalSoftWare/ST/STM32CubeIDE_1.14.0/STM32CubeIDE/plugins/com.st.stm32cube.ide.mcu.externaltools.gnu-tools-for-stm32.11.3.rel1.win32_1.1.100.202309141235/tools/bin/../lib/gcc/arm-none-eabi/11.3.1/thumb/v7e-m+fp/hard/crtbegin.o

.resource_table
                0x000000001002000c        0x0
                0x000000001002000c                . = ALIGN (0x4)
 *(.resource_table*)
                0x000000001002000c                . = ALIGN (0x4)
                0x000000001002000c                . = ALIGN (0x4)

.bss            0x000000001002000c       0x60 load address 0x0000000010002fcc
                0x000000001002000c                _sbss = .
                0x000000001002000c                __bss_start__ = _sbss
 *(.bss)
 .bss           0x000000001002000c       0x1c D:/TechnicalSoftWare/ST/STM32CubeIDE_1.14.0/STM32CubeIDE/plugins/com.st.stm32cube.ide.mcu.externaltools.gnu-tools-for-stm32.11.3.rel1.win32_1.1.100.202309141235/tools/bin/../lib/gcc/arm-none-eabi/11.3.1/thumb/v7e-m+fp/hard/crtbegin.o
 *(.bss*)
 .bss.htim3     0x0000000010020028       0x40 ./Core/Src/tim.o
                0x0000000010020028                htim3
 .bss.uwTick    0x0000000010020068        0x4 ./Drivers/STM32MP1xx_HAL_Driver/stm32mp1xx_hal.o
                0x0000000010020068                uwTick
 *(COMMON)
                0x000000001002006c                . = ALIGN (0x4)
                0x000000001002006c                _ebss = .
                0x000000001002006c                __bss_end__ = _ebss

._user_heap_stack
                0x000000001002006c      0x604 load address 0x000000001000302c
                0x0000000010020070                . = ALIGN (0x8)
 *fill*         0x000000001002006c        0x4 
                [!provide]                        PROVIDE (end = .)
                0x0000000010020070                PROVIDE (_end = .)
                0x0000000010020270                . = (. + _Min_Heap_Size)
 *fill*         0x0000000010020070      0x200 
                0x0000000010020670                . = (. + _Min_Stack_Size)
 *fill*         0x0000000010020270      0x400 
                0x0000000010020670                . = ALIGN (0x8)

/DISCARD/
 libc.a(*)
 libm.a(*)
 libgcc.a(*)

.ARM.attributes
                0x0000000000000000       0x30
 *(.ARM.attributes)
 .ARM.attributes
                0x0000000000000000       0x1e D:/TechnicalSoftWare/ST/STM32CubeIDE_1.14.0/STM32CubeIDE/plugins/com.st.stm32cube.ide.mcu.externaltools.gnu-tools-for-stm32.11.3.rel1.win32_1.1.100.202309141235/tools/bin/../lib/gcc/arm-none-eabi/11.3.1/thumb/v7e-m+fp/hard/crti.o
 .ARM.attributes
                0x000000000000001e       0x34 D:/TechnicalSoftWare/ST/STM32CubeIDE_1.14.0/STM32CubeIDE/plugins/com.st.stm32cube.ide.mcu.externaltools.gnu-tools-for-stm32.11.3.rel1.win32_1.1.100.202309141235/tools/bin/../lib/gcc/arm-none-eabi/11.3.1/thumb/v7e-m+fp/hard/crtbegin.o
 .ARM.attributes
                0x0000000000000052       0x34 ./Common/System/system_stm32mp1xx.o
 .ARM.attributes
                0x0000000000000086       0x34 ./Core/Src/gpio.o
 .ARM.attributes
                0x00000000000000ba       0x34 ./Core/Src/main.o
 .ARM.attributes
                0x00000000000000ee       0x34 ./Core/Src/stm32mp1xx_hal_msp.o
 .ARM.attributes
                0x0000000000000122       0x34 ./Core/Src/stm32mp1xx_it.o
 .ARM.attributes
                0x0000000000000156       0x34 ./Core/Src/tim.o
 .ARM.attributes
                0x000000000000018a       0x21 ./Core/Startup/startup_stm32mp157aaax.o
 .ARM.attributes
                0x00000000000001ab       0x34 ./Drivers/STM32MP1xx_HAL_Driver/stm32mp1xx_hal.o
 .ARM.attributes
                0x00000000000001df       0x34 ./Drivers/STM32MP1xx_HAL_Driver/stm32mp1xx_hal_cortex.o
 .ARM.attributes
                0x0000000000000213       0x34 ./Drivers/STM32MP1xx_HAL_Driver/stm32mp1xx_hal_gpio.o
 .ARM.attributes
                0x0000000000000247       0x34 ./Drivers/STM32MP1xx_HAL_Driver/stm32mp1xx_hal_rcc.o
 .ARM.attributes
                0x000000000000027b       0x34 ./Drivers/STM32MP1xx_HAL_Driver/stm32mp1xx_hal_rcc_ex.o
 .ARM.attributes
                0x00000000000002af       0x34 ./Drivers/STM32MP1xx_HAL_Driver/stm32mp1xx_hal_tim.o
 .ARM.attributes
                0x00000000000002e3       0x34 ./Drivers/STM32MP1xx_HAL_Driver/stm32mp1xx_hal_tim_ex.o
 .ARM.attributes
                0x0000000000000317       0x34 D:/TechnicalSoftWare/ST/STM32CubeIDE_1.14.0/STM32CubeIDE/plugins/com.st.stm32cube.ide.mcu.externaltools.gnu-tools-for-stm32.11.3.rel1.win32_1.1.100.202309141235/tools/bin/../lib/gcc/arm-none-eabi/11.3.1/../../../../arm-none-eabi/lib/thumb/v7e-m+fp/hard\libc_nano.a(libc_a-memset.o)
 .ARM.attributes
                0x000000000000034b       0x34 D:/TechnicalSoftWare/ST/STM32CubeIDE_1.14.0/STM32CubeIDE/plugins/com.st.stm32cube.ide.mcu.externaltools.gnu-tools-for-stm32.11.3.rel1.win32_1.1.100.202309141235/tools/bin/../lib/gcc/arm-none-eabi/11.3.1/../../../../arm-none-eabi/lib/thumb/v7e-m+fp/hard\libc_nano.a(libc_a-init.o)
 .ARM.attributes
                0x000000000000037f       0x1e D:/TechnicalSoftWare/ST/STM32CubeIDE_1.14.0/STM32CubeIDE/plugins/com.st.stm32cube.ide.mcu.externaltools.gnu-tools-for-stm32.11.3.rel1.win32_1.1.100.202309141235/tools/bin/../lib/gcc/arm-none-eabi/11.3.1/thumb/v7e-m+fp/hard/crtn.o
OUTPUT(DTN_TIM3_CM4.elf elf32-littlearm)
LOAD linker stubs
LOAD D:/TechnicalSoftWare/ST/STM32CubeIDE_1.14.0/STM32CubeIDE/plugins/com.st.stm32cube.ide.mcu.externaltools.gnu-tools-for-stm32.11.3.rel1.win32_1.1.100.202309141235/tools/bin/../lib/gcc/arm-none-eabi/11.3.1/../../../../arm-none-eabi/lib/thumb/v7e-m+fp/hard\libc.a
LOAD D:/TechnicalSoftWare/ST/STM32CubeIDE_1.14.0/STM32CubeIDE/plugins/com.st.stm32cube.ide.mcu.externaltools.gnu-tools-for-stm32.11.3.rel1.win32_1.1.100.202309141235/tools/bin/../lib/gcc/arm-none-eabi/11.3.1/../../../../arm-none-eabi/lib/thumb/v7e-m+fp/hard\libm.a
LOAD D:/TechnicalSoftWare/ST/STM32CubeIDE_1.14.0/STM32CubeIDE/plugins/com.st.stm32cube.ide.mcu.externaltools.gnu-tools-for-stm32.11.3.rel1.win32_1.1.100.202309141235/tools/bin/../lib/gcc/arm-none-eabi/11.3.1/thumb/v7e-m+fp/hard\libgcc.a

.comment        0x0000000000000000       0x43
 .comment       0x0000000000000000       0x43 D:/TechnicalSoftWare/ST/STM32CubeIDE_1.14.0/STM32CubeIDE/plugins/com.st.stm32cube.ide.mcu.externaltools.gnu-tools-for-stm32.11.3.rel1.win32_1.1.100.202309141235/tools/bin/../lib/gcc/arm-none-eabi/11.3.1/thumb/v7e-m+fp/hard/crtbegin.o
                                         0x44 (size before relaxing)
 .comment       0x0000000000000043       0x44 ./Common/System/system_stm32mp1xx.o
 .comment       0x0000000000000043       0x44 ./Core/Src/gpio.o
 .comment       0x0000000000000043       0x44 ./Core/Src/main.o
 .comment       0x0000000000000043       0x44 ./Core/Src/stm32mp1xx_hal_msp.o
 .comment       0x0000000000000043       0x44 ./Core/Src/stm32mp1xx_it.o
 .comment       0x0000000000000043       0x44 ./Core/Src/tim.o
 .comment       0x0000000000000043       0x44 ./Drivers/STM32MP1xx_HAL_Driver/stm32mp1xx_hal.o
 .comment       0x0000000000000043       0x44 ./Drivers/STM32MP1xx_HAL_Driver/stm32mp1xx_hal_cortex.o
 .comment       0x0000000000000043       0x44 ./Drivers/STM32MP1xx_HAL_Driver/stm32mp1xx_hal_gpio.o
 .comment       0x0000000000000043       0x44 ./Drivers/STM32MP1xx_HAL_Driver/stm32mp1xx_hal_rcc.o
 .comment       0x0000000000000043       0x44 ./Drivers/STM32MP1xx_HAL_Driver/stm32mp1xx_hal_rcc_ex.o
 .comment       0x0000000000000043       0x44 ./Drivers/STM32MP1xx_HAL_Driver/stm32mp1xx_hal_tim.o
 .comment       0x0000000000000043       0x44 ./Drivers/STM32MP1xx_HAL_Driver/stm32mp1xx_hal_tim_ex.o

.debug_info     0x0000000000000000     0xfc2c
 .debug_info    0x0000000000000000     0x114b ./Common/System/system_stm32mp1xx.o
 .debug_info    0x000000000000114b     0x1089 ./Core/Src/gpio.o
 .debug_info    0x00000000000021d4      0xe9b ./Core/Src/main.o
 .debug_info    0x000000000000306f     0x122f ./Core/Src/stm32mp1xx_hal_msp.o
 .debug_info    0x000000000000429e      0x88c ./Core/Src/stm32mp1xx_it.o
 .debug_info    0x0000000000004b2a     0x1bfb ./Core/Src/tim.o
 .debug_info    0x0000000000006725       0x23 ./Core/Startup/startup_stm32mp157aaax.o
 .debug_info    0x0000000000006748      0xdcc ./Drivers/STM32MP1xx_HAL_Driver/stm32mp1xx_hal.o
 .debug_info    0x0000000000007514      0xe5e ./Drivers/STM32MP1xx_HAL_Driver/stm32mp1xx_hal_cortex.o
 .debug_info    0x0000000000008372      0x944 ./Drivers/STM32MP1xx_HAL_Driver/stm32mp1xx_hal_gpio.o
 .debug_info    0x0000000000008cb6     0x1b5e ./Drivers/STM32MP1xx_HAL_Driver/stm32mp1xx_hal_rcc.o
 .debug_info    0x000000000000a814     0x1698 ./Drivers/STM32MP1xx_HAL_Driver/stm32mp1xx_hal_rcc_ex.o
 .debug_info    0x000000000000beac     0x274b ./Drivers/STM32MP1xx_HAL_Driver/stm32mp1xx_hal_tim.o
 .debug_info    0x000000000000e5f7     0x1635 ./Drivers/STM32MP1xx_HAL_Driver/stm32mp1xx_hal_tim_ex.o

.debug_abbrev   0x0000000000000000     0x1bbc
 .debug_abbrev  0x0000000000000000      0x128 ./Common/System/system_stm32mp1xx.o
 .debug_abbrev  0x0000000000000128      0x14f ./Core/Src/gpio.o
 .debug_abbrev  0x0000000000000277      0x265 ./Core/Src/main.o
 .debug_abbrev  0x00000000000004dc       0xf6 ./Core/Src/stm32mp1xx_hal_msp.o
 .debug_abbrev  0x00000000000005d2      0x1b3 ./Core/Src/stm32mp1xx_it.o
 .debug_abbrev  0x0000000000000785      0x21e ./Core/Src/tim.o
 .debug_abbrev  0x00000000000009a3       0x12 ./Core/Startup/startup_stm32mp157aaax.o
 .debug_abbrev  0x00000000000009b5      0x29d ./Drivers/STM32MP1xx_HAL_Driver/stm32mp1xx_hal.o
 .debug_abbrev  0x0000000000000c52      0x339 ./Drivers/STM32MP1xx_HAL_Driver/stm32mp1xx_hal_cortex.o
 .debug_abbrev  0x0000000000000f8b      0x1ee ./Drivers/STM32MP1xx_HAL_Driver/stm32mp1xx_hal_gpio.o
 .debug_abbrev  0x0000000000001179      0x2b6 ./Drivers/STM32MP1xx_HAL_Driver/stm32mp1xx_hal_rcc.o
 .debug_abbrev  0x000000000000142f      0x264 ./Drivers/STM32MP1xx_HAL_Driver/stm32mp1xx_hal_rcc_ex.o
 .debug_abbrev  0x0000000000001693      0x292 ./Drivers/STM32MP1xx_HAL_Driver/stm32mp1xx_hal_tim.o
 .debug_abbrev  0x0000000000001925      0x297 ./Drivers/STM32MP1xx_HAL_Driver/stm32mp1xx_hal_tim_ex.o

.debug_aranges  0x0000000000000000      0xb30
 .debug_aranges
                0x0000000000000000       0x28 ./Common/System/system_stm32mp1xx.o
 .debug_aranges
                0x0000000000000028       0x20 ./Core/Src/gpio.o
 .debug_aranges
                0x0000000000000048       0x38 ./Core/Src/main.o
 .debug_aranges
                0x0000000000000080       0x20 ./Core/Src/stm32mp1xx_hal_msp.o
 .debug_aranges
                0x00000000000000a0       0x70 ./Core/Src/stm32mp1xx_it.o
 .debug_aranges
                0x0000000000000110       0x30 ./Core/Src/tim.o
 .debug_aranges
                0x0000000000000140       0x28 ./Core/Startup/startup_stm32mp157aaax.o
 .debug_aranges
                0x0000000000000168      0x178 ./Drivers/STM32MP1xx_HAL_Driver/stm32mp1xx_hal.o
 .debug_aranges
                0x00000000000002e0      0x100 ./Drivers/STM32MP1xx_HAL_Driver/stm32mp1xx_hal_cortex.o
 .debug_aranges
                0x00000000000003e0       0x60 ./Drivers/STM32MP1xx_HAL_Driver/stm32mp1xx_hal_gpio.o
 .debug_aranges
                0x0000000000000440      0x160 ./Drivers/STM32MP1xx_HAL_Driver/stm32mp1xx_hal_rcc.o
 .debug_aranges
                0x00000000000005a0       0x58 ./Drivers/STM32MP1xx_HAL_Driver/stm32mp1xx_hal_rcc_ex.o
 .debug_aranges
                0x00000000000005f8      0x3b8 ./Drivers/STM32MP1xx_HAL_Driver/stm32mp1xx_hal_tim.o
 .debug_aranges
                0x00000000000009b0      0x180 ./Drivers/STM32MP1xx_HAL_Driver/stm32mp1xx_hal_tim_ex.o

.debug_rnglists
                0x0000000000000000      0x883
 .debug_rnglists
                0x0000000000000000       0x1a ./Common/System/system_stm32mp1xx.o
 .debug_rnglists
                0x000000000000001a       0x13 ./Core/Src/gpio.o
 .debug_rnglists
                0x000000000000002d       0x26 ./Core/Src/main.o
 .debug_rnglists
                0x0000000000000053       0x13 ./Core/Src/stm32mp1xx_hal_msp.o
 .debug_rnglists
                0x0000000000000066       0x4f ./Core/Src/stm32mp1xx_it.o
 .debug_rnglists
                0x00000000000000b5       0x20 ./Core/Src/tim.o
 .debug_rnglists
                0x00000000000000d5       0x19 ./Core/Startup/startup_stm32mp157aaax.o
 .debug_rnglists
                0x00000000000000ee      0x115 ./Drivers/STM32MP1xx_HAL_Driver/stm32mp1xx_hal.o
 .debug_rnglists
                0x0000000000000203       0xbc ./Drivers/STM32MP1xx_HAL_Driver/stm32mp1xx_hal_cortex.o
 .debug_rnglists
                0x00000000000002bf       0x45 ./Drivers/STM32MP1xx_HAL_Driver/stm32mp1xx_hal_gpio.o
 .debug_rnglists
                0x0000000000000304      0x114 ./Drivers/STM32MP1xx_HAL_Driver/stm32mp1xx_hal_rcc.o
 .debug_rnglists
                0x0000000000000418       0x43 ./Drivers/STM32MP1xx_HAL_Driver/stm32mp1xx_hal_rcc_ex.o
 .debug_rnglists
                0x000000000000045b      0x2f7 ./Drivers/STM32MP1xx_HAL_Driver/stm32mp1xx_hal_tim.o
 .debug_rnglists
                0x0000000000000752      0x131 ./Drivers/STM32MP1xx_HAL_Driver/stm32mp1xx_hal_tim_ex.o

.debug_macro    0x0000000000000000    0x454d5
 .debug_macro   0x0000000000000000      0x289 ./Common/System/system_stm32mp1xx.o
 .debug_macro   0x0000000000000289      0xaae ./Common/System/system_stm32mp1xx.o
 .debug_macro   0x0000000000000d37       0x2e ./Common/System/system_stm32mp1xx.o
 .debug_macro   0x0000000000000d65       0x3a ./Common/System/system_stm32mp1xx.o
 .debug_macro   0x0000000000000d9f       0x22 ./Common/System/system_stm32mp1xx.o
 .debug_macro   0x0000000000000dc1       0x8e ./Common/System/system_stm32mp1xx.o
 .debug_macro   0x0000000000000e4f       0x51 ./Common/System/system_stm32mp1xx.o
 .debug_macro   0x0000000000000ea0      0x103 ./Common/System/system_stm32mp1xx.o
 .debug_macro   0x0000000000000fa3       0x6a ./Common/System/system_stm32mp1xx.o
 .debug_macro   0x000000000000100d      0x1df ./Common/System/system_stm32mp1xx.o
 .debug_macro   0x00000000000011ec       0x1c ./Common/System/system_stm32mp1xx.o
 .debug_macro   0x0000000000001208       0x22 ./Common/System/system_stm32mp1xx.o
 .debug_macro   0x000000000000122a       0xfb ./Common/System/system_stm32mp1xx.o
 .debug_macro   0x0000000000001325     0x1011 ./Common/System/system_stm32mp1xx.o
 .debug_macro   0x0000000000002336      0x11f ./Common/System/system_stm32mp1xx.o
 .debug_macro   0x0000000000002455    0x3b4ec ./Common/System/system_stm32mp1xx.o
 .debug_macro   0x000000000003d941       0x43 ./Common/System/system_stm32mp1xx.o
 .debug_macro   0x000000000003d984       0xe0 ./Common/System/system_stm32mp1xx.o
 .debug_macro   0x000000000003da64       0x61 ./Common/System/system_stm32mp1xx.o
 .debug_macro   0x000000000003dac5       0x2a ./Common/System/system_stm32mp1xx.o
 .debug_macro   0x000000000003daef       0x43 ./Common/System/system_stm32mp1xx.o
 .debug_macro   0x000000000003db32       0x34 ./Common/System/system_stm32mp1xx.o
 .debug_macro   0x000000000003db66       0x16 ./Common/System/system_stm32mp1xx.o
 .debug_macro   0x000000000003db7c       0x97 ./Common/System/system_stm32mp1xx.o
 .debug_macro   0x000000000003dc13      0x369 ./Common/System/system_stm32mp1xx.o
 .debug_macro   0x000000000003df7c       0xfd ./Common/System/system_stm32mp1xx.o
 .debug_macro   0x000000000003e079       0x10 ./Common/System/system_stm32mp1xx.o
 .debug_macro   0x000000000003e089       0x16 ./Common/System/system_stm32mp1xx.o
 .debug_macro   0x000000000003e09f       0x43 ./Common/System/system_stm32mp1xx.o
 .debug_macro   0x000000000003e0e2       0x34 ./Common/System/system_stm32mp1xx.o
 .debug_macro   0x000000000003e116       0x10 ./Common/System/system_stm32mp1xx.o
 .debug_macro   0x000000000003e126       0x58 ./Common/System/system_stm32mp1xx.o
 .debug_macro   0x000000000003e17e       0x8e ./Common/System/system_stm32mp1xx.o
 .debug_macro   0x000000000003e20c       0x1c ./Common/System/system_stm32mp1xx.o
 .debug_macro   0x000000000003e228      0x177 ./Common/System/system_stm32mp1xx.o
 .debug_macro   0x000000000003e39f       0x16 ./Common/System/system_stm32mp1xx.o
 .debug_macro   0x000000000003e3b5       0x16 ./Common/System/system_stm32mp1xx.o
 .debug_macro   0x000000000003e3cb      0x147 ./Common/System/system_stm32mp1xx.o
 .debug_macro   0x000000000003e512       0x5b ./Common/System/system_stm32mp1xx.o
 .debug_macro   0x000000000003e56d     0x1d00 ./Common/System/system_stm32mp1xx.o
 .debug_macro   0x000000000004026d      0x9b1 ./Common/System/system_stm32mp1xx.o
 .debug_macro   0x0000000000040c1e       0x2e ./Common/System/system_stm32mp1xx.o
 .debug_macro   0x0000000000040c4c      0x33a ./Common/System/system_stm32mp1xx.o
 .debug_macro   0x0000000000040f86      0x13a ./Common/System/system_stm32mp1xx.o
 .debug_macro   0x00000000000410c0      0x2f2 ./Common/System/system_stm32mp1xx.o
 .debug_macro   0x00000000000413b2       0x27 ./Common/System/system_stm32mp1xx.o
 .debug_macro   0x00000000000413d9       0x4a ./Common/System/system_stm32mp1xx.o
 .debug_macro   0x0000000000041423      0x558 ./Common/System/system_stm32mp1xx.o
 .debug_macro   0x000000000004197b       0xe0 ./Common/System/system_stm32mp1xx.o
 .debug_macro   0x0000000000041a5b       0x66 ./Common/System/system_stm32mp1xx.o
 .debug_macro   0x0000000000041ac1      0x3c9 ./Common/System/system_stm32mp1xx.o
 .debug_macro   0x0000000000041e8a      0x227 ./Common/System/system_stm32mp1xx.o
 .debug_macro   0x00000000000420b1      0x152 ./Common/System/system_stm32mp1xx.o
 .debug_macro   0x0000000000042203      0x1f9 ./Common/System/system_stm32mp1xx.o
 .debug_macro   0x00000000000423fc       0x19 ./Common/System/system_stm32mp1xx.o
 .debug_macro   0x0000000000042415      0xa1a ./Common/System/system_stm32mp1xx.o
 .debug_macro   0x0000000000042e2f      0x27b ./Common/System/system_stm32mp1xx.o
 .debug_macro   0x00000000000430aa      0x521 ./Common/System/system_stm32mp1xx.o
 .debug_macro   0x00000000000435cb      0x297 ./Core/Src/gpio.o
 .debug_macro   0x0000000000043862      0x2a5 ./Core/Src/main.o
 .debug_macro   0x0000000000043b07      0x28d ./Core/Src/stm32mp1xx_hal_msp.o
 .debug_macro   0x0000000000043d94      0x297 ./Core/Src/stm32mp1xx_it.o
 .debug_macro   0x000000000004402b      0x297 ./Core/Src/tim.o
 .debug_macro   0x00000000000442c2      0x2b3 ./Drivers/STM32MP1xx_HAL_Driver/stm32mp1xx_hal.o
 .debug_macro   0x0000000000044575      0x283 ./Drivers/STM32MP1xx_HAL_Driver/stm32mp1xx_hal_cortex.o
 .debug_macro   0x00000000000447f8      0x2b8 ./Drivers/STM32MP1xx_HAL_Driver/stm32mp1xx_hal_gpio.o
 .debug_macro   0x0000000000044ab0      0x28f ./Drivers/STM32MP1xx_HAL_Driver/stm32mp1xx_hal_rcc.o
 .debug_macro   0x0000000000044d3f      0x289 ./Drivers/STM32MP1xx_HAL_Driver/stm32mp1xx_hal_rcc_ex.o
 .debug_macro   0x0000000000044fc8      0x284 ./Drivers/STM32MP1xx_HAL_Driver/stm32mp1xx_hal_tim.o
 .debug_macro   0x000000000004524c      0x289 ./Drivers/STM32MP1xx_HAL_Driver/stm32mp1xx_hal_tim_ex.o

.debug_line     0x0000000000000000     0xecc7
 .debug_line    0x0000000000000000      0xaec ./Common/System/system_stm32mp1xx.o
 .debug_line    0x0000000000000aec      0x9fb ./Core/Src/gpio.o
 .debug_line    0x00000000000014e7      0xa9b ./Core/Src/main.o
 .debug_line    0x0000000000001f82      0x9f7 ./Core/Src/stm32mp1xx_hal_msp.o
 .debug_line    0x0000000000002979      0xae3 ./Core/Src/stm32mp1xx_it.o
 .debug_line    0x000000000000345c      0xa5c ./Core/Src/tim.o
 .debug_line    0x0000000000003eb8       0x7b ./Core/Startup/startup_stm32mp157aaax.o
 .debug_line    0x0000000000003f33      0xf25 ./Drivers/STM32MP1xx_HAL_Driver/stm32mp1xx_hal.o
 .debug_line    0x0000000000004e58      0xf2a ./Drivers/STM32MP1xx_HAL_Driver/stm32mp1xx_hal_cortex.o
 .debug_line    0x0000000000005d82      0xede ./Drivers/STM32MP1xx_HAL_Driver/stm32mp1xx_hal_gpio.o
 .debug_line    0x0000000000006c60     0x1d8a ./Drivers/STM32MP1xx_HAL_Driver/stm32mp1xx_hal_rcc.o
 .debug_line    0x00000000000089ea     0x1b70 ./Drivers/STM32MP1xx_HAL_Driver/stm32mp1xx_hal_rcc_ex.o
 .debug_line    0x000000000000a55a     0x2fef ./Drivers/STM32MP1xx_HAL_Driver/stm32mp1xx_hal_tim.o
 .debug_line    0x000000000000d549     0x177e ./Drivers/STM32MP1xx_HAL_Driver/stm32mp1xx_hal_tim_ex.o

.debug_str      0x0000000000000000   0x1c98c5
 .debug_str     0x0000000000000000   0x1c55f9 ./Common/System/system_stm32mp1xx.o
                                     0x1c593e (size before relaxing)
 .debug_str     0x00000000001c55f9      0x154 ./Core/Src/gpio.o
                                     0x1c5946 (size before relaxing)
 .debug_str     0x00000000001c574d      0x889 ./Core/Src/main.o
                                     0x1c55c8 (size before relaxing)
 .debug_str     0x00000000001c5fd6      0x856 ./Core/Src/stm32mp1xx_hal_msp.o
                                     0x1c607b (size before relaxing)
 .debug_str     0x00000000001c682c      0x108 ./Core/Src/stm32mp1xx_it.o
                                     0x1c52b1 (size before relaxing)
 .debug_str     0x00000000001c6934      0x165 ./Core/Src/tim.o
                                     0x1c678c (size before relaxing)
 .debug_str     0x00000000001c6a99       0x35 ./Core/Startup/startup_stm32mp157aaax.o
                                         0x6b (size before relaxing)
 .debug_str     0x00000000001c6ace      0x7ea ./Drivers/STM32MP1xx_HAL_Driver/stm32mp1xx_hal.o
                                     0x1c5d7a (size before relaxing)
 .debug_str     0x00000000001c72b8      0x32a ./Drivers/STM32MP1xx_HAL_Driver/stm32mp1xx_hal_cortex.o
                                     0x1c59a6 (size before relaxing)
 .debug_str     0x00000000001c75e2      0x31e ./Drivers/STM32MP1xx_HAL_Driver/stm32mp1xx_hal_gpio.o
                                     0x1c515e (size before relaxing)
 .debug_str     0x00000000001c7900      0x712 ./Drivers/STM32MP1xx_HAL_Driver/stm32mp1xx_hal_rcc.o
                                     0x1c621f (size before relaxing)
 .debug_str     0x00000000001c8012      0x464 ./Drivers/STM32MP1xx_HAL_Driver/stm32mp1xx_hal_rcc_ex.o
                                     0x1c60ae (size before relaxing)
 .debug_str     0x00000000001c8476      0xe16 ./Drivers/STM32MP1xx_HAL_Driver/stm32mp1xx_hal_tim.o
                                     0x1c6121 (size before relaxing)
 .debug_str     0x00000000001c928c      0x639 ./Drivers/STM32MP1xx_HAL_Driver/stm32mp1xx_hal_tim_ex.o
                                     0x1c5b12 (size before relaxing)

.debug_frame    0x0000000000000000     0x2dbc
 .debug_frame   0x0000000000000000       0x58 ./Common/System/system_stm32mp1xx.o
 .debug_frame   0x0000000000000058       0x34 ./Core/Src/gpio.o
 .debug_frame   0x000000000000008c       0x90 ./Core/Src/main.o
 .debug_frame   0x000000000000011c       0x2c ./Core/Src/stm32mp1xx_hal_msp.o
 .debug_frame   0x0000000000000148      0x13c ./Core/Src/stm32mp1xx_it.o
 .debug_frame   0x0000000000000284       0x7c ./Core/Src/tim.o
 .debug_frame   0x0000000000000300      0x5e8 ./Drivers/STM32MP1xx_HAL_Driver/stm32mp1xx_hal.o
 .debug_frame   0x00000000000008e8      0x428 ./Drivers/STM32MP1xx_HAL_Driver/stm32mp1xx_hal_cortex.o
 .debug_frame   0x0000000000000d10      0x174 ./Drivers/STM32MP1xx_HAL_Driver/stm32mp1xx_hal_gpio.o
 .debug_frame   0x0000000000000e84      0x5b0 ./Drivers/STM32MP1xx_HAL_Driver/stm32mp1xx_hal_rcc.o
 .debug_frame   0x0000000000001434      0x14c ./Drivers/STM32MP1xx_HAL_Driver/stm32mp1xx_hal_rcc_ex.o
 .debug_frame   0x0000000000001580     0x1144 ./Drivers/STM32MP1xx_HAL_Driver/stm32mp1xx_hal_tim.o
 .debug_frame   0x00000000000026c4      0x6ac ./Drivers/STM32MP1xx_HAL_Driver/stm32mp1xx_hal_tim_ex.o
 .debug_frame   0x0000000000002d70       0x20 D:/TechnicalSoftWare/ST/STM32CubeIDE_1.14.0/STM32CubeIDE/plugins/com.st.stm32cube.ide.mcu.externaltools.gnu-tools-for-stm32.11.3.rel1.win32_1.1.100.202309141235/tools/bin/../lib/gcc/arm-none-eabi/11.3.1/../../../../arm-none-eabi/lib/thumb/v7e-m+fp/hard\libc_nano.a(libc_a-memset.o)
 .debug_frame   0x0000000000002d90       0x2c D:/TechnicalSoftWare/ST/STM32CubeIDE_1.14.0/STM32CubeIDE/plugins/com.st.stm32cube.ide.mcu.externaltools.gnu-tools-for-stm32.11.3.rel1.win32_1.1.100.202309141235/tools/bin/../lib/gcc/arm-none-eabi/11.3.1/../../../../arm-none-eabi/lib/thumb/v7e-m+fp/hard\libc_nano.a(libc_a-init.o)

.debug_line_str
                0x0000000000000000       0x5f
 .debug_line_str
                0x0000000000000000       0x5f ./Core/Startup/startup_stm32mp157aaax.o
                                         0x78 (size before relaxing)
