Archive member included to satisfy reference by file (symbol)

D:/TechnicalSoftWare/ST/STM32CubeIDE_1.14.0/STM32CubeIDE/plugins/com.st.stm32cube.ide.mcu.externaltools.gnu-tools-for-stm32.11.3.rel1.win32_1.1.100.202309141235/tools/bin/../lib/gcc/arm-none-eabi/11.3.1/../../../../arm-none-eabi/lib/thumb/v7e-m+fp/hard\libc_nano.a(libc_a-exit.o)
                              D:/TechnicalSoftWare/ST/STM32CubeIDE_1.14.0/STM32CubeIDE/plugins/com.st.stm32cube.ide.mcu.externaltools.gnu-tools-for-stm32.11.3.rel1.win32_1.1.100.202309141235/tools/bin/../lib/gcc/arm-none-eabi/11.3.1/../../../../arm-none-eabi/lib/thumb/v7e-m+fp/hard/crt0.o (exit)
D:/TechnicalSoftWare/ST/STM32CubeIDE_1.14.0/STM32CubeIDE/plugins/com.st.stm32cube.ide.mcu.externaltools.gnu-tools-for-stm32.11.3.rel1.win32_1.1.100.202309141235/tools/bin/../lib/gcc/arm-none-eabi/11.3.1/../../../../arm-none-eabi/lib/thumb/v7e-m+fp/hard\libc_nano.a(libc_a-findfp.o)
                              D:/TechnicalSoftWare/ST/STM32CubeIDE_1.14.0/STM32CubeIDE/plugins/com.st.stm32cube.ide.mcu.externaltools.gnu-tools-for-stm32.11.3.rel1.win32_1.1.100.202309141235/tools/bin/../lib/gcc/arm-none-eabi/11.3.1/../../../../arm-none-eabi/lib/thumb/v7e-m+fp/hard\libc_nano.a(libc_a-exit.o) (__stdio_exit_handler)
D:/TechnicalSoftWare/ST/STM32CubeIDE_1.14.0/STM32CubeIDE/plugins/com.st.stm32cube.ide.mcu.externaltools.gnu-tools-for-stm32.11.3.rel1.win32_1.1.100.202309141235/tools/bin/../lib/gcc/arm-none-eabi/11.3.1/../../../../arm-none-eabi/lib/thumb/v7e-m+fp/hard\libc_nano.a(libc_a-fwalk.o)
                              D:/TechnicalSoftWare/ST/STM32CubeIDE_1.14.0/STM32CubeIDE/plugins/com.st.stm32cube.ide.mcu.externaltools.gnu-tools-for-stm32.11.3.rel1.win32_1.1.100.202309141235/tools/bin/../lib/gcc/arm-none-eabi/11.3.1/../../../../arm-none-eabi/lib/thumb/v7e-m+fp/hard\libc_nano.a(libc_a-findfp.o) (_fwalk_sglue)
D:/TechnicalSoftWare/ST/STM32CubeIDE_1.14.0/STM32CubeIDE/plugins/com.st.stm32cube.ide.mcu.externaltools.gnu-tools-for-stm32.11.3.rel1.win32_1.1.100.202309141235/tools/bin/../lib/gcc/arm-none-eabi/11.3.1/../../../../arm-none-eabi/lib/thumb/v7e-m+fp/hard\libc_nano.a(libc_a-printf.o)
                              ./Drivers/STM32MP1xx_HAL_Driver/stm32mp1xx_hal_gpio.o (printf)
D:/TechnicalSoftWare/ST/STM32CubeIDE_1.14.0/STM32CubeIDE/plugins/com.st.stm32cube.ide.mcu.externaltools.gnu-tools-for-stm32.11.3.rel1.win32_1.1.100.202309141235/tools/bin/../lib/gcc/arm-none-eabi/11.3.1/../../../../arm-none-eabi/lib/thumb/v7e-m+fp/hard\libc_nano.a(libc_a-stdio.o)
                              D:/TechnicalSoftWare/ST/STM32CubeIDE_1.14.0/STM32CubeIDE/plugins/com.st.stm32cube.ide.mcu.externaltools.gnu-tools-for-stm32.11.3.rel1.win32_1.1.100.202309141235/tools/bin/../lib/gcc/arm-none-eabi/11.3.1/../../../../arm-none-eabi/lib/thumb/v7e-m+fp/hard\libc_nano.a(libc_a-findfp.o) (__sread)
D:/TechnicalSoftWare/ST/STM32CubeIDE_1.14.0/STM32CubeIDE/plugins/com.st.stm32cube.ide.mcu.externaltools.gnu-tools-for-stm32.11.3.rel1.win32_1.1.100.202309141235/tools/bin/../lib/gcc/arm-none-eabi/11.3.1/../../../../arm-none-eabi/lib/thumb/v7e-m+fp/hard\libc_nano.a(libc_a-memset.o)
                              D:/TechnicalSoftWare/ST/STM32CubeIDE_1.14.0/STM32CubeIDE/plugins/com.st.stm32cube.ide.mcu.externaltools.gnu-tools-for-stm32.11.3.rel1.win32_1.1.100.202309141235/tools/bin/../lib/gcc/arm-none-eabi/11.3.1/../../../../arm-none-eabi/lib/thumb/v7e-m+fp/hard/crt0.o (memset)
D:/TechnicalSoftWare/ST/STM32CubeIDE_1.14.0/STM32CubeIDE/plugins/com.st.stm32cube.ide.mcu.externaltools.gnu-tools-for-stm32.11.3.rel1.win32_1.1.100.202309141235/tools/bin/../lib/gcc/arm-none-eabi/11.3.1/../../../../arm-none-eabi/lib/thumb/v7e-m+fp/hard\libc_nano.a(libc_a-closer.o)
                              D:/TechnicalSoftWare/ST/STM32CubeIDE_1.14.0/STM32CubeIDE/plugins/com.st.stm32cube.ide.mcu.externaltools.gnu-tools-for-stm32.11.3.rel1.win32_1.1.100.202309141235/tools/bin/../lib/gcc/arm-none-eabi/11.3.1/../../../../arm-none-eabi/lib/thumb/v7e-m+fp/hard\libc_nano.a(libc_a-stdio.o) (_close_r)
D:/TechnicalSoftWare/ST/STM32CubeIDE_1.14.0/STM32CubeIDE/plugins/com.st.stm32cube.ide.mcu.externaltools.gnu-tools-for-stm32.11.3.rel1.win32_1.1.100.202309141235/tools/bin/../lib/gcc/arm-none-eabi/11.3.1/../../../../arm-none-eabi/lib/thumb/v7e-m+fp/hard\libc_nano.a(libc_a-reent.o)
                              D:/TechnicalSoftWare/ST/STM32CubeIDE_1.14.0/STM32CubeIDE/plugins/com.st.stm32cube.ide.mcu.externaltools.gnu-tools-for-stm32.11.3.rel1.win32_1.1.100.202309141235/tools/bin/../lib/gcc/arm-none-eabi/11.3.1/../../../../arm-none-eabi/lib/thumb/v7e-m+fp/hard\libc_nano.a(libc_a-closer.o) (errno)
D:/TechnicalSoftWare/ST/STM32CubeIDE_1.14.0/STM32CubeIDE/plugins/com.st.stm32cube.ide.mcu.externaltools.gnu-tools-for-stm32.11.3.rel1.win32_1.1.100.202309141235/tools/bin/../lib/gcc/arm-none-eabi/11.3.1/../../../../arm-none-eabi/lib/thumb/v7e-m+fp/hard\libc_nano.a(libc_a-impure.o)
[...]
Memory Configuration

Name             Origin             Length             Attributes
RETRAM_interrupts 0x0000000000000000 0x0000000000000600 xrw
SRAM1_text       0x0000000010000000 0x0000000000020000 xrw
SRAM2_data       0x0000000010020000 0x0000000000020000 xrw
SRAM3_ipc_shm    0x0000000010040000 0x0000000000010000 xrw
SRAM4            0x0000000010050000 0x0000000000010000 xrw
*default*        0x0000000000000000 0xffffffffffffffff

Linker script and memory map

LOAD D:/TechnicalSoftWare/ST/STM32CubeIDE_1.14.0/STM32CubeIDE/plugins/com.st.stm32cube.ide.mcu.externaltools.gnu-tools-for-stm32.11.3.rel1.win32_1.1.100.202309141235/tools/bin/../lib/gcc/arm-none-eabi/11.3.1/thumb/v7e-m+fp/hard/crti.o
LOAD D:/TechnicalSoftWare/ST/STM32CubeIDE_1.14.0/STM32CubeIDE/plugins/com.st.stm32cube.ide.mcu.externaltools.gnu-tools-for-stm32.11.3.rel1.win32_1.1.100.202309141235/tools/bin/../lib/gcc/arm-none-eabi/11.3.1/thumb/v7e-m+fp/hard/crtbegin.o
LOAD D:/TechnicalSoftWare/ST/STM32CubeIDE_1.14.0/STM32CubeIDE/plugins/com.st.stm32cube.ide.mcu.externaltools.gnu-tools-for-stm32.11.3.rel1.win32_1.1.100.202309141235/tools/bin/../lib/gcc/arm-none-eabi/11.3.1/../../../../arm-none-eabi/lib/thumb/v7e-m+fp/hard/crt0.o
LOAD ./Common/System/system_stm32mp1xx.o
LOAD ./Core/Src/gpio.o
LOAD ./Core/Src/main.o
LOAD ./Core/Src/stm32mp1xx_hal_msp.o
LOAD ./Core/Src/stm32mp1xx_it.o
LOAD ./Core/Src/syscalls.o
LOAD ./Core/Src/sysmem.o
LOAD ./Core/Startup/startup_stm32mp157aaax.o
LOAD ./Drivers/STM32MP1xx_HAL_Driver/stm32mp1xx_hal.o
LOAD ./Drivers/STM32MP1xx_HAL_Driver/stm32mp1xx_hal_cortex.o
LOAD ./Drivers/STM32MP1xx_HAL_Driver/stm32mp1xx_hal_dma.o
LOAD ./Drivers/STM32MP1xx_HAL_Driver/stm32mp1xx_hal_dma_ex.o
LOAD ./Drivers/STM32MP1xx_HAL_Driver/stm32mp1xx_hal_exti.o
LOAD ./Drivers/STM32MP1xx_HAL_Driver/stm32mp1xx_hal_gpio.o
LOAD ./Drivers/STM32MP1xx_HAL_Driver/stm32mp1xx_hal_hsem.o
LOAD ./Drivers/STM32MP1xx_HAL_Driver/stm32mp1xx_hal_mdma.o
LOAD ./Drivers/STM32MP1xx_HAL_Driver/stm32mp1xx_hal_pwr.o
LOAD ./Drivers/STM32MP1xx_HAL_Driver/stm32mp1xx_hal_pwr_ex.o
LOAD ./Drivers/STM32MP1xx_HAL_Driver/stm32mp1xx_hal_rcc.o
LOAD ./Drivers/STM32MP1xx_HAL_Driver/stm32mp1xx_hal_rcc_ex.o
START GROUP
LOAD D:/TechnicalSoftWare/ST/STM32CubeIDE_1.14.0/STM32CubeIDE/plugins/com.st.stm32cube.ide.mcu.externaltools.gnu-tools-for-stm32.11.3.rel1.win32_1.1.100.202309141235/tools/bin/../lib/gcc/arm-none-eabi/11.3.1/../../../../arm-none-eabi/lib/thumb/v7e-m+fp/hard\libc_nano.a
LOAD D:/TechnicalSoftWare/ST/STM32CubeIDE_1.14.0/STM32CubeIDE/plugins/com.st.stm32cube.ide.mcu.externaltools.gnu-tools-for-stm32.11.3.rel1.win32_1.1.100.202309141235/tools/bin/../lib/gcc/arm-none-eabi/11.3.1/../../../../arm-none-eabi/lib/thumb/v7e-m+fp/hard\libm.a
END GROUP
START GROUP
LOAD D:/TechnicalSoftWare/ST/STM32CubeIDE_1.14.0/STM32CubeIDE/plugins/com.st.stm32cube.ide.mcu.externaltools.gnu-tools-for-stm32.11.3.rel1.win32_1.1.100.202309141235/tools/bin/../lib/gcc/arm-none-eabi/11.3.1/thumb/v7e-m+fp/hard\libgcc.a
LOAD D:/TechnicalSoftWare/ST/STM32CubeIDE_1.14.0/STM32CubeIDE/plugins/com.st.stm32cube.ide.mcu.externaltools.gnu-tools-for-stm32.11.3.rel1.win32_1.1.100.202309141235/tools/bin/../lib/gcc/arm-none-eabi/11.3.1/../../../../arm-none-eabi/lib/thumb/v7e-m+fp/hard\libc_nano.a
END GROUP
START GROUP
LOAD D:/TechnicalSoftWare/ST/STM32CubeIDE_1.14.0/STM32CubeIDE/plugins/com.st.stm32cube.ide.mcu.externaltools.gnu-tools-for-stm32.11.3.rel1.win32_1.1.100.202309141235/tools/bin/../lib/gcc/arm-none-eabi/11.3.1/thumb/v7e-m+fp/hard\libgcc.a
LOAD D:/TechnicalSoftWare/ST/STM32CubeIDE_1.14.0/STM32CubeIDE/plugins/com.st.stm32cube.ide.mcu.externaltools.gnu-tools-for-stm32.11.3.rel1.win32_1.1.100.202309141235/tools/bin/../lib/gcc/arm-none-eabi/11.3.1/../../../../arm-none-eabi/lib/thumb/v7e-m+fp/hard\libc_nano.a
LOAD D:/TechnicalSoftWare/ST/STM32CubeIDE_1.14.0/STM32CubeIDE/plugins/com.st.stm32cube.ide.mcu.externaltools.gnu-tools-for-stm32.11.3.rel1.win32_1.1.100.202309141235/tools/bin/../lib/gcc/arm-none-eabi/11.3.1/../../../../arm-none-eabi/lib/thumb/v7e-m+fp/hard\libnosys.a
END GROUP
START GROUP
LOAD D:/TechnicalSoftWare/ST/STM32CubeIDE_1.14.0/STM32CubeIDE/plugins/com.st.stm32cube.ide.mcu.externaltools.gnu-tools-for-stm32.11.3.rel1.win32_1.1.100.202309141235/tools/bin/../lib/gcc/arm-none-eabi/11.3.1/thumb/v7e-m+fp/hard\libgcc.a
LOAD D:/TechnicalSoftWare/ST/STM32CubeIDE_1.14.0/STM32CubeIDE/plugins/com.st.stm32cube.ide.mcu.externaltools.gnu-tools-for-stm32.11.3.rel1.win32_1.1.100.202309141235/tools/bin/../lib/gcc/arm-none-eabi/11.3.1/../../../../arm-none-eabi/lib/thumb/v7e-m+fp/hard\libc_nano.a
LOAD D:/TechnicalSoftWare/ST/STM32CubeIDE_1.14.0/STM32CubeIDE/plugins/com.st.stm32cube.ide.mcu.externaltools.gnu-tools-for-stm32.11.3.rel1.win32_1.1.100.202309141235/tools/bin/../lib/gcc/arm-none-eabi/11.3.1/../../../../arm-none-eabi/lib/thumb/v7e-m+fp/hard\libnosys.a
END GROUP
LOAD D:/TechnicalSoftWare/ST/STM32CubeIDE_1.14.0/STM32CubeIDE/plugins/com.st.stm32cube.ide.mcu.externaltools.gnu-tools-for-stm32.11.3.rel1.win32_1.1.100.202309141235/tools/bin/../lib/gcc/arm-none-eabi/11.3.1/thumb/v7e-m+fp/hard/crtend.o
LOAD D:/TechnicalSoftWare/ST/STM32CubeIDE_1.14.0/STM32CubeIDE/plugins/com.st.stm32cube.ide.mcu.externaltools.gnu-tools-for-stm32.11.3.rel1.win32_1.1.100.202309141235/tools/bin/../lib/gcc/arm-none-eabi/11.3.1/thumb/v7e-m+fp/hard/crtn.o
                0x0000000010040000                _estack = (ORIGIN (SRAM2_data) + LENGTH (SRAM2_data))
                0x0000000000000200                _Min_Heap_Size = 0x200
                0x0000000000000400                _Min_Stack_Size = 0x400
                0x0000000010040000                __OPENAMP_region_start__ = ORIGIN (SRAM3_ipc_shm)
                0x0000000010050000                __OPENAMP_region_end__ = (ORIGIN (SRAM3_ipc_shm) + LENGTH (SRAM3_ipc_shm))

.isr_vector     0x0000000000000000      0x298
                0x0000000000000000                . = ALIGN (0x4)
 *(.isr_vector)
 .isr_vector    0x0000000000000000      0x298 ./Core/Startup/startup_stm32mp157aaax.o
                0x0000000000000000                g_pfnVectors
                0x0000000000000298                . = ALIGN (0x4)

.text           0x0000000010000000     0x265c
                0x0000000010000000                . = ALIGN (0x4)
 *(.text)
 .text          0x0000000010000000       0x40 D:/TechnicalSoftWare/ST/STM32CubeIDE_1.14.0/STM32CubeIDE/plugins/com.st.stm32cube.ide.mcu.externaltools.gnu-tools-for-stm32.11.3.rel1.win32_1.1.100.202309141235/tools/bin/../lib/gcc/arm-none-eabi/11.3.1/thumb/v7e-m+fp/hard/crtbegin.o
 *(.text*)
 .text.SystemInit
                0x0000000010000040       0x4c ./Common/System/system_stm32mp1xx.o
                0x0000000010000040                SystemInit
 .text.MX_GPIO_Init
                0x000000001000008c       0x78 ./Core/Src/gpio.o
                0x000000001000008c                MX_GPIO_Init
 .text.main     0x0000000010000104       0x28 ./Core/Src/main.o
                0x0000000010000104                main
 .text.SystemClock_Config
                0x000000001000012c      0x130 ./Core/Src/main.o
                0x000000001000012c                SystemClock_Config
 .text.Error_Handler
                0x000000001000025c        0xa ./Core/Src/main.o
                0x000000001000025c                Error_Handler
 .text.HAL_MspInit
                0x0000000010000266       0x60 ./Core/Src/stm32mp1xx_hal_msp.o
                0x0000000010000266                HAL_MspInit
 .text.NMI_Handler
                0x00000000100002c6        0x6 ./Core/Src/stm32mp1xx_it.o
                0x00000000100002c6                NMI_Handler
 .text.HardFault_Handler
                0x00000000100002cc        0x6 ./Core/Src/stm32mp1xx_it.o
                0x00000000100002cc                HardFault_Handler
 .text.MemManage_Handler
                0x00000000100002d2        0x6 ./Core/Src/stm32mp1xx_it.o
                0x00000000100002d2                MemManage_Handler
 .text.BusFault_Handler
                0x00000000100002d8        0x6 ./Core/Src/stm32mp1xx_it.o
                0x00000000100002d8                BusFault_Handler
 .text.UsageFault_Handler
                0x00000000100002de        0x6 ./Core/Src/stm32mp1xx_it.o
                0x00000000100002de                UsageFault_Handler
 .text.SVC_Handler
                0x00000000100002e4        0xe ./Core/Src/stm32mp1xx_it.o
                0x00000000100002e4                SVC_Handler
 .text.DebugMon_Handler
                0x00000000100002f2        0xe ./Core/Src/stm32mp1xx_it.o
                0x00000000100002f2                DebugMon_Handler
 .text.PendSV_Handler
                0x0000000010000300        0xe ./Core/Src/stm32mp1xx_it.o
                0x0000000010000300                PendSV_Handler
 .text.SysTick_Handler
                0x000000001000030e        0xc ./Core/Src/stm32mp1xx_it.o
                0x000000001000030e                SysTick_Handler
 .text.RCC_WAKEUP_IRQHandler
                0x000000001000031a        0xc ./Core/Src/stm32mp1xx_it.o
                0x000000001000031a                RCC_WAKEUP_IRQHandler
 .text.Default_Handler
                0x0000000010000326        0x2 ./Core/Startup/startup_stm32mp157aaax.o
                0x0000000010000326                EXTI2_IRQHandler
                0x0000000010000326                TIM8_TRG_COM_IRQHandler
                0x0000000010000326                TIM8_CC_IRQHandler
                0x0000000010000326                EXTI5_IRQHandler
                0x0000000010000326                UART8_IRQHandler
                0x0000000010000326                SPI4_IRQHandler
                0x0000000010000326                EXTI13_IRQHandler
                0x0000000010000326                TIM1_CC_IRQHandler
                0x0000000010000326                DMA2_Stream5_IRQHandler
                0x0000000010000326                ETH1_WKUP_IRQHandler
                0x0000000010000326                TAMP_IRQHandler
                0x0000000010000326                DMA1_Stream5_IRQHandler
                0x0000000010000326                TIM6_IRQHandler
                0x0000000010000326                EXTI12_IRQHandler
                0x0000000010000326                EXTI3_IRQHandler
                0x0000000010000326                LPTIM4_IRQHandler
                0x0000000010000326                EXTI8_IRQHandler
                0x0000000010000326                LPTIM2_IRQHandler
                0x0000000010000326                DFSDM1_FLT1_IRQHandler
                0x0000000010000326                I2C3_ER_IRQHandler
                0x0000000010000326                DFSDM1_FLT2_IRQHandler
                0x0000000010000326                I2C5_EV_IRQHandler
                0x0000000010000326                MDMA_IRQHandler
                0x0000000010000326                IPCC_TX1_IRQHandler
                0x0000000010000326                LPTIM3_IRQHandler
                0x0000000010000326                EXTI0_IRQHandler
                0x0000000010000326                I2C2_EV_IRQHandler
                0x0000000010000326                DMA1_Stream2_IRQHandler
                0x0000000010000326                FPU_IRQHandler
                0x0000000010000326                USBH_OHCI_IRQHandler
                0x0000000010000326                FDCAN1_IT1_IRQHandler
                0x0000000010000326                LTDC_ER_IRQHandler
                0x0000000010000326                DMA2_Stream2_IRQHandler
                0x0000000010000326                IPCC_RX0_IRQHandler
                0x0000000010000326                OTG_IRQHandler
                0x0000000010000326                SPI1_IRQHandler
                0x0000000010000326                DCMI_IRQHandler
                0x0000000010000326                TIM8_UP_IRQHandler
                0x0000000010000326                DMA2_Stream3_IRQHandler
                0x0000000010000326                USBH_EHCI_IRQHandler
                0x0000000010000326                nCTIIRQ2_IRQHandler
                0x0000000010000326                HASH1_IRQHandler
                0x0000000010000326                GPU_IRQHandler
                0x0000000010000326                SAI2_IRQHandler
                0x0000000010000326                ADC1_IRQHandler
                0x0000000010000326                RESERVED148_IRQHandler
                0x0000000010000326                RTC_TIMESTAMP_IRQHandler
                0x0000000010000326                DFSDM1_FLT3_IRQHandler
                0x0000000010000326                USART6_IRQHandler
                0x0000000010000326                EXTI15_IRQHandler
                0x0000000010000326                TIM17_IRQHandler
                0x0000000010000326                USART3_IRQHandler
                0x0000000010000326                EXTI9_IRQHandler
                0x0000000010000326                LPTIM5_IRQHandler
                0x0000000010000326                UART5_IRQHandler
                0x0000000010000326                DMA2_Stream0_IRQHandler
                0x0000000010000326                TIM4_IRQHandler
                0x0000000010000326                CRYP2_IRQHandler
                0x0000000010000326                QUADSPI_IRQHandler
                0x0000000010000326                I2C1_EV_IRQHandler
                0x0000000010000326                DMA1_Stream6_IRQHandler
                0x0000000010000326                RESERVED99_IRQHandler
                0x0000000010000326                DMAMUX1_OVR_IRQHandler
                0x0000000010000326                DMA1_Stream1_IRQHandler
                0x0000000010000326                TIM16_IRQHandler
                0x0000000010000326                UART4_IRQHandler
                0x0000000010000326                TIM3_IRQHandler
                0x0000000010000326                RCC_IRQHandler
                0x0000000010000326                TIM1_TRG_COM_IRQHandler
                0x0000000010000326                nCTIIRQ1_IRQHandler
                0x0000000010000326                Default_Handler
                0x0000000010000326                IPCC_RX1_IRQHandler
                0x0000000010000326                CEC_IRQHandler
                0x0000000010000326                DFSDM1_FLT4_IRQHandler
                0x0000000010000326                TIM14_IRQHandler
                0x0000000010000326                I2C5_ER_IRQHandler
                0x0000000010000326                TIM13_IRQHandler
                0x0000000010000326                DMA1_Stream7_IRQHandler
                0x0000000010000326                IPCC_TX0_IRQHandler
                0x0000000010000326                SPI5_IRQHandler
                0x0000000010000326                TIM12_IRQHandler
                0x0000000010000326                TIM7_IRQHandler
                0x0000000010000326                SDMMC1_IRQHandler
                0x0000000010000326                TIM5_IRQHandler
                0x0000000010000326                DMA2_Stream7_IRQHandler
                0x0000000010000326                TIM15_IRQHandler
                0x0000000010000326                PVD_AVD_IRQHandler
                0x0000000010000326                I2C3_EV_IRQHandler
                0x0000000010000326                SDMMC3_IRQHandler
                0x0000000010000326                ETH1_IRQHandler
                0x0000000010000326                LTDC_IRQHandler
                0x0000000010000326                SAI3_IRQHandler
                0x0000000010000326                SPDIF_RX_IRQHandler
                0x0000000010000326                ADC2_IRQHandler
                0x0000000010000326                SPI2_IRQHandler
                0x0000000010000326                DFSDM1_FLT5_IRQHandler
                0x0000000010000326                DMA1_Stream0_IRQHandler
                0x0000000010000326                EXTI14_IRQHandler
                0x0000000010000326                EXTI11_IRQHandler
                0x0000000010000326                CRYP1_IRQHandler
                0x0000000010000326                RNG2_IRQHandler
                0x0000000010000326                RNG1_IRQHandler
                0x0000000010000326                HASH2_IRQHandler
                0x0000000010000326                EXTI4_IRQHandler
                0x0000000010000326                ETH1_LPI_IRQHandler
                0x0000000010000326                FDCAN2_IT1_IRQHandler
                0x0000000010000326                DSI_IRQHandler
                0x0000000010000326                TIM1_UP_IRQHandler
                0x0000000010000326                HSEM_IT2_IRQHandler
                0x0000000010000326                SPI6_IRQHandler
                0x0000000010000326                MDIOS_IRQHandler
                0x0000000010000326                I2C4_EV_IRQHandler
                0x0000000010000326                FDCAN2_IT0_IRQHandler
                0x0000000010000326                I2C6_ER_IRQHandler
                0x0000000010000326                FDCAN1_IT0_IRQHandler
                0x0000000010000326                TIM2_IRQHandler
                0x0000000010000326                EXTI7_IRQHandler
                0x0000000010000326                TIM1_BRK_IRQHandler
                0x0000000010000326                DAC_IRQHandler
                0x0000000010000326                EXTI1_IRQHandler
                0x0000000010000326                SDMMC2_IRQHandler
                0x0000000010000326                DTS_IRQHandler
                0x0000000010000326                UART7_IRQHandler
                0x0000000010000326                USART2_IRQHandler
                0x0000000010000326                I2C6_EV_IRQHandler
                0x0000000010000326                DFSDM1_FLT0_IRQHandler
                0x0000000010000326                SAI4_IRQHandler
                0x0000000010000326                I2C2_ER_IRQHandler
                0x0000000010000326                DMA2_Stream1_IRQHandler
                0x0000000010000326                TIM8_BRK_IRQHandler
                0x0000000010000326                WWDG1_IRQHandler
                0x0000000010000326                DMA2_Stream4_IRQHandler
                0x0000000010000326                USART1_IRQHandler
                0x0000000010000326                RESERVED143_IRQHandler
                0x0000000010000326                EXTI10_IRQHandler
                0x0000000010000326                SPI3_IRQHandler
                0x0000000010000326                WAKEUP_PIN_IRQHandler
                0x0000000010000326                DMA1_Stream4_IRQHandler
                0x0000000010000326                I2C1_ER_IRQHandler
                0x0000000010000326                FMC_IRQHandler
                0x0000000010000326                FDCAN_CAL_IRQHandler
                0x0000000010000326                EXTI6_IRQHandler
                0x0000000010000326                MPU_SEV_IRQHandler
                0x0000000010000326                LPTIM1_IRQHandler
                0x0000000010000326                RTC_WKUP_ALARM_IRQHandler
                0x0000000010000326                I2C4_ER_IRQHandler
                0x0000000010000326                DMA2_Stream6_IRQHandler
                0x0000000010000326                SAI1_IRQHandler
                0x0000000010000326                DMA1_Stream3_IRQHandler
                0x0000000010000326                RESERVED4_IRQHandler
 .text.HAL_Init
                0x0000000010000328       0x34 ./Drivers/STM32MP1xx_HAL_Driver/stm32mp1xx_hal.o
                0x0000000010000328                HAL_Init
 .text.HAL_InitTick
                0x000000001000035c       0x6c ./Drivers/STM32MP1xx_HAL_Driver/stm32mp1xx_hal.o
                0x000000001000035c                HAL_InitTick
 .text.HAL_IncTick
                0x00000000100003c8       0x28 ./Drivers/STM32MP1xx_HAL_Driver/stm32mp1xx_hal.o
                0x00000000100003c8                HAL_IncTick
 .text.HAL_GetTick
                0x00000000100003f0       0x18 ./Drivers/STM32MP1xx_HAL_Driver/stm32mp1xx_hal.o
                0x00000000100003f0                HAL_GetTick
 .text.__NVIC_SetPriorityGrouping
                0x0000000010000408       0x48 ./Drivers/STM32MP1xx_HAL_Driver/stm32mp1xx_hal_cortex.o
 .text.__NVIC_GetPriorityGrouping
                0x0000000010000450       0x1c ./Drivers/STM32MP1xx_HAL_Driver/stm32mp1xx_hal_cortex.o
 .text.__NVIC_EnableIRQ
                0x000000001000046c       0x3c ./Drivers/STM32MP1xx_HAL_Driver/stm32mp1xx_hal_cortex.o
 .text.__NVIC_SetPriority
                0x00000000100004a8       0x54 ./Drivers/STM32MP1xx_HAL_Driver/stm32mp1xx_hal_cortex.o
 .text.NVIC_EncodePriority
                0x00000000100004fc       0x66 ./Drivers/STM32MP1xx_HAL_Driver/stm32mp1xx_hal_cortex.o
 *fill*         0x0000000010000562        0x2 
 .text.SysTick_Config
                0x0000000010000564       0x44 ./Drivers/STM32MP1xx_HAL_Driver/stm32mp1xx_hal_cortex.o
 .text.HAL_NVIC_SetPriorityGrouping
                0x00000000100005a8       0x16 ./Drivers/STM32MP1xx_HAL_Driver/stm32mp1xx_hal_cortex.o
                0x00000000100005a8                HAL_NVIC_SetPriorityGrouping
 .text.HAL_NVIC_SetPriority
                0x00000000100005be       0x38 ./Drivers/STM32MP1xx_HAL_Driver/stm32mp1xx_hal_cortex.o
                0x00000000100005be                HAL_NVIC_SetPriority
 .text.HAL_NVIC_EnableIRQ
                0x00000000100005f6       0x1c ./Drivers/STM32MP1xx_HAL_Driver/stm32mp1xx_hal_cortex.o
                0x00000000100005f6                HAL_NVIC_EnableIRQ
 .text.HAL_SYSTICK_Config
                0x0000000010000612       0x18 ./Drivers/STM32MP1xx_HAL_Driver/stm32mp1xx_hal_cortex.o
                0x0000000010000612                HAL_SYSTICK_Config
 *fill*         0x000000001000062a        0x2 
 .text.HAL_GPIO_Init
                0x000000001000062c      0x354 ./Drivers/STM32MP1xx_HAL_Driver/stm32mp1xx_hal_gpio.o
                0x000000001000062c                HAL_GPIO_Init
 .text.HAL_GPIO_WritePin
                0x0000000010000980       0x32 ./Drivers/STM32MP1xx_HAL_Driver/stm32mp1xx_hal_gpio.o
                0x0000000010000980                HAL_GPIO_WritePin
 *fill*         0x00000000100009b2        0x2 
 .text.HAL_RCC_OscConfig
                0x00000000100009b4      0x664 ./Drivers/STM32MP1xx_HAL_Driver/stm32mp1xx_hal_rcc.o
                0x00000000100009b4                HAL_RCC_OscConfig
 .text.HAL_RCC_HSEConfig
                0x0000000010001018       0xd6 ./Drivers/STM32MP1xx_HAL_Driver/stm32mp1xx_hal_rcc.o
                0x0000000010001018                HAL_RCC_HSEConfig
 .text.HAL_RCC_LSEConfig
                0x00000000100010ee       0xfa ./Drivers/STM32MP1xx_HAL_Driver/stm32mp1xx_hal_rcc.o
                0x00000000100010ee                HAL_RCC_LSEConfig
 .text.RCC_PLL1_Config
                0x00000000100011e8      0x308 ./Drivers/STM32MP1xx_HAL_Driver/stm32mp1xx_hal_rcc.o
                0x00000000100011e8                RCC_PLL1_Config
 .text.HAL_RCC_ClockConfig
                0x00000000100014f0      0x224 ./Drivers/STM32MP1xx_HAL_Driver/stm32mp1xx_hal_rcc.o
                0x00000000100014f0                HAL_RCC_ClockConfig
 .text.RCC_MPUConfig
                0x0000000010001714       0xec ./Drivers/STM32MP1xx_HAL_Driver/stm32mp1xx_hal_rcc.o
                0x0000000010001714                RCC_MPUConfig
 .text.RCC_AXISSConfig
                0x0000000010001800      0x12e ./Drivers/STM32MP1xx_HAL_Driver/stm32mp1xx_hal_rcc.o
                0x0000000010001800                RCC_AXISSConfig
 *fill*         0x000000001000192e        0x2 
 .text.RCC_MCUConfig
                0x0000000010001930      0x150 ./Drivers/STM32MP1xx_HAL_Driver/stm32mp1xx_hal_rcc.o
                0x0000000010001930                RCC_MCUConfig
 .text.HAL_RCC_GetPLL3ClockFreq
                0x0000000010001a80      0x1f4 ./Drivers/STM32MP1xx_HAL_Driver/stm32mp1xx_hal_rcc.o
                0x0000000010001a80                HAL_RCC_GetPLL3ClockFreq
 .text.HAL_RCC_GetMCUFreq
                0x0000000010001c74       0x36 ./Drivers/STM32MP1xx_HAL_Driver/stm32mp1xx_hal_rcc.o
                0x0000000010001c74                HAL_RCC_GetMCUFreq
 .text.HAL_RCC_GetSystemCoreClockFreq
                0x0000000010001caa        0xe ./Drivers/STM32MP1xx_HAL_Driver/stm32mp1xx_hal_rcc.o
                0x0000000010001caa                HAL_RCC_GetSystemCoreClockFreq
 .text.HAL_RCC_GetMCUSSFreq
                0x0000000010001cb8       0x74 ./Drivers/STM32MP1xx_HAL_Driver/stm32mp1xx_hal_rcc.o
                0x0000000010001cb8                HAL_RCC_GetMCUSSFreq
 .text.HAL_RCC_WAKEUP_IRQHandler
                0x0000000010001d2c       0x2a ./Drivers/STM32MP1xx_HAL_Driver/stm32mp1xx_hal_rcc.o
                0x0000000010001d2c                HAL_RCC_WAKEUP_IRQHandler
 .text.HAL_RCC_WAKEUP_Callback
                0x0000000010001d56        0xe ./Drivers/STM32MP1xx_HAL_Driver/stm32mp1xx_hal_rcc.o
                0x0000000010001d56                HAL_RCC_WAKEUP_Callback
 .text.RCCEx_PLL2_Config
                0x0000000010001d64      0x304 ./Drivers/STM32MP1xx_HAL_Driver/stm32mp1xx_hal_rcc_ex.o
                0x0000000010001d64                RCCEx_PLL2_Config
 .text.RCCEx_PLL3_Config
                0x0000000010002068      0x2d4 ./Drivers/STM32MP1xx_HAL_Driver/stm32mp1xx_hal_rcc_ex.o
                0x0000000010002068                RCCEx_PLL3_Config
 .text.RCCEx_PLL4_Config
                0x000000001000233c      0x2b0 ./Drivers/STM32MP1xx_HAL_Driver/stm32mp1xx_hal_rcc_ex.o
                0x000000001000233c                RCCEx_PLL4_Config
 .text.memset   0x00000000100025ec       0x10 D:/TechnicalSoftWare/ST/STM32CubeIDE_1.14.0/STM32CubeIDE/plugins/com.st.stm32cube.ide.mcu.externaltools.gnu-tools-for-stm32.11.3.rel1.win32_1.1.100.202309141235/tools/bin/../lib/gcc/arm-none-eabi/11.3.1/../../../../arm-none-eabi/lib/thumb/v7e-m+fp/hard\libc_nano.a(libc_a-memset.o)
                0x00000000100025ec                memset
 .text.__libc_init_array
                0x00000000100025fc       0x48 D:/TechnicalSoftWare/ST/STM32CubeIDE_1.14.0/STM32CubeIDE/plugins/com.st.stm32cube.ide.mcu.externaltools.gnu-tools-for-stm32.11.3.rel1.win32_1.1.100.202309141235/tools/bin/../lib/gcc/arm-none-eabi/11.3.1/../../../../arm-none-eabi/lib/thumb/v7e-m+fp/hard\libc_nano.a(libc_a-init.o)
                0x00000000100025fc                __libc_init_array
 *(.glue_7)
 .glue_7        0x0000000010002644        0x0 linker stubs
 *(.glue_7t)
 .glue_7t       0x0000000010002644        0x0 linker stubs
 *(.eh_frame)
 .eh_frame      0x0000000010002644        0x0 D:/TechnicalSoftWare/ST/STM32CubeIDE_1.14.0/STM32CubeIDE/plugins/com.st.stm32cube.ide.mcu.externaltools.gnu-tools-for-stm32.11.3.rel1.win32_1.1.100.202309141235/tools/bin/../lib/gcc/arm-none-eabi/11.3.1/thumb/v7e-m+fp/hard/crtbegin.o
 *(.init)
 .init          0x0000000010002644        0x4 D:/TechnicalSoftWare/ST/STM32CubeIDE_1.14.0/STM32CubeIDE/plugins/com.st.stm32cube.ide.mcu.externaltools.gnu-tools-for-stm32.11.3.rel1.win32_1.1.100.202309141235/tools/bin/../lib/gcc/arm-none-eabi/11.3.1/thumb/v7e-m+fp/hard/crti.o
                0x0000000010002644                _init
 .init          0x0000000010002648        0x8 D:/TechnicalSoftWare/ST/STM32CubeIDE_1.14.0/STM32CubeIDE/plugins/com.st.stm32cube.ide.mcu.externaltools.gnu-tools-for-stm32.11.3.rel1.win32_1.1.100.202309141235/tools/bin/../lib/gcc/arm-none-eabi/11.3.1/thumb/v7e-m+fp/hard/crtn.o
 *(.fini)
 .fini          0x0000000010002650        0x4 D:/TechnicalSoftWare/ST/STM32CubeIDE_1.14.0/STM32CubeIDE/plugins/com.st.stm32cube.ide.mcu.externaltools.gnu-tools-for-stm32.11.3.rel1.win32_1.1.100.202309141235/tools/bin/../lib/gcc/arm-none-eabi/11.3.1/thumb/v7e-m+fp/hard/crti.o
                0x0000000010002650                _fini
 .fini          0x0000000010002654        0x8 D:/TechnicalSoftWare/ST/STM32CubeIDE_1.14.0/STM32CubeIDE/plugins/com.st.stm32cube.ide.mcu.externaltools.gnu-tools-for-stm32.11.3.rel1.win32_1.1.100.202309141235/tools/bin/../lib/gcc/arm-none-eabi/11.3.1/thumb/v7e-m+fp/hard/crtn.o
                0x000000001000265c                . = ALIGN (0x4)
                0x000000001000265c                _etext = .

.vfp11_veneer   0x000000001000265c        0x0
 .vfp11_veneer  0x000000001000265c        0x0 linker stubs

.v4_bx          0x000000001000265c        0x0
 .v4_bx         0x000000001000265c        0x0 linker stubs

.iplt           0x000000001000265c        0x0
 .iplt          0x000000001000265c        0x0 D:/TechnicalSoftWare/ST/STM32CubeIDE_1.14.0/STM32CubeIDE/plugins/com.st.stm32cube.ide.mcu.externaltools.gnu-tools-for-stm32.11.3.rel1.win32_1.1.100.202309141235/tools/bin/../lib/gcc/arm-none-eabi/11.3.1/thumb/v7e-m+fp/hard/crtbegin.o

.startup_copro_fw.Reset_Handler
                0x000000001000265c       0x50
 .startup_copro_fw.Reset_Handler
                0x000000001000265c       0x50 ./Core/Startup/startup_stm32mp157aaax.o
                0x000000001000265c                Reset_Handler

.rel.dyn        0x00000000100026ac        0x0
 .rel.iplt      0x00000000100026ac        0x0 D:/TechnicalSoftWare/ST/STM32CubeIDE_1.14.0/STM32CubeIDE/plugins/com.st.stm32cube.ide.mcu.externaltools.gnu-tools-for-stm32.11.3.rel1.win32_1.1.100.202309141235/tools/bin/../lib/gcc/arm-none-eabi/11.3.1/thumb/v7e-m+fp/hard/crtbegin.o

.rodata         0x00000000100026ac        0x0
                0x00000000100026ac                . = ALIGN (0x4)
 *(.rodata)
 *(.rodata*)
                0x00000000100026ac                . = ALIGN (0x4)

.ARM.extab      0x00000000100026ac        0x0
                0x00000000100026ac                . = ALIGN (0x4)
 *(.ARM.extab* .gnu.linkonce.armextab.*)
                0x00000000100026ac                . = ALIGN (0x4)

.ARM            0x00000000100026ac        0x0
                0x00000000100026ac                . = ALIGN (0x4)
                0x00000000100026ac                __exidx_start = .
 *(.ARM.exidx*)
                0x00000000100026ac                __exidx_end = .
                0x00000000100026ac                . = ALIGN (0x4)

.preinit_array  0x00000000100026ac        0x0
                0x00000000100026ac                . = ALIGN (0x4)
                0x00000000100026ac                PROVIDE (__preinit_array_start = .)
 *(.preinit_array*)
                0x00000000100026ac                PROVIDE (__preinit_array_end = .)
                0x00000000100026ac                . = ALIGN (0x4)

.init_array     0x00000000100026ac        0x4
                0x00000000100026ac                . = ALIGN (0x4)
                0x00000000100026ac                PROVIDE (__init_array_start = .)
 *(SORT_BY_NAME(.init_array.*))
 *(.init_array*)
 .init_array    0x00000000100026ac        0x4 D:/TechnicalSoftWare/ST/STM32CubeIDE_1.14.0/STM32CubeIDE/plugins/com.st.stm32cube.ide.mcu.externaltools.gnu-tools-for-stm32.11.3.rel1.win32_1.1.100.202309141235/tools/bin/../lib/gcc/arm-none-eabi/11.3.1/thumb/v7e-m+fp/hard/crtbegin.o
                0x00000000100026b0                PROVIDE (__init_array_end = .)
                0x00000000100026b0                . = ALIGN (0x4)

.fini_array     0x00000000100026b0        0x4
                0x00000000100026b0                . = ALIGN (0x4)
                [!provide]                        PROVIDE (__fini_array_start = .)
 *(SORT_BY_NAME(.fini_array.*))
 *(.fini_array*)
 .fini_array    0x00000000100026b0        0x4 D:/TechnicalSoftWare/ST/STM32CubeIDE_1.14.0/STM32CubeIDE/plugins/com.st.stm32cube.ide.mcu.externaltools.gnu-tools-for-stm32.11.3.rel1.win32_1.1.100.202309141235/tools/bin/../lib/gcc/arm-none-eabi/11.3.1/thumb/v7e-m+fp/hard/crtbegin.o
                [!provide]                        PROVIDE (__fini_array_end = .)
                0x00000000100026b4                . = ALIGN (0x4)
                0x00000000100026b4                __DATA_ROM = .
                0x00000000100026b4                _sidata = LOADADDR (.data)

.data           0x0000000010020000        0xc load address 0x00000000100026b4
                0x0000000010020000                . = ALIGN (0x4)
                0x0000000010020000                _sdata = .
 *(.data)
 *(.data*)
 .data.SystemCoreClock
                0x0000000010020000        0x4 ./Common/System/system_stm32mp1xx.o
                0x0000000010020000                SystemCoreClock
 .data.uwTickPrio
                0x0000000010020004        0x4 ./Drivers/STM32MP1xx_HAL_Driver/stm32mp1xx_hal.o
                0x0000000010020004                uwTickPrio
 .data.uwTickFreq
                0x0000000010020008        0x1 ./Drivers/STM32MP1xx_HAL_Driver/stm32mp1xx_hal.o
                0x0000000010020008                uwTickFreq
                0x000000001002000c                . = ALIGN (0x4)
 *fill*         0x0000000010020009        0x3 
                0x000000001002000c                _edata = .
                0x00000000100026c0                __DATA_END = (__DATA_ROM + (_edata - _sdata))
                0x0000000010020000                text_end = (ORIGIN (SRAM1_text) + LENGTH (SRAM1_text))
                0x0000000000000001                ASSERT ((__DATA_END <= text_end), region SRAM1_text overflowed with text and data)

.igot.plt       0x000000001002000c        0x0 load address 0x00000000100026c0
 .igot.plt      0x000000001002000c        0x0 D:/TechnicalSoftWare/ST/STM32CubeIDE_1.14.0/STM32CubeIDE/plugins/com.st.stm32cube.ide.mcu.externaltools.gnu-tools-for-stm32.11.3.rel1.win32_1.1.100.202309141235/tools/bin/../lib/gcc/arm-none-eabi/11.3.1/thumb/v7e-m+fp/hard/crtbegin.o

.resource_table
                0x000000001002000c        0x0
                0x000000001002000c                . = ALIGN (0x4)
 *(.resource_table*)
                0x000000001002000c                . = ALIGN (0x4)
                0x000000001002000c                . = ALIGN (0x4)

.bss            0x000000001002000c       0x20 load address 0x00000000100026c0
                0x000000001002000c                _sbss = .
                0x000000001002000c                __bss_start__ = _sbss
 *(.bss)
 .bss           0x000000001002000c       0x1c D:/TechnicalSoftWare/ST/STM32CubeIDE_1.14.0/STM32CubeIDE/plugins/com.st.stm32cube.ide.mcu.externaltools.gnu-tools-for-stm32.11.3.rel1.win32_1.1.100.202309141235/tools/bin/../lib/gcc/arm-none-eabi/11.3.1/thumb/v7e-m+fp/hard/crtbegin.o
 *(.bss*)
 .bss.uwTick    0x0000000010020028        0x4 ./Drivers/STM32MP1xx_HAL_Driver/stm32mp1xx_hal.o
                0x0000000010020028                uwTick
 *(COMMON)
                0x000000001002002c                . = ALIGN (0x4)
                0x000000001002002c                _ebss = .
                0x000000001002002c                __bss_end__ = _ebss

._user_heap_stack
                0x000000001002002c      0x604 load address 0x00000000100026e0
                0x0000000010020030                . = ALIGN (0x8)
 *fill*         0x000000001002002c        0x4 
                [!provide]                        PROVIDE (end = .)
                0x0000000010020030                PROVIDE (_end = .)
                0x0000000010020230                . = (. + _Min_Heap_Size)
 *fill*         0x0000000010020030      0x200 
                0x0000000010020630                . = (. + _Min_Stack_Size)
 *fill*         0x0000000010020230      0x400 
                0x0000000010020630                . = ALIGN (0x8)

/DISCARD/
 libc.a(*)
 libm.a(*)
 libgcc.a(*)

.ARM.attributes
                0x0000000000000000       0x30
 *(.ARM.attributes)
 .ARM.attributes
                0x0000000000000000       0x1e D:/TechnicalSoftWare/ST/STM32CubeIDE_1.14.0/STM32CubeIDE/plugins/com.st.stm32cube.ide.mcu.externaltools.gnu-tools-for-stm32.11.3.rel1.win32_1.1.100.202309141235/tools/bin/../lib/gcc/arm-none-eabi/11.3.1/thumb/v7e-m+fp/hard/crti.o
 .ARM.attributes
                0x000000000000001e       0x34 D:/TechnicalSoftWare/ST/STM32CubeIDE_1.14.0/STM32CubeIDE/plugins/com.st.stm32cube.ide.mcu.externaltools.gnu-tools-for-stm32.11.3.rel1.win32_1.1.100.202309141235/tools/bin/../lib/gcc/arm-none-eabi/11.3.1/thumb/v7e-m+fp/hard/crtbegin.o
 .ARM.attributes
                0x0000000000000052       0x34 ./Common/System/system_stm32mp1xx.o
 .ARM.attributes
                0x0000000000000086       0x34 ./Core/Src/gpio.o
 .ARM.attributes
                0x00000000000000ba       0x34 ./Core/Src/main.o
 .ARM.attributes
                0x00000000000000ee       0x34 ./Core/Src/stm32mp1xx_hal_msp.o
 .ARM.attributes
                0x0000000000000122       0x34 ./Core/Src/stm32mp1xx_it.o
 .ARM.attributes
                0x0000000000000156       0x21 ./Core/Startup/startup_stm32mp157aaax.o
 .ARM.attributes
                0x0000000000000177       0x34 ./Drivers/STM32MP1xx_HAL_Driver/stm32mp1xx_hal.o
 .ARM.attributes
                0x00000000000001ab       0x34 ./Drivers/STM32MP1xx_HAL_Driver/stm32mp1xx_hal_cortex.o
 .ARM.attributes
                0x00000000000001df       0x34 ./Drivers/STM32MP1xx_HAL_Driver/stm32mp1xx_hal_gpio.o
 .ARM.attributes
                0x0000000000000213       0x34 ./Drivers/STM32MP1xx_HAL_Driver/stm32mp1xx_hal_rcc.o
 .ARM.attributes
                0x0000000000000247       0x34 ./Drivers/STM32MP1xx_HAL_Driver/stm32mp1xx_hal_rcc_ex.o
 .ARM.attributes
                0x000000000000027b       0x34 D:/TechnicalSoftWare/ST/STM32CubeIDE_1.14.0/STM32CubeIDE/plugins/com.st.stm32cube.ide.mcu.externaltools.gnu-tools-for-stm32.11.3.rel1.win32_1.1.100.202309141235/tools/bin/../lib/gcc/arm-none-eabi/11.3.1/../../../../arm-none-eabi/lib/thumb/v7e-m+fp/hard\libc_nano.a(libc_a-memset.o)
 .ARM.attributes
                0x00000000000002af       0x34 D:/TechnicalSoftWare/ST/STM32CubeIDE_1.14.0/STM32CubeIDE/plugins/com.st.stm32cube.ide.mcu.externaltools.gnu-tools-for-stm32.11.3.rel1.win32_1.1.100.202309141235/tools/bin/../lib/gcc/arm-none-eabi/11.3.1/../../../../arm-none-eabi/lib/thumb/v7e-m+fp/hard\libc_nano.a(libc_a-init.o)
 .ARM.attributes
                0x00000000000002e3       0x1e D:/TechnicalSoftWare/ST/STM32CubeIDE_1.14.0/STM32CubeIDE/plugins/com.st.stm32cube.ide.mcu.externaltools.gnu-tools-for-stm32.11.3.rel1.win32_1.1.100.202309141235/tools/bin/../lib/gcc/arm-none-eabi/11.3.1/thumb/v7e-m+fp/hard/crtn.o
OUTPUT(DTN_PER_INTERRUPT_CM4.elf elf32-littlearm)
LOAD linker stubs
LOAD D:/TechnicalSoftWare/ST/STM32CubeIDE_1.14.0/STM32CubeIDE/plugins/com.st.stm32cube.ide.mcu.externaltools.gnu-tools-for-stm32.11.3.rel1.win32_1.1.100.202309141235/tools/bin/../lib/gcc/arm-none-eabi/11.3.1/../../../../arm-none-eabi/lib/thumb/v7e-m+fp/hard\libc.a
LOAD D:/TechnicalSoftWare/ST/STM32CubeIDE_1.14.0/STM32CubeIDE/plugins/com.st.stm32cube.ide.mcu.externaltools.gnu-tools-for-stm32.11.3.rel1.win32_1.1.100.202309141235/tools/bin/../lib/gcc/arm-none-eabi/11.3.1/../../../../arm-none-eabi/lib/thumb/v7e-m+fp/hard\libm.a
LOAD D:/TechnicalSoftWare/ST/STM32CubeIDE_1.14.0/STM32CubeIDE/plugins/com.st.stm32cube.ide.mcu.externaltools.gnu-tools-for-stm32.11.3.rel1.win32_1.1.100.202309141235/tools/bin/../lib/gcc/arm-none-eabi/11.3.1/thumb/v7e-m+fp/hard\libgcc.a

.comment        0x0000000000000000       0x43
 .comment       0x0000000000000000       0x43 D:/TechnicalSoftWare/ST/STM32CubeIDE_1.14.0/STM32CubeIDE/plugins/com.st.stm32cube.ide.mcu.externaltools.gnu-tools-for-stm32.11.3.rel1.win32_1.1.100.202309141235/tools/bin/../lib/gcc/arm-none-eabi/11.3.1/thumb/v7e-m+fp/hard/crtbegin.o
                                         0x44 (size before relaxing)
 .comment       0x0000000000000043       0x44 ./Common/System/system_stm32mp1xx.o
 .comment       0x0000000000000043       0x44 ./Core/Src/gpio.o
 .comment       0x0000000000000043       0x44 ./Core/Src/main.o
 .comment       0x0000000000000043       0x44 ./Core/Src/stm32mp1xx_hal_msp.o
 .comment       0x0000000000000043       0x44 ./Core/Src/stm32mp1xx_it.o
 .comment       0x0000000000000043       0x44 ./Drivers/STM32MP1xx_HAL_Driver/stm32mp1xx_hal.o
 .comment       0x0000000000000043       0x44 ./Drivers/STM32MP1xx_HAL_Driver/stm32mp1xx_hal_cortex.o
 .comment       0x0000000000000043       0x44 ./Drivers/STM32MP1xx_HAL_Driver/stm32mp1xx_hal_gpio.o
 .comment       0x0000000000000043       0x44 ./Drivers/STM32MP1xx_HAL_Driver/stm32mp1xx_hal_rcc.o
 .comment       0x0000000000000043       0x44 ./Drivers/STM32MP1xx_HAL_Driver/stm32mp1xx_hal_rcc_ex.o

.debug_info     0x0000000000000000     0x84d1
 .debug_info    0x0000000000000000     0x114b ./Common/System/system_stm32mp1xx.o
 .debug_info    0x000000000000114b     0x1089 ./Core/Src/gpio.o
 .debug_info    0x00000000000021d4      0x52b ./Core/Src/main.o
 .debug_info    0x00000000000026ff      0x4b2 ./Core/Src/stm32mp1xx_hal_msp.o
 .debug_info    0x0000000000002bb1      0x131 ./Core/Src/stm32mp1xx_it.o
 .debug_info    0x0000000000002ce2       0x23 ./Core/Startup/startup_stm32mp157aaax.o
 .debug_info    0x0000000000002d05      0xdcc ./Drivers/STM32MP1xx_HAL_Driver/stm32mp1xx_hal.o
 .debug_info    0x0000000000003ad1      0xe5e ./Drivers/STM32MP1xx_HAL_Driver/stm32mp1xx_hal_cortex.o
 .debug_info    0x000000000000492f      0x9ac ./Drivers/STM32MP1xx_HAL_Driver/stm32mp1xx_hal_gpio.o
 .debug_info    0x00000000000052db     0x1b5e ./Drivers/STM32MP1xx_HAL_Driver/stm32mp1xx_hal_rcc.o
 .debug_info    0x0000000000006e39     0x1698 ./Drivers/STM32MP1xx_HAL_Driver/stm32mp1xx_hal_rcc_ex.o

.debug_abbrev   0x0000000000000000     0x1295
 .debug_abbrev  0x0000000000000000      0x128 ./Common/System/system_stm32mp1xx.o
 .debug_abbrev  0x0000000000000128      0x14f ./Core/Src/gpio.o
 .debug_abbrev  0x0000000000000277      0x1e0 ./Core/Src/main.o
 .debug_abbrev  0x0000000000000457       0x99 ./Core/Src/stm32mp1xx_hal_msp.o
 .debug_abbrev  0x00000000000004f0       0x75 ./Core/Src/stm32mp1xx_it.o
 .debug_abbrev  0x0000000000000565       0x12 ./Core/Startup/startup_stm32mp157aaax.o
 .debug_abbrev  0x0000000000000577      0x29d ./Drivers/STM32MP1xx_HAL_Driver/stm32mp1xx_hal.o
 .debug_abbrev  0x0000000000000814      0x339 ./Drivers/STM32MP1xx_HAL_Driver/stm32mp1xx_hal_cortex.o
 .debug_abbrev  0x0000000000000b4d      0x22e ./Drivers/STM32MP1xx_HAL_Driver/stm32mp1xx_hal_gpio.o
 .debug_abbrev  0x0000000000000d7b      0x2b6 ./Drivers/STM32MP1xx_HAL_Driver/stm32mp1xx_hal_rcc.o
 .debug_abbrev  0x0000000000001031      0x264 ./Drivers/STM32MP1xx_HAL_Driver/stm32mp1xx_hal_rcc_ex.o

.debug_aranges  0x0000000000000000      0x5c0
 .debug_aranges
                0x0000000000000000       0x28 ./Common/System/system_stm32mp1xx.o
 .debug_aranges
                0x0000000000000028       0x20 ./Core/Src/gpio.o
 .debug_aranges
                0x0000000000000048       0x30 ./Core/Src/main.o
 .debug_aranges
                0x0000000000000078       0x20 ./Core/Src/stm32mp1xx_hal_msp.o
 .debug_aranges
                0x0000000000000098       0x68 ./Core/Src/stm32mp1xx_it.o
 .debug_aranges
                0x0000000000000100       0x28 ./Core/Startup/startup_stm32mp157aaax.o
 .debug_aranges
                0x0000000000000128      0x178 ./Drivers/STM32MP1xx_HAL_Driver/stm32mp1xx_hal.o
 .debug_aranges
                0x00000000000002a0      0x100 ./Drivers/STM32MP1xx_HAL_Driver/stm32mp1xx_hal_cortex.o
 .debug_aranges
                0x00000000000003a0       0x68 ./Drivers/STM32MP1xx_HAL_Driver/stm32mp1xx_hal_gpio.o
 .debug_aranges
                0x0000000000000408      0x160 ./Drivers/STM32MP1xx_HAL_Driver/stm32mp1xx_hal_rcc.o
 .debug_aranges
                0x0000000000000568       0x58 ./Drivers/STM32MP1xx_HAL_Driver/stm32mp1xx_hal_rcc_ex.o

.debug_rnglists
                0x0000000000000000      0x435
 .debug_rnglists
                0x0000000000000000       0x1a ./Common/System/system_stm32mp1xx.o
 .debug_rnglists
                0x000000000000001a       0x13 ./Core/Src/gpio.o
 .debug_rnglists
                0x000000000000002d       0x20 ./Core/Src/main.o
 .debug_rnglists
                0x000000000000004d       0x13 ./Core/Src/stm32mp1xx_hal_msp.o
 .debug_rnglists
                0x0000000000000060       0x49 ./Core/Src/stm32mp1xx_it.o
 .debug_rnglists
                0x00000000000000a9       0x19 ./Core/Startup/startup_stm32mp157aaax.o
 .debug_rnglists
                0x00000000000000c2      0x115 ./Drivers/STM32MP1xx_HAL_Driver/stm32mp1xx_hal.o
 .debug_rnglists
                0x00000000000001d7       0xbc ./Drivers/STM32MP1xx_HAL_Driver/stm32mp1xx_hal_cortex.o
 .debug_rnglists
                0x0000000000000293       0x4b ./Drivers/STM32MP1xx_HAL_Driver/stm32mp1xx_hal_gpio.o
 .debug_rnglists
                0x00000000000002de      0x114 ./Drivers/STM32MP1xx_HAL_Driver/stm32mp1xx_hal_rcc.o
 .debug_rnglists
                0x00000000000003f2       0x43 ./Drivers/STM32MP1xx_HAL_Driver/stm32mp1xx_hal_rcc_ex.o

.debug_macro    0x0000000000000000    0x43f10
 .debug_macro   0x0000000000000000      0x26b ./Common/System/system_stm32mp1xx.o
 .debug_macro   0x000000000000026b      0xaae ./Common/System/system_stm32mp1xx.o
 .debug_macro   0x0000000000000d19       0x2e ./Common/System/system_stm32mp1xx.o
 .debug_macro   0x0000000000000d47       0x3a ./Common/System/system_stm32mp1xx.o
 .debug_macro   0x0000000000000d81       0x22 ./Common/System/system_stm32mp1xx.o
 .debug_macro   0x0000000000000da3       0x8e ./Common/System/system_stm32mp1xx.o
 .debug_macro   0x0000000000000e31       0x51 ./Common/System/system_stm32mp1xx.o
 .debug_macro   0x0000000000000e82      0x103 ./Common/System/system_stm32mp1xx.o
 .debug_macro   0x0000000000000f85       0x6a ./Common/System/system_stm32mp1xx.o
 .debug_macro   0x0000000000000fef      0x1df ./Common/System/system_stm32mp1xx.o
 .debug_macro   0x00000000000011ce       0x1c ./Common/System/system_stm32mp1xx.o
 .debug_macro   0x00000000000011ea       0x22 ./Common/System/system_stm32mp1xx.o
 .debug_macro   0x000000000000120c       0xfb ./Common/System/system_stm32mp1xx.o
 .debug_macro   0x0000000000001307     0x1011 ./Common/System/system_stm32mp1xx.o
 .debug_macro   0x0000000000002318      0x11f ./Common/System/system_stm32mp1xx.o
 .debug_macro   0x0000000000002437    0x3b4ec ./Common/System/system_stm32mp1xx.o
 .debug_macro   0x000000000003d923       0x43 ./Common/System/system_stm32mp1xx.o
 .debug_macro   0x000000000003d966       0xd4 ./Common/System/system_stm32mp1xx.o
 .debug_macro   0x000000000003da3a       0x61 ./Common/System/system_stm32mp1xx.o
 .debug_macro   0x000000000003da9b       0x2a ./Common/System/system_stm32mp1xx.o
 .debug_macro   0x000000000003dac5       0x43 ./Common/System/system_stm32mp1xx.o
 .debug_macro   0x000000000003db08       0x34 ./Common/System/system_stm32mp1xx.o
 .debug_macro   0x000000000003db3c       0x16 ./Common/System/system_stm32mp1xx.o
 .debug_macro   0x000000000003db52       0x97 ./Common/System/system_stm32mp1xx.o
 .debug_macro   0x000000000003dbe9      0x369 ./Common/System/system_stm32mp1xx.o
 .debug_macro   0x000000000003df52       0xfd ./Common/System/system_stm32mp1xx.o
 .debug_macro   0x000000000003e04f       0x10 ./Common/System/system_stm32mp1xx.o
 .debug_macro   0x000000000003e05f       0x16 ./Common/System/system_stm32mp1xx.o
 .debug_macro   0x000000000003e075       0x43 ./Common/System/system_stm32mp1xx.o
 .debug_macro   0x000000000003e0b8       0x34 ./Common/System/system_stm32mp1xx.o
 .debug_macro   0x000000000003e0ec       0x10 ./Common/System/system_stm32mp1xx.o
 .debug_macro   0x000000000003e0fc       0x58 ./Common/System/system_stm32mp1xx.o
 .debug_macro   0x000000000003e154       0x8e ./Common/System/system_stm32mp1xx.o
 .debug_macro   0x000000000003e1e2       0x1c ./Common/System/system_stm32mp1xx.o
 .debug_macro   0x000000000003e1fe      0x177 ./Common/System/system_stm32mp1xx.o
 .debug_macro   0x000000000003e375       0x16 ./Common/System/system_stm32mp1xx.o
 .debug_macro   0x000000000003e38b       0x16 ./Common/System/system_stm32mp1xx.o
 .debug_macro   0x000000000003e3a1      0x147 ./Common/System/system_stm32mp1xx.o
 .debug_macro   0x000000000003e4e8       0x5b ./Common/System/system_stm32mp1xx.o
 .debug_macro   0x000000000003e543     0x1d00 ./Common/System/system_stm32mp1xx.o
 .debug_macro   0x0000000000040243      0x9b1 ./Common/System/system_stm32mp1xx.o
 .debug_macro   0x0000000000040bf4       0x2e ./Common/System/system_stm32mp1xx.o
 .debug_macro   0x0000000000040c22      0x33a ./Common/System/system_stm32mp1xx.o
 .debug_macro   0x0000000000040f5c      0x13a ./Common/System/system_stm32mp1xx.o
 .debug_macro   0x0000000000041096      0x2f2 ./Common/System/system_stm32mp1xx.o
 .debug_macro   0x0000000000041388       0x27 ./Common/System/system_stm32mp1xx.o
 .debug_macro   0x00000000000413af      0x558 ./Common/System/system_stm32mp1xx.o
 .debug_macro   0x0000000000041907       0xe0 ./Common/System/system_stm32mp1xx.o
 .debug_macro   0x00000000000419e7       0x66 ./Common/System/system_stm32mp1xx.o
 .debug_macro   0x0000000000041a4d      0x3c9 ./Common/System/system_stm32mp1xx.o
 .debug_macro   0x0000000000041e16      0x227 ./Common/System/system_stm32mp1xx.o
 .debug_macro   0x000000000004203d      0x152 ./Common/System/system_stm32mp1xx.o
 .debug_macro   0x000000000004218f      0x1f9 ./Common/System/system_stm32mp1xx.o
 .debug_macro   0x0000000000042388       0x19 ./Common/System/system_stm32mp1xx.o
 .debug_macro   0x00000000000423a1      0x521 ./Common/System/system_stm32mp1xx.o
 .debug_macro   0x00000000000428c2      0x279 ./Core/Src/gpio.o
 .debug_macro   0x0000000000042b3b      0x27d ./Core/Src/main.o
 .debug_macro   0x0000000000042db8      0x26f ./Core/Src/stm32mp1xx_hal_msp.o
 .debug_macro   0x0000000000043027      0x279 ./Core/Src/stm32mp1xx_it.o
 .debug_macro   0x00000000000432a0      0x295 ./Drivers/STM32MP1xx_HAL_Driver/stm32mp1xx_hal.o
 .debug_macro   0x0000000000043535      0x265 ./Drivers/STM32MP1xx_HAL_Driver/stm32mp1xx_hal_cortex.o
 .debug_macro   0x000000000004379a      0x29a ./Drivers/STM32MP1xx_HAL_Driver/stm32mp1xx_hal_gpio.o
 .debug_macro   0x0000000000043a34      0x271 ./Drivers/STM32MP1xx_HAL_Driver/stm32mp1xx_hal_rcc.o
 .debug_macro   0x0000000000043ca5      0x26b ./Drivers/STM32MP1xx_HAL_Driver/stm32mp1xx_hal_rcc_ex.o

.debug_line     0x0000000000000000     0x985a
 .debug_line    0x0000000000000000      0xaa9 ./Common/System/system_stm32mp1xx.o
 .debug_line    0x0000000000000aa9      0x9ba ./Core/Src/gpio.o
 .debug_line    0x0000000000001463      0xa22 ./Core/Src/main.o
 .debug_line    0x0000000000001e85      0x9aa ./Core/Src/stm32mp1xx_hal_msp.o
 .debug_line    0x000000000000282f      0xa7f ./Core/Src/stm32mp1xx_it.o
 .debug_line    0x00000000000032ae       0x7b ./Core/Startup/startup_stm32mp157aaax.o
 .debug_line    0x0000000000003329      0xee2 ./Drivers/STM32MP1xx_HAL_Driver/stm32mp1xx_hal.o
 .debug_line    0x000000000000420b      0xee7 ./Drivers/STM32MP1xx_HAL_Driver/stm32mp1xx_hal_cortex.o
 .debug_line    0x00000000000050f2      0xef4 ./Drivers/STM32MP1xx_HAL_Driver/stm32mp1xx_hal_gpio.o
 .debug_line    0x0000000000005fe6     0x1d47 ./Drivers/STM32MP1xx_HAL_Driver/stm32mp1xx_hal_rcc.o
 .debug_line    0x0000000000007d2d     0x1b2d ./Drivers/STM32MP1xx_HAL_Driver/stm32mp1xx_hal_rcc_ex.o

.debug_str      0x0000000000000000   0x1bf414
 .debug_str     0x0000000000000000   0x1bcc1a ./Common/System/system_stm32mp1xx.o
                                     0x1bcf5f (size before relaxing)
 .debug_str     0x00000000001bcc1a      0x154 ./Core/Src/gpio.o
                                     0x1bcf5e (size before relaxing)
 .debug_str     0x00000000001bcd6e      0x319 ./Core/Src/main.o
                                     0x1bc582 (size before relaxing)
 .debug_str     0x00000000001bd087      0x856 ./Core/Src/stm32mp1xx_hal_msp.o
                                     0x1bcaa5 (size before relaxing)
 .debug_str     0x00000000001bd8dd       0xe5 ./Core/Src/stm32mp1xx_it.o
                                     0x1bc2ff (size before relaxing)
 .debug_str     0x00000000001bd9c2       0x35 ./Core/Startup/startup_stm32mp157aaax.o
                                         0x74 (size before relaxing)
 .debug_str     0x00000000001bd9f7      0x7f3 ./Drivers/STM32MP1xx_HAL_Driver/stm32mp1xx_hal.o
                                     0x1bd39b (size before relaxing)
 .debug_str     0x00000000001be1ea      0x353 ./Drivers/STM32MP1xx_HAL_Driver/stm32mp1xx_hal_cortex.o
                                     0x1bcfc7 (size before relaxing)
 .debug_str     0x00000000001be53d      0x34f ./Drivers/STM32MP1xx_HAL_Driver/stm32mp1xx_hal_gpio.o
                                     0x1bc794 (size before relaxing)
 .debug_str     0x00000000001be88c      0x71b ./Drivers/STM32MP1xx_HAL_Driver/stm32mp1xx_hal_rcc.o
                                     0x1bd840 (size before relaxing)
 .debug_str     0x00000000001befa7      0x46d ./Drivers/STM32MP1xx_HAL_Driver/stm32mp1xx_hal_rcc_ex.o
                                     0x1bd6cf (size before relaxing)

.debug_frame    0x0000000000000000     0x1534
 .debug_frame   0x0000000000000000       0x58 ./Common/System/system_stm32mp1xx.o
 .debug_frame   0x0000000000000058       0x34 ./Core/Src/gpio.o
 .debug_frame   0x000000000000008c       0x6c ./Core/Src/main.o
 .debug_frame   0x00000000000000f8       0x2c ./Core/Src/stm32mp1xx_hal_msp.o
 .debug_frame   0x0000000000000124      0x120 ./Core/Src/stm32mp1xx_it.o
 .debug_frame   0x0000000000000244      0x5e8 ./Drivers/STM32MP1xx_HAL_Driver/stm32mp1xx_hal.o
 .debug_frame   0x000000000000082c      0x428 ./Drivers/STM32MP1xx_HAL_Driver/stm32mp1xx_hal_cortex.o
 .debug_frame   0x0000000000000c54      0x198 ./Drivers/STM32MP1xx_HAL_Driver/stm32mp1xx_hal_gpio.o
 .debug_frame   0x0000000000000dec      0x5b0 ./Drivers/STM32MP1xx_HAL_Driver/stm32mp1xx_hal_rcc.o
 .debug_frame   0x000000000000139c      0x14c ./Drivers/STM32MP1xx_HAL_Driver/stm32mp1xx_hal_rcc_ex.o
 .debug_frame   0x00000000000014e8       0x20 D:/TechnicalSoftWare/ST/STM32CubeIDE_1.14.0/STM32CubeIDE/plugins/com.st.stm32cube.ide.mcu.externaltools.gnu-tools-for-stm32.11.3.rel1.win32_1.1.100.202309141235/tools/bin/../lib/gcc/arm-none-eabi/11.3.1/../../../../arm-none-eabi/lib/thumb/v7e-m+fp/hard\libc_nano.a(libc_a-memset.o)
 .debug_frame   0x0000000000001508       0x2c D:/TechnicalSoftWare/ST/STM32CubeIDE_1.14.0/STM32CubeIDE/plugins/com.st.stm32cube.ide.mcu.externaltools.gnu-tools-for-stm32.11.3.rel1.win32_1.1.100.202309141235/tools/bin/../lib/gcc/arm-none-eabi/11.3.1/../../../../arm-none-eabi/lib/thumb/v7e-m+fp/hard\libc_nano.a(libc_a-init.o)

.debug_line_str
                0x0000000000000000       0x68
 .debug_line_str
                0x0000000000000000       0x68 ./Core/Startup/startup_stm32mp157aaax.o
                                         0x81 (size before relaxing)
