Archive member included to satisfy reference by file (symbol)

D:/TechnicalSoftWare/ST/STM32CubeIDE_1.14.0/STM32CubeIDE/plugins/com.st.stm32cube.ide.mcu.externaltools.gnu-tools-for-stm32.11.3.rel1.win32_1.1.100.202309141235/tools/bin/../lib/gcc/arm-none-eabi/11.3.1/../../../../arm-none-eabi/lib/thumb/v7e-m+fp/hard\libc_nano.a(libc_a-exit.o)
                              D:/TechnicalSoftWare/ST/STM32CubeIDE_1.14.0/STM32CubeIDE/plugins/com.st.stm32cube.ide.mcu.externaltools.gnu-tools-for-stm32.11.3.rel1.win32_1.1.100.202309141235/tools/bin/../lib/gcc/arm-none-eabi/11.3.1/../../../../arm-none-eabi/lib/thumb/v7e-m+fp/hard/crt0.o (exit)
D:/TechnicalSoftWare/ST/STM32CubeIDE_1.14.0/STM32CubeIDE/plugins/com.st.stm32cube.ide.mcu.externaltools.gnu-tools-for-stm32.11.3.rel1.win32_1.1.100.202309141235/tools/bin/../lib/gcc/arm-none-eabi/11.3.1/../../../../arm-none-eabi/lib/thumb/v7e-m+fp/hard\libc_nano.a(libc_a-findfp.o)
                              D:/TechnicalSoftWare/ST/STM32CubeIDE_1.14.0/STM32CubeIDE/plugins/com.st.stm32cube.ide.mcu.externaltools.gnu-tools-for-stm32.11.3.rel1.win32_1.1.100.202309141235/tools/bin/../lib/gcc/arm-none-eabi/11.3.1/../../../../arm-none-eabi/lib/thumb/v7e-m+fp/hard\libc_nano.a(libc_a-exit.o) (__stdio_exit_handler)
D:/TechnicalSoftWare/ST/STM32CubeIDE_1.14.0/STM32CubeIDE/plugins/com.st.stm32cube.ide.mcu.externaltools.gnu-tools-for-stm32.11.3.rel1.win32_1.1.100.202309141235/tools/bin/../lib/gcc/arm-none-eabi/11.3.1/../../../../arm-none-eabi/lib/thumb/v7e-m+fp/hard\libc_nano.a(libc_a-fwalk.o)
                              D:/TechnicalSoftWare/ST/STM32CubeIDE_1.14.0/STM32CubeIDE/plugins/com.st.stm32cube.ide.mcu.externaltools.gnu-tools-for-stm32.11.3.rel1.win32_1.1.100.202309141235/tools/bin/../lib/gcc/arm-none-eabi/11.3.1/../../../../arm-none-eabi/lib/thumb/v7e-m+fp/hard\libc_nano.a(libc_a-findfp.o) (_fwalk_sglue)
D:/TechnicalSoftWare/ST/STM32CubeIDE_1.14.0/STM32CubeIDE/plugins/com.st.stm32cube.ide.mcu.externaltools.gnu-tools-for-stm32.11.3.rel1.win32_1.1.100.202309141235/tools/bin/../lib/gcc/arm-none-eabi/11.3.1/../../../../arm-none-eabi/lib/thumb/v7e-m+fp/hard\libc_nano.a(libc_a-puts.o)
                              ./Core/Src/main.o (puts)
D:/TechnicalSoftWare/ST/STM32CubeIDE_1.14.0/STM32CubeIDE/plugins/com.st.stm32cube.ide.mcu.externaltools.gnu-tools-for-stm32.11.3.rel1.win32_1.1.100.202309141235/tools/bin/../lib/gcc/arm-none-eabi/11.3.1/../../../../arm-none-eabi/lib/thumb/v7e-m+fp/hard\libc_nano.a(libc_a-stdio.o)
                              D:/TechnicalSoftWare/ST/STM32CubeIDE_1.14.0/STM32CubeIDE/plugins/com.st.stm32cube.ide.mcu.externaltools.gnu-tools-for-stm32.11.3.rel1.win32_1.1.100.202309141235/tools/bin/../lib/gcc/arm-none-eabi/11.3.1/../../../../arm-none-eabi/lib/thumb/v7e-m+fp/hard\libc_nano.a(libc_a-findfp.o) (__sread)
D:/TechnicalSoftWare/ST/STM32CubeIDE_1.14.0/STM32CubeIDE/plugins/com.st.stm32cube.ide.mcu.externaltools.gnu-tools-for-stm32.11.3.rel1.win32_1.1.100.202309141235/tools/bin/../lib/gcc/arm-none-eabi/11.3.1/../../../../arm-none-eabi/lib/thumb/v7e-m+fp/hard\libc_nano.a(libc_a-wbuf.o)
                              D:/TechnicalSoftWare/ST/STM32CubeIDE_1.14.0/STM32CubeIDE/plugins/com.st.stm32cube.ide.mcu.externaltools.gnu-tools-for-stm32.11.3.rel1.win32_1.1.100.202309141235/tools/bin/../lib/gcc/arm-none-eabi/11.3.1/../../../../arm-none-eabi/lib/thumb/v7e-m+fp/hard\libc_nano.a(libc_a-puts.o) (__swbuf_r)
D:/TechnicalSoftWare/ST/STM32CubeIDE_1.14.0/STM32CubeIDE/plugins/com.st.stm32cube.ide.mcu.externaltools.gnu-tools-for-stm32.11.3.rel1.win32_1.1.100.202309141235/tools/bin/../lib/gcc/arm-none-eabi/11.3.1/../../../../arm-none-eabi/lib/thumb/v7e-m+fp/hard\libc_nano.a(libc_a-wsetup.o)
                              D:/TechnicalSoftWare/ST/STM32CubeIDE_1.14.0/STM32CubeIDE/plugins/com.st.stm32cube.ide.mcu.externaltools.gnu-tools-for-stm32.11.3.rel1.win32_1.1.100.202309141235/tools/bin/../lib/gcc/arm-none-eabi/11.3.1/../../../../arm-none-eabi/lib/thumb/v7e-m+fp/hard\libc_nano.a(libc_a-puts.o) (__swsetup_r)
D:/TechnicalSoftWare/ST/STM32CubeIDE_1.14.0/STM32CubeIDE/plugins/com.st.stm32cube.ide.mcu.externaltools.gnu-tools-for-stm32.11.3.rel1.win32_1.1.100.202309141235/tools/bin/../lib/gcc/arm-none-eabi/11.3.1/../../../../arm-none-eabi/lib/thumb/v7e-m+fp/hard\libc_nano.a(libc_a-memset.o)
                              D:/TechnicalSoftWare/ST/STM32CubeIDE_1.14.0/STM32CubeIDE/plugins/com.st.stm32cube.ide.mcu.externaltools.gnu-tools-for-stm32.11.3.rel1.win32_1.1.100.202309141235/tools/bin/../lib/gcc/arm-none-eabi/11.3.1/../../../../arm-none-eabi/lib/thumb/v7e-m+fp/hard/crt0.o (memset)
D:/TechnicalSoftWare/ST/STM32CubeIDE_1.14.0/STM32CubeIDE/plugins/com.st.stm32cube.ide.mcu.externaltools.gnu-tools-for-stm32.11.3.rel1.win32_1.1.100.202309141235/tools/bin/../lib/gcc/arm-none-eabi/11.3.1/../../../../arm-none-eabi/lib/thumb/v7e-m+fp/hard\libc_nano.a(libc_a-closer.o)
[...]
Memory Configuration

Name             Origin             Length             Attributes
RETRAM_interrupts 0x0000000000000000 0x0000000000000600 xrw
SRAM1_text       0x0000000010000000 0x0000000000020000 xrw
SRAM2_data       0x0000000010020000 0x0000000000020000 xrw
SRAM3_ipc_shm    0x0000000010040000 0x0000000000010000 xrw
SRAM4            0x0000000010050000 0x0000000000010000 xrw
*default*        0x0000000000000000 0xffffffffffffffff

Linker script and memory map

LOAD D:/TechnicalSoftWare/ST/STM32CubeIDE_1.14.0/STM32CubeIDE/plugins/com.st.stm32cube.ide.mcu.externaltools.gnu-tools-for-stm32.11.3.rel1.win32_1.1.100.202309141235/tools/bin/../lib/gcc/arm-none-eabi/11.3.1/thumb/v7e-m+fp/hard/crti.o
LOAD D:/TechnicalSoftWare/ST/STM32CubeIDE_1.14.0/STM32CubeIDE/plugins/com.st.stm32cube.ide.mcu.externaltools.gnu-tools-for-stm32.11.3.rel1.win32_1.1.100.202309141235/tools/bin/../lib/gcc/arm-none-eabi/11.3.1/thumb/v7e-m+fp/hard/crtbegin.o
LOAD D:/TechnicalSoftWare/ST/STM32CubeIDE_1.14.0/STM32CubeIDE/plugins/com.st.stm32cube.ide.mcu.externaltools.gnu-tools-for-stm32.11.3.rel1.win32_1.1.100.202309141235/tools/bin/../lib/gcc/arm-none-eabi/11.3.1/../../../../arm-none-eabi/lib/thumb/v7e-m+fp/hard/crt0.o
LOAD ./Common/System/system_stm32mp1xx.o
LOAD ./Core/Src/gpio.o
LOAD ./Core/Src/main.o
LOAD ./Core/Src/stm32mp1xx_hal_msp.o
LOAD ./Core/Src/stm32mp1xx_it.o
LOAD ./Core/Src/syscalls.o
LOAD ./Core/Src/sysmem.o
LOAD ./Core/Src/usart.o
LOAD ./Core/Startup/startup_stm32mp157aaax.o
LOAD ./Drivers/STM32MP1xx_HAL_Driver/stm32mp1xx_hal.o
LOAD ./Drivers/STM32MP1xx_HAL_Driver/stm32mp1xx_hal_cortex.o
LOAD ./Drivers/STM32MP1xx_HAL_Driver/stm32mp1xx_hal_dma.o
LOAD ./Drivers/STM32MP1xx_HAL_Driver/stm32mp1xx_hal_dma_ex.o
LOAD ./Drivers/STM32MP1xx_HAL_Driver/stm32mp1xx_hal_exti.o
LOAD ./Drivers/STM32MP1xx_HAL_Driver/stm32mp1xx_hal_gpio.o
LOAD ./Drivers/STM32MP1xx_HAL_Driver/stm32mp1xx_hal_hsem.o
LOAD ./Drivers/STM32MP1xx_HAL_Driver/stm32mp1xx_hal_mdma.o
LOAD ./Drivers/STM32MP1xx_HAL_Driver/stm32mp1xx_hal_pwr.o
LOAD ./Drivers/STM32MP1xx_HAL_Driver/stm32mp1xx_hal_pwr_ex.o
LOAD ./Drivers/STM32MP1xx_HAL_Driver/stm32mp1xx_hal_rcc.o
LOAD ./Drivers/STM32MP1xx_HAL_Driver/stm32mp1xx_hal_rcc_ex.o
LOAD ./Drivers/STM32MP1xx_HAL_Driver/stm32mp1xx_hal_tim.o
LOAD ./Drivers/STM32MP1xx_HAL_Driver/stm32mp1xx_hal_tim_ex.o
LOAD ./Drivers/STM32MP1xx_HAL_Driver/stm32mp1xx_hal_uart.o
LOAD ./Drivers/STM32MP1xx_HAL_Driver/stm32mp1xx_hal_uart_ex.o
START GROUP
LOAD D:/TechnicalSoftWare/ST/STM32CubeIDE_1.14.0/STM32CubeIDE/plugins/com.st.stm32cube.ide.mcu.externaltools.gnu-tools-for-stm32.11.3.rel1.win32_1.1.100.202309141235/tools/bin/../lib/gcc/arm-none-eabi/11.3.1/../../../../arm-none-eabi/lib/thumb/v7e-m+fp/hard\libc_nano.a
LOAD D:/TechnicalSoftWare/ST/STM32CubeIDE_1.14.0/STM32CubeIDE/plugins/com.st.stm32cube.ide.mcu.externaltools.gnu-tools-for-stm32.11.3.rel1.win32_1.1.100.202309141235/tools/bin/../lib/gcc/arm-none-eabi/11.3.1/../../../../arm-none-eabi/lib/thumb/v7e-m+fp/hard\libm.a
END GROUP
START GROUP
LOAD D:/TechnicalSoftWare/ST/STM32CubeIDE_1.14.0/STM32CubeIDE/plugins/com.st.stm32cube.ide.mcu.externaltools.gnu-tools-for-stm32.11.3.rel1.win32_1.1.100.202309141235/tools/bin/../lib/gcc/arm-none-eabi/11.3.1/thumb/v7e-m+fp/hard\libgcc.a
LOAD D:/TechnicalSoftWare/ST/STM32CubeIDE_1.14.0/STM32CubeIDE/plugins/com.st.stm32cube.ide.mcu.externaltools.gnu-tools-for-stm32.11.3.rel1.win32_1.1.100.202309141235/tools/bin/../lib/gcc/arm-none-eabi/11.3.1/../../../../arm-none-eabi/lib/thumb/v7e-m+fp/hard\libc_nano.a
END GROUP
START GROUP
LOAD D:/TechnicalSoftWare/ST/STM32CubeIDE_1.14.0/STM32CubeIDE/plugins/com.st.stm32cube.ide.mcu.externaltools.gnu-tools-for-stm32.11.3.rel1.win32_1.1.100.202309141235/tools/bin/../lib/gcc/arm-none-eabi/11.3.1/thumb/v7e-m+fp/hard\libgcc.a
LOAD D:/TechnicalSoftWare/ST/STM32CubeIDE_1.14.0/STM32CubeIDE/plugins/com.st.stm32cube.ide.mcu.externaltools.gnu-tools-for-stm32.11.3.rel1.win32_1.1.100.202309141235/tools/bin/../lib/gcc/arm-none-eabi/11.3.1/../../../../arm-none-eabi/lib/thumb/v7e-m+fp/hard\libc_nano.a
LOAD D:/TechnicalSoftWare/ST/STM32CubeIDE_1.14.0/STM32CubeIDE/plugins/com.st.stm32cube.ide.mcu.externaltools.gnu-tools-for-stm32.11.3.rel1.win32_1.1.100.202309141235/tools/bin/../lib/gcc/arm-none-eabi/11.3.1/../../../../arm-none-eabi/lib/thumb/v7e-m+fp/hard\libnosys.a
END GROUP
START GROUP
LOAD D:/TechnicalSoftWare/ST/STM32CubeIDE_1.14.0/STM32CubeIDE/plugins/com.st.stm32cube.ide.mcu.externaltools.gnu-tools-for-stm32.11.3.rel1.win32_1.1.100.202309141235/tools/bin/../lib/gcc/arm-none-eabi/11.3.1/thumb/v7e-m+fp/hard\libgcc.a
LOAD D:/TechnicalSoftWare/ST/STM32CubeIDE_1.14.0/STM32CubeIDE/plugins/com.st.stm32cube.ide.mcu.externaltools.gnu-tools-for-stm32.11.3.rel1.win32_1.1.100.202309141235/tools/bin/../lib/gcc/arm-none-eabi/11.3.1/../../../../arm-none-eabi/lib/thumb/v7e-m+fp/hard\libc_nano.a
LOAD D:/TechnicalSoftWare/ST/STM32CubeIDE_1.14.0/STM32CubeIDE/plugins/com.st.stm32cube.ide.mcu.externaltools.gnu-tools-for-stm32.11.3.rel1.win32_1.1.100.202309141235/tools/bin/../lib/gcc/arm-none-eabi/11.3.1/../../../../arm-none-eabi/lib/thumb/v7e-m+fp/hard\libnosys.a
END GROUP
LOAD D:/TechnicalSoftWare/ST/STM32CubeIDE_1.14.0/STM32CubeIDE/plugins/com.st.stm32cube.ide.mcu.externaltools.gnu-tools-for-stm32.11.3.rel1.win32_1.1.100.202309141235/tools/bin/../lib/gcc/arm-none-eabi/11.3.1/thumb/v7e-m+fp/hard/crtend.o
LOAD D:/TechnicalSoftWare/ST/STM32CubeIDE_1.14.0/STM32CubeIDE/plugins/com.st.stm32cube.ide.mcu.externaltools.gnu-tools-for-stm32.11.3.rel1.win32_1.1.100.202309141235/tools/bin/../lib/gcc/arm-none-eabi/11.3.1/thumb/v7e-m+fp/hard/crtn.o
                0x0000000010040000                _estack = (ORIGIN (SRAM2_data) + LENGTH (SRAM2_data))
                0x0000000000000200                _Min_Heap_Size = 0x200
                0x0000000000000400                _Min_Stack_Size = 0x400
                0x0000000010040000                __OPENAMP_region_start__ = ORIGIN (SRAM3_ipc_shm)
                0x0000000010050000                __OPENAMP_region_end__ = (ORIGIN (SRAM3_ipc_shm) + LENGTH (SRAM3_ipc_shm))

.isr_vector     0x0000000000000000      0x298
                0x0000000000000000                . = ALIGN (0x4)
 *(.isr_vector)
 .isr_vector    0x0000000000000000      0x298 ./Core/Startup/startup_stm32mp157aaax.o
                0x0000000000000000                g_pfnVectors
                0x0000000000000298                . = ALIGN (0x4)

.text           0x0000000010000000     0x6c90
                0x0000000010000000                . = ALIGN (0x4)
 *(.text)
 .text          0x0000000010000000       0x40 D:/TechnicalSoftWare/ST/STM32CubeIDE_1.14.0/STM32CubeIDE/plugins/com.st.stm32cube.ide.mcu.externaltools.gnu-tools-for-stm32.11.3.rel1.win32_1.1.100.202309141235/tools/bin/../lib/gcc/arm-none-eabi/11.3.1/thumb/v7e-m+fp/hard/crtbegin.o
 *(.text*)
 .text.SystemInit
                0x0000000010000040       0x4c ./Common/System/system_stm32mp1xx.o
                0x0000000010000040                SystemInit
 .text.MX_GPIO_Init
                0x000000001000008c       0x22 ./Core/Src/gpio.o
                0x000000001000008c                MX_GPIO_Init
 *fill*         0x00000000100000ae        0x2 
 .text.main     0x00000000100000b0       0x58 ./Core/Src/main.o
                0x00000000100000b0                main
 .text.SystemClock_Config
                0x0000000010000108      0x13c ./Core/Src/main.o
                0x0000000010000108                SystemClock_Config
 .text.Error_Handler
                0x0000000010000244        0xa ./Core/Src/main.o
                0x0000000010000244                Error_Handler
 .text.HAL_MspInit
                0x000000001000024e       0x6c ./Core/Src/stm32mp1xx_hal_msp.o
                0x000000001000024e                HAL_MspInit
 .text.NMI_Handler
                0x00000000100002ba        0x6 ./Core/Src/stm32mp1xx_it.o
                0x00000000100002ba                NMI_Handler
 .text.HardFault_Handler
                0x00000000100002c0        0x6 ./Core/Src/stm32mp1xx_it.o
                0x00000000100002c0                HardFault_Handler
 .text.MemManage_Handler
                0x00000000100002c6        0x6 ./Core/Src/stm32mp1xx_it.o
                0x00000000100002c6                MemManage_Handler
 .text.BusFault_Handler
                0x00000000100002cc        0x6 ./Core/Src/stm32mp1xx_it.o
                0x00000000100002cc                BusFault_Handler
 .text.UsageFault_Handler
                0x00000000100002d2        0x6 ./Core/Src/stm32mp1xx_it.o
                0x00000000100002d2                UsageFault_Handler
 .text.SVC_Handler
                0x00000000100002d8        0xe ./Core/Src/stm32mp1xx_it.o
                0x00000000100002d8                SVC_Handler
 .text.DebugMon_Handler
                0x00000000100002e6        0xe ./Core/Src/stm32mp1xx_it.o
                0x00000000100002e6                DebugMon_Handler
 .text.PendSV_Handler
                0x00000000100002f4        0xe ./Core/Src/stm32mp1xx_it.o
                0x00000000100002f4                PendSV_Handler
 .text.SysTick_Handler
                0x0000000010000302        0xc ./Core/Src/stm32mp1xx_it.o
                0x0000000010000302                SysTick_Handler
 .text.RCC_WAKEUP_IRQHandler
                0x000000001000030e        0xc ./Core/Src/stm32mp1xx_it.o
                0x000000001000030e                RCC_WAKEUP_IRQHandler
 .text._read    0x000000001000031a       0x3a ./Core/Src/syscalls.o
                0x000000001000031a                _read
 .text._write   0x0000000010000354       0x38 ./Core/Src/syscalls.o
                0x0000000010000354                _write
 .text._close   0x000000001000038c       0x18 ./Core/Src/syscalls.o
                0x000000001000038c                _close
 .text._fstat   0x00000000100003a4       0x20 ./Core/Src/syscalls.o
                0x00000000100003a4                _fstat
 .text._isatty  0x00000000100003c4       0x16 ./Core/Src/syscalls.o
                0x00000000100003c4                _isatty
 .text._lseek   0x00000000100003da       0x1a ./Core/Src/syscalls.o
                0x00000000100003da                _lseek
 .text._sbrk    0x00000000100003f4       0x6c ./Core/Src/sysmem.o
                0x00000000100003f4                _sbrk
 .text.MX_UART4_Init
                0x0000000010000460       0x98 ./Core/Src/usart.o
                0x0000000010000460                MX_UART4_Init
 .text.HAL_UART_MspInit
                0x00000000100004f8      0x108 ./Core/Src/usart.o
                0x00000000100004f8                HAL_UART_MspInit
 .text.Default_Handler
                0x0000000010000600        0x2 ./Core/Startup/startup_stm32mp157aaax.o
                0x0000000010000600                EXTI2_IRQHandler
                0x0000000010000600                TIM8_TRG_COM_IRQHandler
                0x0000000010000600                TIM8_CC_IRQHandler
                0x0000000010000600                EXTI5_IRQHandler
                0x0000000010000600                UART8_IRQHandler
                0x0000000010000600                SPI4_IRQHandler
                0x0000000010000600                EXTI13_IRQHandler
                0x0000000010000600                TIM1_CC_IRQHandler
                0x0000000010000600                DMA2_Stream5_IRQHandler
                0x0000000010000600                ETH1_WKUP_IRQHandler
                0x0000000010000600                TAMP_IRQHandler
                0x0000000010000600                DMA1_Stream5_IRQHandler
                0x0000000010000600                TIM6_IRQHandler
                0x0000000010000600                EXTI12_IRQHandler
                0x0000000010000600                EXTI3_IRQHandler
                0x0000000010000600                LPTIM4_IRQHandler
                0x0000000010000600                EXTI8_IRQHandler
                0x0000000010000600                LPTIM2_IRQHandler
                0x0000000010000600                DFSDM1_FLT1_IRQHandler
                0x0000000010000600                I2C3_ER_IRQHandler
                0x0000000010000600                DFSDM1_FLT2_IRQHandler
                0x0000000010000600                I2C5_EV_IRQHandler
                0x0000000010000600                MDMA_IRQHandler
                0x0000000010000600                IPCC_TX1_IRQHandler
                0x0000000010000600                LPTIM3_IRQHandler
                0x0000000010000600                EXTI0_IRQHandler
                0x0000000010000600                I2C2_EV_IRQHandler
                0x0000000010000600                DMA1_Stream2_IRQHandler
                0x0000000010000600                FPU_IRQHandler
                0x0000000010000600                USBH_OHCI_IRQHandler
                0x0000000010000600                FDCAN1_IT1_IRQHandler
                0x0000000010000600                LTDC_ER_IRQHandler
                0x0000000010000600                DMA2_Stream2_IRQHandler
                0x0000000010000600                IPCC_RX0_IRQHandler
                0x0000000010000600                OTG_IRQHandler
                0x0000000010000600                SPI1_IRQHandler
                0x0000000010000600                DCMI_IRQHandler
                0x0000000010000600                TIM8_UP_IRQHandler
                0x0000000010000600                DMA2_Stream3_IRQHandler
                0x0000000010000600                USBH_EHCI_IRQHandler
                0x0000000010000600                nCTIIRQ2_IRQHandler
                0x0000000010000600                HASH1_IRQHandler
                0x0000000010000600                GPU_IRQHandler
                0x0000000010000600                SAI2_IRQHandler
                0x0000000010000600                ADC1_IRQHandler
                0x0000000010000600                RESERVED148_IRQHandler
                0x0000000010000600                RTC_TIMESTAMP_IRQHandler
                0x0000000010000600                DFSDM1_FLT3_IRQHandler
                0x0000000010000600                USART6_IRQHandler
                0x0000000010000600                EXTI15_IRQHandler
                0x0000000010000600                TIM17_IRQHandler
                0x0000000010000600                USART3_IRQHandler
                0x0000000010000600                EXTI9_IRQHandler
                0x0000000010000600                LPTIM5_IRQHandler
                0x0000000010000600                UART5_IRQHandler
                0x0000000010000600                DMA2_Stream0_IRQHandler
                0x0000000010000600                TIM4_IRQHandler
                0x0000000010000600                CRYP2_IRQHandler
                0x0000000010000600                QUADSPI_IRQHandler
                0x0000000010000600                I2C1_EV_IRQHandler
                0x0000000010000600                DMA1_Stream6_IRQHandler
                0x0000000010000600                RESERVED99_IRQHandler
                0x0000000010000600                DMAMUX1_OVR_IRQHandler
                0x0000000010000600                DMA1_Stream1_IRQHandler
                0x0000000010000600                TIM16_IRQHandler
                0x0000000010000600                UART4_IRQHandler
                0x0000000010000600                TIM3_IRQHandler
                0x0000000010000600                RCC_IRQHandler
                0x0000000010000600                TIM1_TRG_COM_IRQHandler
                0x0000000010000600                nCTIIRQ1_IRQHandler
                0x0000000010000600                Default_Handler
                0x0000000010000600                IPCC_RX1_IRQHandler
                0x0000000010000600                CEC_IRQHandler
                0x0000000010000600                DFSDM1_FLT4_IRQHandler
                0x0000000010000600                TIM14_IRQHandler
                0x0000000010000600                I2C5_ER_IRQHandler
                0x0000000010000600                TIM13_IRQHandler
                0x0000000010000600                DMA1_Stream7_IRQHandler
                0x0000000010000600                IPCC_TX0_IRQHandler
                0x0000000010000600                SPI5_IRQHandler
                0x0000000010000600                TIM12_IRQHandler
                0x0000000010000600                TIM7_IRQHandler
                0x0000000010000600                SDMMC1_IRQHandler
                0x0000000010000600                TIM5_IRQHandler
                0x0000000010000600                DMA2_Stream7_IRQHandler
                0x0000000010000600                TIM15_IRQHandler
                0x0000000010000600                PVD_AVD_IRQHandler
                0x0000000010000600                I2C3_EV_IRQHandler
                0x0000000010000600                SDMMC3_IRQHandler
                0x0000000010000600                ETH1_IRQHandler
                0x0000000010000600                LTDC_IRQHandler
                0x0000000010000600                SAI3_IRQHandler
                0x0000000010000600                SPDIF_RX_IRQHandler
                0x0000000010000600                ADC2_IRQHandler
                0x0000000010000600                SPI2_IRQHandler
                0x0000000010000600                DFSDM1_FLT5_IRQHandler
                0x0000000010000600                DMA1_Stream0_IRQHandler
                0x0000000010000600                EXTI14_IRQHandler
                0x0000000010000600                EXTI11_IRQHandler
                0x0000000010000600                CRYP1_IRQHandler
                0x0000000010000600                RNG2_IRQHandler
                0x0000000010000600                RNG1_IRQHandler
                0x0000000010000600                HASH2_IRQHandler
                0x0000000010000600                EXTI4_IRQHandler
                0x0000000010000600                ETH1_LPI_IRQHandler
                0x0000000010000600                FDCAN2_IT1_IRQHandler
                0x0000000010000600                DSI_IRQHandler
                0x0000000010000600                TIM1_UP_IRQHandler
                0x0000000010000600                HSEM_IT2_IRQHandler
                0x0000000010000600                SPI6_IRQHandler
                0x0000000010000600                MDIOS_IRQHandler
                0x0000000010000600                I2C4_EV_IRQHandler
                0x0000000010000600                FDCAN2_IT0_IRQHandler
                0x0000000010000600                I2C6_ER_IRQHandler
                0x0000000010000600                FDCAN1_IT0_IRQHandler
                0x0000000010000600                TIM2_IRQHandler
                0x0000000010000600                EXTI7_IRQHandler
                0x0000000010000600                TIM1_BRK_IRQHandler
                0x0000000010000600                DAC_IRQHandler
                0x0000000010000600                EXTI1_IRQHandler
                0x0000000010000600                SDMMC2_IRQHandler
                0x0000000010000600                DTS_IRQHandler
                0x0000000010000600                UART7_IRQHandler
                0x0000000010000600                USART2_IRQHandler
                0x0000000010000600                I2C6_EV_IRQHandler
                0x0000000010000600                DFSDM1_FLT0_IRQHandler
                0x0000000010000600                SAI4_IRQHandler
                0x0000000010000600                I2C2_ER_IRQHandler
                0x0000000010000600                DMA2_Stream1_IRQHandler
                0x0000000010000600                TIM8_BRK_IRQHandler
                0x0000000010000600                WWDG1_IRQHandler
                0x0000000010000600                DMA2_Stream4_IRQHandler
                0x0000000010000600                USART1_IRQHandler
                0x0000000010000600                RESERVED143_IRQHandler
                0x0000000010000600                EXTI10_IRQHandler
                0x0000000010000600                SPI3_IRQHandler
                0x0000000010000600                WAKEUP_PIN_IRQHandler
                0x0000000010000600                DMA1_Stream4_IRQHandler
                0x0000000010000600                I2C1_ER_IRQHandler
                0x0000000010000600                FMC_IRQHandler
                0x0000000010000600                FDCAN_CAL_IRQHandler
                0x0000000010000600                EXTI6_IRQHandler
                0x0000000010000600                MPU_SEV_IRQHandler
                0x0000000010000600                LPTIM1_IRQHandler
                0x0000000010000600                RTC_WKUP_ALARM_IRQHandler
                0x0000000010000600                I2C4_ER_IRQHandler
                0x0000000010000600                DMA2_Stream6_IRQHandler
                0x0000000010000600                SAI1_IRQHandler
                0x0000000010000600                DMA1_Stream3_IRQHandler
                0x0000000010000600                RESERVED4_IRQHandler
 *fill*         0x0000000010000602        0x2 
 .text.HAL_Init
                0x0000000010000604       0x34 ./Drivers/STM32MP1xx_HAL_Driver/stm32mp1xx_hal.o
                0x0000000010000604                HAL_Init
 .text.HAL_InitTick
                0x0000000010000638       0x6c ./Drivers/STM32MP1xx_HAL_Driver/stm32mp1xx_hal.o
                0x0000000010000638                HAL_InitTick
 .text.HAL_IncTick
                0x00000000100006a4       0x28 ./Drivers/STM32MP1xx_HAL_Driver/stm32mp1xx_hal.o
                0x00000000100006a4                HAL_IncTick
 .text.HAL_GetTick
                0x00000000100006cc       0x18 ./Drivers/STM32MP1xx_HAL_Driver/stm32mp1xx_hal.o
                0x00000000100006cc                HAL_GetTick
 .text.__NVIC_SetPriorityGrouping
                0x00000000100006e4       0x48 ./Drivers/STM32MP1xx_HAL_Driver/stm32mp1xx_hal_cortex.o
 .text.__NVIC_GetPriorityGrouping
                0x000000001000072c       0x1c ./Drivers/STM32MP1xx_HAL_Driver/stm32mp1xx_hal_cortex.o
 .text.__NVIC_EnableIRQ
                0x0000000010000748       0x3c ./Drivers/STM32MP1xx_HAL_Driver/stm32mp1xx_hal_cortex.o
 .text.__NVIC_SetPriority
                0x0000000010000784       0x54 ./Drivers/STM32MP1xx_HAL_Driver/stm32mp1xx_hal_cortex.o
 .text.NVIC_EncodePriority
                0x00000000100007d8       0x66 ./Drivers/STM32MP1xx_HAL_Driver/stm32mp1xx_hal_cortex.o
 *fill*         0x000000001000083e        0x2 
 .text.SysTick_Config
                0x0000000010000840       0x44 ./Drivers/STM32MP1xx_HAL_Driver/stm32mp1xx_hal_cortex.o
 .text.HAL_NVIC_SetPriorityGrouping
                0x0000000010000884       0x16 ./Drivers/STM32MP1xx_HAL_Driver/stm32mp1xx_hal_cortex.o
                0x0000000010000884                HAL_NVIC_SetPriorityGrouping
 .text.HAL_NVIC_SetPriority
                0x000000001000089a       0x38 ./Drivers/STM32MP1xx_HAL_Driver/stm32mp1xx_hal_cortex.o
                0x000000001000089a                HAL_NVIC_SetPriority
 .text.HAL_NVIC_EnableIRQ
                0x00000000100008d2       0x1c ./Drivers/STM32MP1xx_HAL_Driver/stm32mp1xx_hal_cortex.o
                0x00000000100008d2                HAL_NVIC_EnableIRQ
 .text.HAL_SYSTICK_Config
                0x00000000100008ee       0x18 ./Drivers/STM32MP1xx_HAL_Driver/stm32mp1xx_hal_cortex.o
                0x00000000100008ee                HAL_SYSTICK_Config
 *fill*         0x0000000010000906        0x2 
 .text.HAL_GPIO_Init
                0x0000000010000908      0x354 ./Drivers/STM32MP1xx_HAL_Driver/stm32mp1xx_hal_gpio.o
                0x0000000010000908                HAL_GPIO_Init
 .text.HAL_RCC_OscConfig
                0x0000000010000c5c      0x664 ./Drivers/STM32MP1xx_HAL_Driver/stm32mp1xx_hal_rcc.o
                0x0000000010000c5c                HAL_RCC_OscConfig
 .text.HAL_RCC_HSEConfig
                0x00000000100012c0       0xd6 ./Drivers/STM32MP1xx_HAL_Driver/stm32mp1xx_hal_rcc.o
                0x00000000100012c0                HAL_RCC_HSEConfig
 .text.HAL_RCC_LSEConfig
                0x0000000010001396       0xfa ./Drivers/STM32MP1xx_HAL_Driver/stm32mp1xx_hal_rcc.o
                0x0000000010001396                HAL_RCC_LSEConfig
 .text.RCC_PLL1_Config
                0x0000000010001490      0x308 ./Drivers/STM32MP1xx_HAL_Driver/stm32mp1xx_hal_rcc.o
                0x0000000010001490                RCC_PLL1_Config
 .text.HAL_RCC_ClockConfig
                0x0000000010001798      0x224 ./Drivers/STM32MP1xx_HAL_Driver/stm32mp1xx_hal_rcc.o
                0x0000000010001798                HAL_RCC_ClockConfig
 .text.RCC_MPUConfig
                0x00000000100019bc       0xec ./Drivers/STM32MP1xx_HAL_Driver/stm32mp1xx_hal_rcc.o
                0x00000000100019bc                RCC_MPUConfig
 .text.RCC_AXISSConfig
                0x0000000010001aa8      0x12e ./Drivers/STM32MP1xx_HAL_Driver/stm32mp1xx_hal_rcc.o
                0x0000000010001aa8                RCC_AXISSConfig
 *fill*         0x0000000010001bd6        0x2 
 .text.RCC_MCUConfig
                0x0000000010001bd8      0x150 ./Drivers/STM32MP1xx_HAL_Driver/stm32mp1xx_hal_rcc.o
                0x0000000010001bd8                RCC_MCUConfig
 .text.HAL_RCC_GetPLL2ClockFreq
                0x0000000010001d28      0x1d8 ./Drivers/STM32MP1xx_HAL_Driver/stm32mp1xx_hal_rcc.o
                0x0000000010001d28                HAL_RCC_GetPLL2ClockFreq
 .text.HAL_RCC_GetPLL3ClockFreq
                0x0000000010001f00      0x1f4 ./Drivers/STM32MP1xx_HAL_Driver/stm32mp1xx_hal_rcc.o
                0x0000000010001f00                HAL_RCC_GetPLL3ClockFreq
 .text.HAL_RCC_GetPLL4ClockFreq
                0x00000000100020f4      0x210 ./Drivers/STM32MP1xx_HAL_Driver/stm32mp1xx_hal_rcc.o
                0x00000000100020f4                HAL_RCC_GetPLL4ClockFreq
 .text.HAL_RCC_GetPCLK1Freq
                0x0000000010002304       0x36 ./Drivers/STM32MP1xx_HAL_Driver/stm32mp1xx_hal_rcc.o
                0x0000000010002304                HAL_RCC_GetPCLK1Freq
 .text.HAL_RCC_GetPCLK2Freq
                0x000000001000233a       0x36 ./Drivers/STM32MP1xx_HAL_Driver/stm32mp1xx_hal_rcc.o
                0x000000001000233a                HAL_RCC_GetPCLK2Freq
 .text.HAL_RCC_GetPCLK5Freq
                0x0000000010002370       0x34 ./Drivers/STM32MP1xx_HAL_Driver/stm32mp1xx_hal_rcc.o
                0x0000000010002370                HAL_RCC_GetPCLK5Freq
 .text.HAL_RCC_GetACLKFreq
                0x00000000100023a4       0x3a ./Drivers/STM32MP1xx_HAL_Driver/stm32mp1xx_hal_rcc.o
                0x00000000100023a4                HAL_RCC_GetACLKFreq
 .text.HAL_RCC_GetMCUFreq
                0x00000000100023de       0x36 ./Drivers/STM32MP1xx_HAL_Driver/stm32mp1xx_hal_rcc.o
                0x00000000100023de                HAL_RCC_GetMCUFreq
 .text.HAL_RCC_GetSystemCoreClockFreq
                0x0000000010002414        0xe ./Drivers/STM32MP1xx_HAL_Driver/stm32mp1xx_hal_rcc.o
                0x0000000010002414                HAL_RCC_GetSystemCoreClockFreq
 *fill*         0x0000000010002422        0x2 
 .text.HAL_RCC_GetAXISSFreq
                0x0000000010002424       0x7c ./Drivers/STM32MP1xx_HAL_Driver/stm32mp1xx_hal_rcc.o
                0x0000000010002424                HAL_RCC_GetAXISSFreq
 .text.HAL_RCC_GetMCUSSFreq
                0x00000000100024a0       0x74 ./Drivers/STM32MP1xx_HAL_Driver/stm32mp1xx_hal_rcc.o
                0x00000000100024a0                HAL_RCC_GetMCUSSFreq
 .text.HAL_RCC_WAKEUP_IRQHandler
                0x0000000010002514       0x2a ./Drivers/STM32MP1xx_HAL_Driver/stm32mp1xx_hal_rcc.o
                0x0000000010002514                HAL_RCC_WAKEUP_IRQHandler
 .text.HAL_RCC_WAKEUP_Callback
                0x000000001000253e        0xe ./Drivers/STM32MP1xx_HAL_Driver/stm32mp1xx_hal_rcc.o
                0x000000001000253e                HAL_RCC_WAKEUP_Callback
 .text.RCCEx_PLL2_Config
                0x000000001000254c      0x304 ./Drivers/STM32MP1xx_HAL_Driver/stm32mp1xx_hal_rcc_ex.o
                0x000000001000254c                RCCEx_PLL2_Config
 .text.RCCEx_PLL3_Config
                0x0000000010002850      0x2d4 ./Drivers/STM32MP1xx_HAL_Driver/stm32mp1xx_hal_rcc_ex.o
                0x0000000010002850                RCCEx_PLL3_Config
 .text.RCCEx_PLL4_Config
                0x0000000010002b24      0x2b0 ./Drivers/STM32MP1xx_HAL_Driver/stm32mp1xx_hal_rcc_ex.o
                0x0000000010002b24                RCCEx_PLL4_Config
 .text.HAL_RCCEx_PeriphCLKConfig
                0x0000000010002dd4     0x1d28 ./Drivers/STM32MP1xx_HAL_Driver/stm32mp1xx_hal_rcc_ex.o
                0x0000000010002dd4                HAL_RCCEx_PeriphCLKConfig
 .text.HAL_UART_Init
                0x0000000010004afc       0xa0 ./Drivers/STM32MP1xx_HAL_Driver/stm32mp1xx_hal_uart.o
                0x0000000010004afc                HAL_UART_Init
 .text.HAL_UART_Transmit
                0x0000000010004b9c      0x12e ./Drivers/STM32MP1xx_HAL_Driver/stm32mp1xx_hal_uart.o
                0x0000000010004b9c                HAL_UART_Transmit
 *fill*         0x0000000010004cca        0x2 
 .text.UART_SetConfig
                0x0000000010004ccc     0x114c ./Drivers/STM32MP1xx_HAL_Driver/stm32mp1xx_hal_uart.o
                0x0000000010004ccc                UART_SetConfig
 .text.UART_AdvFeatureConfig
                0x0000000010005e18      0x144 ./Drivers/STM32MP1xx_HAL_Driver/stm32mp1xx_hal_uart.o
                0x0000000010005e18                UART_AdvFeatureConfig
 .text.UART_CheckIdleState
                0x0000000010005f5c       0x90 ./Drivers/STM32MP1xx_HAL_Driver/stm32mp1xx_hal_uart.o
                0x0000000010005f5c                UART_CheckIdleState
 .text.UART_WaitOnFlagUntilTimeout
                0x0000000010005fec      0x100 ./Drivers/STM32MP1xx_HAL_Driver/stm32mp1xx_hal_uart.o
                0x0000000010005fec                UART_WaitOnFlagUntilTimeout
 .text.HAL_UARTEx_DisableFifoMode
                0x00000000100060ec       0x72 ./Drivers/STM32MP1xx_HAL_Driver/stm32mp1xx_hal_uart_ex.o
                0x00000000100060ec                HAL_UARTEx_DisableFifoMode
 .text.HAL_UARTEx_SetTxFifoThreshold
                0x000000001000615e       0x7c ./Drivers/STM32MP1xx_HAL_Driver/stm32mp1xx_hal_uart_ex.o
                0x000000001000615e                HAL_UARTEx_SetTxFifoThreshold
 .text.HAL_UARTEx_SetRxFifoThreshold
                0x00000000100061da       0x7c ./Drivers/STM32MP1xx_HAL_Driver/stm32mp1xx_hal_uart_ex.o
                0x00000000100061da                HAL_UARTEx_SetRxFifoThreshold
 *fill*         0x0000000010006256        0x2 
 .text.UARTEx_SetNbDataToProcess
                0x0000000010006258       0xc8 ./Drivers/STM32MP1xx_HAL_Driver/stm32mp1xx_hal_uart_ex.o
 .text.std      0x0000000010006320       0x6c D:/TechnicalSoftWare/ST/STM32CubeIDE_1.14.0/STM32CubeIDE/plugins/com.st.stm32cube.ide.mcu.externaltools.gnu-tools-for-stm32.11.3.rel1.win32_1.1.100.202309141235/tools/bin/../lib/gcc/arm-none-eabi/11.3.1/../../../../arm-none-eabi/lib/thumb/v7e-m+fp/hard\libc_nano.a(libc_a-findfp.o)
 .text.stdio_exit_handler
                0x000000001000638c       0x18 D:/TechnicalSoftWare/ST/STM32CubeIDE_1.14.0/STM32CubeIDE/plugins/com.st.stm32cube.ide.mcu.externaltools.gnu-tools-for-stm32.11.3.rel1.win32_1.1.100.202309141235/tools/bin/../lib/gcc/arm-none-eabi/11.3.1/../../../../arm-none-eabi/lib/thumb/v7e-m+fp/hard\libc_nano.a(libc_a-findfp.o)
 .text.cleanup_stdio
                0x00000000100063a4       0x40 D:/TechnicalSoftWare/ST/STM32CubeIDE_1.14.0/STM32CubeIDE/plugins/com.st.stm32cube.ide.mcu.externaltools.gnu-tools-for-stm32.11.3.rel1.win32_1.1.100.202309141235/tools/bin/../lib/gcc/arm-none-eabi/11.3.1/../../../../arm-none-eabi/lib/thumb/v7e-m+fp/hard\libc_nano.a(libc_a-findfp.o)
 .text.global_stdio_init.part.0
                0x00000000100063e4       0x3c D:/TechnicalSoftWare/ST/STM32CubeIDE_1.14.0/STM32CubeIDE/plugins/com.st.stm32cube.ide.mcu.externaltools.gnu-tools-for-stm32.11.3.rel1.win32_1.1.100.202309141235/tools/bin/../lib/gcc/arm-none-eabi/11.3.1/../../../../arm-none-eabi/lib/thumb/v7e-m+fp/hard\libc_nano.a(libc_a-findfp.o)
 .text.__sfp_lock_acquire
                0x0000000010006420        0xc D:/TechnicalSoftWare/ST/STM32CubeIDE_1.14.0/STM32CubeIDE/plugins/com.st.stm32cube.ide.mcu.externaltools.gnu-tools-for-stm32.11.3.rel1.win32_1.1.100.202309141235/tools/bin/../lib/gcc/arm-none-eabi/11.3.1/../../../../arm-none-eabi/lib/thumb/v7e-m+fp/hard\libc_nano.a(libc_a-findfp.o)
                0x0000000010006420                __sfp_lock_acquire
 .text.__sfp_lock_release
                0x000000001000642c        0xc D:/TechnicalSoftWare/ST/STM32CubeIDE_1.14.0/STM32CubeIDE/plugins/com.st.stm32cube.ide.mcu.externaltools.gnu-tools-for-stm32.11.3.rel1.win32_1.1.100.202309141235/tools/bin/../lib/gcc/arm-none-eabi/11.3.1/../../../../arm-none-eabi/lib/thumb/v7e-m+fp/hard\libc_nano.a(libc_a-findfp.o)
                0x000000001000642c                __sfp_lock_release
 .text.__sinit  0x0000000010006438       0x30 D:/TechnicalSoftWare/ST/STM32CubeIDE_1.14.0/STM32CubeIDE/plugins/com.st.stm32cube.ide.mcu.externaltools.gnu-tools-for-stm32.11.3.rel1.win32_1.1.100.202309141235/tools/bin/../lib/gcc/arm-none-eabi/11.3.1/../../../../arm-none-eabi/lib/thumb/v7e-m+fp/hard\libc_nano.a(libc_a-findfp.o)
                0x0000000010006438                __sinit
 .text._fwalk_sglue
                0x0000000010006468       0x3c D:/TechnicalSoftWare/ST/STM32CubeIDE_1.14.0/STM32CubeIDE/plugins/com.st.stm32cube.ide.mcu.externaltools.gnu-tools-for-stm32.11.3.rel1.win32_1.1.100.202309141235/tools/bin/../lib/gcc/arm-none-eabi/11.3.1/../../../../arm-none-eabi/lib/thumb/v7e-m+fp/hard\libc_nano.a(libc_a-fwalk.o)
                0x0000000010006468                _fwalk_sglue
 .text._puts_r  0x00000000100064a4       0xa8 D:/TechnicalSoftWare/ST/STM32CubeIDE_1.14.0/STM32CubeIDE/plugins/com.st.stm32cube.ide.mcu.externaltools.gnu-tools-for-stm32.11.3.rel1.win32_1.1.100.202309141235/tools/bin/../lib/gcc/arm-none-eabi/11.3.1/../../../../arm-none-eabi/lib/thumb/v7e-m+fp/hard\libc_nano.a(libc_a-puts.o)
                0x00000000100064a4                _puts_r
 .text.puts     0x000000001000654c       0x10 D:/TechnicalSoftWare/ST/STM32CubeIDE_1.14.0/STM32CubeIDE/plugins/com.st.stm32cube.ide.mcu.externaltools.gnu-tools-for-stm32.11.3.rel1.win32_1.1.100.202309141235/tools/bin/../lib/gcc/arm-none-eabi/11.3.1/../../../../arm-none-eabi/lib/thumb/v7e-m+fp/hard\libc_nano.a(libc_a-puts.o)
                0x000000001000654c                puts
 .text.__sread  0x000000001000655c       0x22 D:/TechnicalSoftWare/ST/STM32CubeIDE_1.14.0/STM32CubeIDE/plugins/com.st.stm32cube.ide.mcu.externaltools.gnu-tools-for-stm32.11.3.rel1.win32_1.1.100.202309141235/tools/bin/../lib/gcc/arm-none-eabi/11.3.1/../../../../arm-none-eabi/lib/thumb/v7e-m+fp/hard\libc_nano.a(libc_a-stdio.o)
                0x000000001000655c                __sread
 .text.__swrite
                0x000000001000657e       0x38 D:/TechnicalSoftWare/ST/STM32CubeIDE_1.14.0/STM32CubeIDE/plugins/com.st.stm32cube.ide.mcu.externaltools.gnu-tools-for-stm32.11.3.rel1.win32_1.1.100.202309141235/tools/bin/../lib/gcc/arm-none-eabi/11.3.1/../../../../arm-none-eabi/lib/thumb/v7e-m+fp/hard\libc_nano.a(libc_a-stdio.o)
                0x000000001000657e                __swrite
 .text.__sseek  0x00000000100065b6       0x24 D:/TechnicalSoftWare/ST/STM32CubeIDE_1.14.0/STM32CubeIDE/plugins/com.st.stm32cube.ide.mcu.externaltools.gnu-tools-for-stm32.11.3.rel1.win32_1.1.100.202309141235/tools/bin/../lib/gcc/arm-none-eabi/11.3.1/../../../../arm-none-eabi/lib/thumb/v7e-m+fp/hard\libc_nano.a(libc_a-stdio.o)
                0x00000000100065b6                __sseek
 .text.__sclose
                0x00000000100065da        0x8 D:/TechnicalSoftWare/ST/STM32CubeIDE_1.14.0/STM32CubeIDE/plugins/com.st.stm32cube.ide.mcu.externaltools.gnu-tools-for-stm32.11.3.rel1.win32_1.1.100.202309141235/tools/bin/../lib/gcc/arm-none-eabi/11.3.1/../../../../arm-none-eabi/lib/thumb/v7e-m+fp/hard\libc_nano.a(libc_a-stdio.o)
                0x00000000100065da                __sclose
 .text.__swbuf_r
                0x00000000100065e2       0x7a D:/TechnicalSoftWare/ST/STM32CubeIDE_1.14.0/STM32CubeIDE/plugins/com.st.stm32cube.ide.mcu.externaltools.gnu-tools-for-stm32.11.3.rel1.win32_1.1.100.202309141235/tools/bin/../lib/gcc/arm-none-eabi/11.3.1/../../../../arm-none-eabi/lib/thumb/v7e-m+fp/hard\libc_nano.a(libc_a-wbuf.o)
                0x00000000100065e2                __swbuf_r
 .text.__swsetup_r
                0x000000001000665c       0xb0 D:/TechnicalSoftWare/ST/STM32CubeIDE_1.14.0/STM32CubeIDE/plugins/com.st.stm32cube.ide.mcu.externaltools.gnu-tools-for-stm32.11.3.rel1.win32_1.1.100.202309141235/tools/bin/../lib/gcc/arm-none-eabi/11.3.1/../../../../arm-none-eabi/lib/thumb/v7e-m+fp/hard\libc_nano.a(libc_a-wsetup.o)
                0x000000001000665c                __swsetup_r
 .text.memset   0x000000001000670c       0x10 D:/TechnicalSoftWare/ST/STM32CubeIDE_1.14.0/STM32CubeIDE/plugins/com.st.stm32cube.ide.mcu.externaltools.gnu-tools-for-stm32.11.3.rel1.win32_1.1.100.202309141235/tools/bin/../lib/gcc/arm-none-eabi/11.3.1/../../../../arm-none-eabi/lib/thumb/v7e-m+fp/hard\libc_nano.a(libc_a-memset.o)
                0x000000001000670c                memset
 .text._close_r
                0x000000001000671c       0x20 D:/TechnicalSoftWare/ST/STM32CubeIDE_1.14.0/STM32CubeIDE/plugins/com.st.stm32cube.ide.mcu.externaltools.gnu-tools-for-stm32.11.3.rel1.win32_1.1.100.202309141235/tools/bin/../lib/gcc/arm-none-eabi/11.3.1/../../../../arm-none-eabi/lib/thumb/v7e-m+fp/hard\libc_nano.a(libc_a-closer.o)
                0x000000001000671c                _close_r
 .text._lseek_r
                0x000000001000673c       0x24 D:/TechnicalSoftWare/ST/STM32CubeIDE_1.14.0/STM32CubeIDE/plugins/com.st.stm32cube.ide.mcu.externaltools.gnu-tools-for-stm32.11.3.rel1.win32_1.1.100.202309141235/tools/bin/../lib/gcc/arm-none-eabi/11.3.1/../../../../arm-none-eabi/lib/thumb/v7e-m+fp/hard\libc_nano.a(libc_a-lseekr.o)
                0x000000001000673c                _lseek_r
 .text._read_r  0x0000000010006760       0x24 D:/TechnicalSoftWare/ST/STM32CubeIDE_1.14.0/STM32CubeIDE/plugins/com.st.stm32cube.ide.mcu.externaltools.gnu-tools-for-stm32.11.3.rel1.win32_1.1.100.202309141235/tools/bin/../lib/gcc/arm-none-eabi/11.3.1/../../../../arm-none-eabi/lib/thumb/v7e-m+fp/hard\libc_nano.a(libc_a-readr.o)
                0x0000000010006760                _read_r
 .text._write_r
                0x0000000010006784       0x24 D:/TechnicalSoftWare/ST/STM32CubeIDE_1.14.0/STM32CubeIDE/plugins/com.st.stm32cube.ide.mcu.externaltools.gnu-tools-for-stm32.11.3.rel1.win32_1.1.100.202309141235/tools/bin/../lib/gcc/arm-none-eabi/11.3.1/../../../../arm-none-eabi/lib/thumb/v7e-m+fp/hard\libc_nano.a(libc_a-writer.o)
                0x0000000010006784                _write_r
 .text.__errno  0x00000000100067a8        0xc D:/TechnicalSoftWare/ST/STM32CubeIDE_1.14.0/STM32CubeIDE/plugins/com.st.stm32cube.ide.mcu.externaltools.gnu-tools-for-stm32.11.3.rel1.win32_1.1.100.202309141235/tools/bin/../lib/gcc/arm-none-eabi/11.3.1/../../../../arm-none-eabi/lib/thumb/v7e-m+fp/hard\libc_nano.a(libc_a-errno.o)
                0x00000000100067a8                __errno
 .text.__libc_init_array
                0x00000000100067b4       0x48 D:/TechnicalSoftWare/ST/STM32CubeIDE_1.14.0/STM32CubeIDE/plugins/com.st.stm32cube.ide.mcu.externaltools.gnu-tools-for-stm32.11.3.rel1.win32_1.1.100.202309141235/tools/bin/../lib/gcc/arm-none-eabi/11.3.1/../../../../arm-none-eabi/lib/thumb/v7e-m+fp/hard\libc_nano.a(libc_a-init.o)
                0x00000000100067b4                __libc_init_array
 .text.__retarget_lock_init_recursive
                0x00000000100067fc        0x2 D:/TechnicalSoftWare/ST/STM32CubeIDE_1.14.0/STM32CubeIDE/plugins/com.st.stm32cube.ide.mcu.externaltools.gnu-tools-for-stm32.11.3.rel1.win32_1.1.100.202309141235/tools/bin/../lib/gcc/arm-none-eabi/11.3.1/../../../../arm-none-eabi/lib/thumb/v7e-m+fp/hard\libc_nano.a(libc_a-lock.o)
                0x00000000100067fc                __retarget_lock_init_recursive
 .text.__retarget_lock_acquire_recursive
                0x00000000100067fe        0x2 D:/TechnicalSoftWare/ST/STM32CubeIDE_1.14.0/STM32CubeIDE/plugins/com.st.stm32cube.ide.mcu.externaltools.gnu-tools-for-stm32.11.3.rel1.win32_1.1.100.202309141235/tools/bin/../lib/gcc/arm-none-eabi/11.3.1/../../../../arm-none-eabi/lib/thumb/v7e-m+fp/hard\libc_nano.a(libc_a-lock.o)
                0x00000000100067fe                __retarget_lock_acquire_recursive
 .text.__retarget_lock_release_recursive
                0x0000000010006800        0x2 D:/TechnicalSoftWare/ST/STM32CubeIDE_1.14.0/STM32CubeIDE/plugins/com.st.stm32cube.ide.mcu.externaltools.gnu-tools-for-stm32.11.3.rel1.win32_1.1.100.202309141235/tools/bin/../lib/gcc/arm-none-eabi/11.3.1/../../../../arm-none-eabi/lib/thumb/v7e-m+fp/hard\libc_nano.a(libc_a-lock.o)
                0x0000000010006800                __retarget_lock_release_recursive
 *fill*         0x0000000010006802        0x2 
 .text._free_r  0x0000000010006804       0x98 D:/TechnicalSoftWare/ST/STM32CubeIDE_1.14.0/STM32CubeIDE/plugins/com.st.stm32cube.ide.mcu.externaltools.gnu-tools-for-stm32.11.3.rel1.win32_1.1.100.202309141235/tools/bin/../lib/gcc/arm-none-eabi/11.3.1/../../../../arm-none-eabi/lib/thumb/v7e-m+fp/hard\libc_nano.a(libc_a-freer.o)
                0x0000000010006804                _free_r
 .text.sbrk_aligned
                0x000000001000689c       0x40 D:/TechnicalSoftWare/ST/STM32CubeIDE_1.14.0/STM32CubeIDE/plugins/com.st.stm32cube.ide.mcu.externaltools.gnu-tools-for-stm32.11.3.rel1.win32_1.1.100.202309141235/tools/bin/../lib/gcc/arm-none-eabi/11.3.1/../../../../arm-none-eabi/lib/thumb/v7e-m+fp/hard\libc_nano.a(libc_a-mallocr.o)
 .text._malloc_r
                0x00000000100068dc      0x100 D:/TechnicalSoftWare/ST/STM32CubeIDE_1.14.0/STM32CubeIDE/plugins/com.st.stm32cube.ide.mcu.externaltools.gnu-tools-for-stm32.11.3.rel1.win32_1.1.100.202309141235/tools/bin/../lib/gcc/arm-none-eabi/11.3.1/../../../../arm-none-eabi/lib/thumb/v7e-m+fp/hard\libc_nano.a(libc_a-mallocr.o)
                0x00000000100068dc                _malloc_r
 .text.__malloc_lock
                0x00000000100069dc        0xc D:/TechnicalSoftWare/ST/STM32CubeIDE_1.14.0/STM32CubeIDE/plugins/com.st.stm32cube.ide.mcu.externaltools.gnu-tools-for-stm32.11.3.rel1.win32_1.1.100.202309141235/tools/bin/../lib/gcc/arm-none-eabi/11.3.1/../../../../arm-none-eabi/lib/thumb/v7e-m+fp/hard\libc_nano.a(libc_a-mlock.o)
                0x00000000100069dc                __malloc_lock
 .text.__malloc_unlock
                0x00000000100069e8        0xc D:/TechnicalSoftWare/ST/STM32CubeIDE_1.14.0/STM32CubeIDE/plugins/com.st.stm32cube.ide.mcu.externaltools.gnu-tools-for-stm32.11.3.rel1.win32_1.1.100.202309141235/tools/bin/../lib/gcc/arm-none-eabi/11.3.1/../../../../arm-none-eabi/lib/thumb/v7e-m+fp/hard\libc_nano.a(libc_a-mlock.o)
                0x00000000100069e8                __malloc_unlock
 .text.__sflush_r
                0x00000000100069f4      0x10c D:/TechnicalSoftWare/ST/STM32CubeIDE_1.14.0/STM32CubeIDE/plugins/com.st.stm32cube.ide.mcu.externaltools.gnu-tools-for-stm32.11.3.rel1.win32_1.1.100.202309141235/tools/bin/../lib/gcc/arm-none-eabi/11.3.1/../../../../arm-none-eabi/lib/thumb/v7e-m+fp/hard\libc_nano.a(libc_a-fflush.o)
                0x00000000100069f4                __sflush_r
 .text._fflush_r
                0x0000000010006b00       0x50 D:/TechnicalSoftWare/ST/STM32CubeIDE_1.14.0/STM32CubeIDE/plugins/com.st.stm32cube.ide.mcu.externaltools.gnu-tools-for-stm32.11.3.rel1.win32_1.1.100.202309141235/tools/bin/../lib/gcc/arm-none-eabi/11.3.1/../../../../arm-none-eabi/lib/thumb/v7e-m+fp/hard\libc_nano.a(libc_a-fflush.o)
                0x0000000010006b00                _fflush_r
 .text.__swhatbuf_r
                0x0000000010006b50       0x4c D:/TechnicalSoftWare/ST/STM32CubeIDE_1.14.0/STM32CubeIDE/plugins/com.st.stm32cube.ide.mcu.externaltools.gnu-tools-for-stm32.11.3.rel1.win32_1.1.100.202309141235/tools/bin/../lib/gcc/arm-none-eabi/11.3.1/../../../../arm-none-eabi/lib/thumb/v7e-m+fp/hard\libc_nano.a(libc_a-makebuf.o)
                0x0000000010006b50                __swhatbuf_r
 .text.__smakebuf_r
                0x0000000010006b9c       0x78 D:/TechnicalSoftWare/ST/STM32CubeIDE_1.14.0/STM32CubeIDE/plugins/com.st.stm32cube.ide.mcu.externaltools.gnu-tools-for-stm32.11.3.rel1.win32_1.1.100.202309141235/tools/bin/../lib/gcc/arm-none-eabi/11.3.1/../../../../arm-none-eabi/lib/thumb/v7e-m+fp/hard\libc_nano.a(libc_a-makebuf.o)
                0x0000000010006b9c                __smakebuf_r
 .text._fstat_r
                0x0000000010006c14       0x24 D:/TechnicalSoftWare/ST/STM32CubeIDE_1.14.0/STM32CubeIDE/plugins/com.st.stm32cube.ide.mcu.externaltools.gnu-tools-for-stm32.11.3.rel1.win32_1.1.100.202309141235/tools/bin/../lib/gcc/arm-none-eabi/11.3.1/../../../../arm-none-eabi/lib/thumb/v7e-m+fp/hard\libc_nano.a(libc_a-fstatr.o)
                0x0000000010006c14                _fstat_r
 .text._isatty_r
                0x0000000010006c38       0x20 D:/TechnicalSoftWare/ST/STM32CubeIDE_1.14.0/STM32CubeIDE/plugins/com.st.stm32cube.ide.mcu.externaltools.gnu-tools-for-stm32.11.3.rel1.win32_1.1.100.202309141235/tools/bin/../lib/gcc/arm-none-eabi/11.3.1/../../../../arm-none-eabi/lib/thumb/v7e-m+fp/hard\libc_nano.a(libc_a-isattyr.o)
                0x0000000010006c38                _isatty_r
 .text._sbrk_r  0x0000000010006c58       0x20 D:/TechnicalSoftWare/ST/STM32CubeIDE_1.14.0/STM32CubeIDE/plugins/com.st.stm32cube.ide.mcu.externaltools.gnu-tools-for-stm32.11.3.rel1.win32_1.1.100.202309141235/tools/bin/../lib/gcc/arm-none-eabi/11.3.1/../../../../arm-none-eabi/lib/thumb/v7e-m+fp/hard\libc_nano.a(libc_a-sbrkr.o)
                0x0000000010006c58                _sbrk_r
 *(.glue_7)
 .glue_7        0x0000000010006c78        0x0 linker stubs
 *(.glue_7t)
 .glue_7t       0x0000000010006c78        0x0 linker stubs
 *(.eh_frame)
 .eh_frame      0x0000000010006c78        0x0 D:/TechnicalSoftWare/ST/STM32CubeIDE_1.14.0/STM32CubeIDE/plugins/com.st.stm32cube.ide.mcu.externaltools.gnu-tools-for-stm32.11.3.rel1.win32_1.1.100.202309141235/tools/bin/../lib/gcc/arm-none-eabi/11.3.1/thumb/v7e-m+fp/hard/crtbegin.o
 *(.init)
 .init          0x0000000010006c78        0x4 D:/TechnicalSoftWare/ST/STM32CubeIDE_1.14.0/STM32CubeIDE/plugins/com.st.stm32cube.ide.mcu.externaltools.gnu-tools-for-stm32.11.3.rel1.win32_1.1.100.202309141235/tools/bin/../lib/gcc/arm-none-eabi/11.3.1/thumb/v7e-m+fp/hard/crti.o
                0x0000000010006c78                _init
 .init          0x0000000010006c7c        0x8 D:/TechnicalSoftWare/ST/STM32CubeIDE_1.14.0/STM32CubeIDE/plugins/com.st.stm32cube.ide.mcu.externaltools.gnu-tools-for-stm32.11.3.rel1.win32_1.1.100.202309141235/tools/bin/../lib/gcc/arm-none-eabi/11.3.1/thumb/v7e-m+fp/hard/crtn.o
 *(.fini)
 .fini          0x0000000010006c84        0x4 D:/TechnicalSoftWare/ST/STM32CubeIDE_1.14.0/STM32CubeIDE/plugins/com.st.stm32cube.ide.mcu.externaltools.gnu-tools-for-stm32.11.3.rel1.win32_1.1.100.202309141235/tools/bin/../lib/gcc/arm-none-eabi/11.3.1/thumb/v7e-m+fp/hard/crti.o
                0x0000000010006c84                _fini
 .fini          0x0000000010006c88        0x8 D:/TechnicalSoftWare/ST/STM32CubeIDE_1.14.0/STM32CubeIDE/plugins/com.st.stm32cube.ide.mcu.externaltools.gnu-tools-for-stm32.11.3.rel1.win32_1.1.100.202309141235/tools/bin/../lib/gcc/arm-none-eabi/11.3.1/thumb/v7e-m+fp/hard/crtn.o
                0x0000000010006c90                . = ALIGN (0x4)
                0x0000000010006c90                _etext = .

.vfp11_veneer   0x0000000010006c90        0x0
 .vfp11_veneer  0x0000000010006c90        0x0 linker stubs

.v4_bx          0x0000000010006c90        0x0
 .v4_bx         0x0000000010006c90        0x0 linker stubs

.iplt           0x0000000010006c90        0x0
 .iplt          0x0000000010006c90        0x0 D:/TechnicalSoftWare/ST/STM32CubeIDE_1.14.0/STM32CubeIDE/plugins/com.st.stm32cube.ide.mcu.externaltools.gnu-tools-for-stm32.11.3.rel1.win32_1.1.100.202309141235/tools/bin/../lib/gcc/arm-none-eabi/11.3.1/thumb/v7e-m+fp/hard/crtbegin.o

.startup_copro_fw.Reset_Handler
                0x0000000010006c90       0x50
 .startup_copro_fw.Reset_Handler
                0x0000000010006c90       0x50 ./Core/Startup/startup_stm32mp157aaax.o
                0x0000000010006c90                Reset_Handler

.rodata         0x0000000010006ce0       0x34
                0x0000000010006ce0                . = ALIGN (0x4)
 *(.rodata)
 .rodata        0x0000000010006ce0       0x22 ./Core/Src/main.o
 *fill*         0x0000000010006d02        0x2 
 .rodata        0x0000000010006d04       0x10 ./Drivers/STM32MP1xx_HAL_Driver/stm32mp1xx_hal_uart_ex.o
 *(.rodata*)
                0x0000000010006d14                . = ALIGN (0x4)

.rel.dyn        0x0000000010006d14        0x0
 .rel.iplt      0x0000000010006d14        0x0 D:/TechnicalSoftWare/ST/STM32CubeIDE_1.14.0/STM32CubeIDE/plugins/com.st.stm32cube.ide.mcu.externaltools.gnu-tools-for-stm32.11.3.rel1.win32_1.1.100.202309141235/tools/bin/../lib/gcc/arm-none-eabi/11.3.1/thumb/v7e-m+fp/hard/crtbegin.o

.ARM.extab      0x0000000010006d14        0x0
                0x0000000010006d14                . = ALIGN (0x4)
 *(.ARM.extab* .gnu.linkonce.armextab.*)
                0x0000000010006d14                . = ALIGN (0x4)

.ARM            0x0000000010006d14        0x0
                0x0000000010006d14                . = ALIGN (0x4)
                0x0000000010006d14                __exidx_start = .
 *(.ARM.exidx*)
                0x0000000010006d14                __exidx_end = .
                0x0000000010006d14                . = ALIGN (0x4)

.preinit_array  0x0000000010006d14        0x0
                0x0000000010006d14                . = ALIGN (0x4)
                0x0000000010006d14                PROVIDE (__preinit_array_start = .)
 *(.preinit_array*)
                0x0000000010006d14                PROVIDE (__preinit_array_end = .)
                0x0000000010006d14                . = ALIGN (0x4)

.init_array     0x0000000010006d14        0x4
                0x0000000010006d14                . = ALIGN (0x4)
                0x0000000010006d14                PROVIDE (__init_array_start = .)
 *(SORT_BY_NAME(.init_array.*))
 *(.init_array*)
 .init_array    0x0000000010006d14        0x4 D:/TechnicalSoftWare/ST/STM32CubeIDE_1.14.0/STM32CubeIDE/plugins/com.st.stm32cube.ide.mcu.externaltools.gnu-tools-for-stm32.11.3.rel1.win32_1.1.100.202309141235/tools/bin/../lib/gcc/arm-none-eabi/11.3.1/thumb/v7e-m+fp/hard/crtbegin.o
                0x0000000010006d18                PROVIDE (__init_array_end = .)
                0x0000000010006d18                . = ALIGN (0x4)

.fini_array     0x0000000010006d18        0x4
                0x0000000010006d18                . = ALIGN (0x4)
                [!provide]                        PROVIDE (__fini_array_start = .)
 *(SORT_BY_NAME(.fini_array.*))
 *(.fini_array*)
 .fini_array    0x0000000010006d18        0x4 D:/TechnicalSoftWare/ST/STM32CubeIDE_1.14.0/STM32CubeIDE/plugins/com.st.stm32cube.ide.mcu.externaltools.gnu-tools-for-stm32.11.3.rel1.win32_1.1.100.202309141235/tools/bin/../lib/gcc/arm-none-eabi/11.3.1/thumb/v7e-m+fp/hard/crtbegin.o
                [!provide]                        PROVIDE (__fini_array_end = .)
                0x0000000010006d1c                . = ALIGN (0x4)
                0x0000000010006d1c                __DATA_ROM = .
                0x0000000010006d1c                _sidata = LOADADDR (.data)

.data           0x0000000010020000       0x68 load address 0x0000000010006d1c
                0x0000000010020000                . = ALIGN (0x4)
                0x0000000010020000                _sdata = .
 *(.data)
 *(.data*)
 .data.SystemCoreClock
                0x0000000010020000        0x4 ./Common/System/system_stm32mp1xx.o
                0x0000000010020000                SystemCoreClock
 .data.uwTickPrio
                0x0000000010020004        0x4 ./Drivers/STM32MP1xx_HAL_Driver/stm32mp1xx_hal.o
                0x0000000010020004                uwTickPrio
 .data.uwTickFreq
                0x0000000010020008        0x1 ./Drivers/STM32MP1xx_HAL_Driver/stm32mp1xx_hal.o
                0x0000000010020008                uwTickFreq
 *fill*         0x0000000010020009        0x3 
 .data.__sglue  0x000000001002000c        0xc D:/TechnicalSoftWare/ST/STM32CubeIDE_1.14.0/STM32CubeIDE/plugins/com.st.stm32cube.ide.mcu.externaltools.gnu-tools-for-stm32.11.3.rel1.win32_1.1.100.202309141235/tools/bin/../lib/gcc/arm-none-eabi/11.3.1/../../../../arm-none-eabi/lib/thumb/v7e-m+fp/hard\libc_nano.a(libc_a-findfp.o)
                0x000000001002000c                __sglue
 .data._impure_data
                0x0000000010020018       0x4c D:/TechnicalSoftWare/ST/STM32CubeIDE_1.14.0/STM32CubeIDE/plugins/com.st.stm32cube.ide.mcu.externaltools.gnu-tools-for-stm32.11.3.rel1.win32_1.1.100.202309141235/tools/bin/../lib/gcc/arm-none-eabi/11.3.1/../../../../arm-none-eabi/lib/thumb/v7e-m+fp/hard\libc_nano.a(libc_a-impure.o)
                0x0000000010020018                _impure_data
 .data._impure_ptr
                0x0000000010020064        0x4 D:/TechnicalSoftWare/ST/STM32CubeIDE_1.14.0/STM32CubeIDE/plugins/com.st.stm32cube.ide.mcu.externaltools.gnu-tools-for-stm32.11.3.rel1.win32_1.1.100.202309141235/tools/bin/../lib/gcc/arm-none-eabi/11.3.1/../../../../arm-none-eabi/lib/thumb/v7e-m+fp/hard\libc_nano.a(libc_a-impure.o)
                0x0000000010020064                _impure_ptr
                0x0000000010020068                . = ALIGN (0x4)
                0x0000000010020068                _edata = .
                0x0000000010006d84                __DATA_END = (__DATA_ROM + (_edata - _sdata))
                0x0000000010020000                text_end = (ORIGIN (SRAM1_text) + LENGTH (SRAM1_text))
                0x0000000000000001                ASSERT ((__DATA_END <= text_end), region SRAM1_text overflowed with text and data)

.igot.plt       0x0000000010020068        0x0 load address 0x0000000010006d84
 .igot.plt      0x0000000010020068        0x0 D:/TechnicalSoftWare/ST/STM32CubeIDE_1.14.0/STM32CubeIDE/plugins/com.st.stm32cube.ide.mcu.externaltools.gnu-tools-for-stm32.11.3.rel1.win32_1.1.100.202309141235/tools/bin/../lib/gcc/arm-none-eabi/11.3.1/thumb/v7e-m+fp/hard/crtbegin.o

.resource_table
                0x0000000010020068        0x0
                0x0000000010020068                . = ALIGN (0x4)
 *(.resource_table*)
                0x0000000010020068                . = ALIGN (0x4)
                0x0000000010020068                . = ALIGN (0x4)

.bss            0x0000000010020068      0x204 load address 0x0000000010006d84
                0x0000000010020068                _sbss = .
                0x0000000010020068                __bss_start__ = _sbss
 *(.bss)
 .bss           0x0000000010020068       0x1c D:/TechnicalSoftWare/ST/STM32CubeIDE_1.14.0/STM32CubeIDE/plugins/com.st.stm32cube.ide.mcu.externaltools.gnu-tools-for-stm32.11.3.rel1.win32_1.1.100.202309141235/tools/bin/../lib/gcc/arm-none-eabi/11.3.1/thumb/v7e-m+fp/hard/crtbegin.o
 *(.bss*)
 .bss.__sbrk_heap_end
                0x0000000010020084        0x4 ./Core/Src/sysmem.o
 .bss.huart4    0x0000000010020088       0x94 ./Core/Src/usart.o
                0x0000000010020088                huart4
 .bss.uwTick    0x000000001002011c        0x4 ./Drivers/STM32MP1xx_HAL_Driver/stm32mp1xx_hal.o
                0x000000001002011c                uwTick
 .bss.__sf      0x0000000010020120      0x138 D:/TechnicalSoftWare/ST/STM32CubeIDE_1.14.0/STM32CubeIDE/plugins/com.st.stm32cube.ide.mcu.externaltools.gnu-tools-for-stm32.11.3.rel1.win32_1.1.100.202309141235/tools/bin/../lib/gcc/arm-none-eabi/11.3.1/../../../../arm-none-eabi/lib/thumb/v7e-m+fp/hard\libc_nano.a(libc_a-findfp.o)
                0x0000000010020120                __sf
 .bss.__stdio_exit_handler
                0x0000000010020258        0x4 D:/TechnicalSoftWare/ST/STM32CubeIDE_1.14.0/STM32CubeIDE/plugins/com.st.stm32cube.ide.mcu.externaltools.gnu-tools-for-stm32.11.3.rel1.win32_1.1.100.202309141235/tools/bin/../lib/gcc/arm-none-eabi/11.3.1/../../../../arm-none-eabi/lib/thumb/v7e-m+fp/hard\libc_nano.a(libc_a-findfp.o)
                0x0000000010020258                __stdio_exit_handler
 .bss.errno     0x000000001002025c        0x4 D:/TechnicalSoftWare/ST/STM32CubeIDE_1.14.0/STM32CubeIDE/plugins/com.st.stm32cube.ide.mcu.externaltools.gnu-tools-for-stm32.11.3.rel1.win32_1.1.100.202309141235/tools/bin/../lib/gcc/arm-none-eabi/11.3.1/../../../../arm-none-eabi/lib/thumb/v7e-m+fp/hard\libc_nano.a(libc_a-reent.o)
                0x000000001002025c                errno
 .bss.__lock___malloc_recursive_mutex
                0x0000000010020260        0x1 D:/TechnicalSoftWare/ST/STM32CubeIDE_1.14.0/STM32CubeIDE/plugins/com.st.stm32cube.ide.mcu.externaltools.gnu-tools-for-stm32.11.3.rel1.win32_1.1.100.202309141235/tools/bin/../lib/gcc/arm-none-eabi/11.3.1/../../../../arm-none-eabi/lib/thumb/v7e-m+fp/hard\libc_nano.a(libc_a-lock.o)
                0x0000000010020260                __lock___malloc_recursive_mutex
 .bss.__lock___sfp_recursive_mutex
                0x0000000010020261        0x1 D:/TechnicalSoftWare/ST/STM32CubeIDE_1.14.0/STM32CubeIDE/plugins/com.st.stm32cube.ide.mcu.externaltools.gnu-tools-for-stm32.11.3.rel1.win32_1.1.100.202309141235/tools/bin/../lib/gcc/arm-none-eabi/11.3.1/../../../../arm-none-eabi/lib/thumb/v7e-m+fp/hard\libc_nano.a(libc_a-lock.o)
                0x0000000010020261                __lock___sfp_recursive_mutex
 *fill*         0x0000000010020262        0x2 
 .bss.__malloc_free_list
                0x0000000010020264        0x4 D:/TechnicalSoftWare/ST/STM32CubeIDE_1.14.0/STM32CubeIDE/plugins/com.st.stm32cube.ide.mcu.externaltools.gnu-tools-for-stm32.11.3.rel1.win32_1.1.100.202309141235/tools/bin/../lib/gcc/arm-none-eabi/11.3.1/../../../../arm-none-eabi/lib/thumb/v7e-m+fp/hard\libc_nano.a(libc_a-mallocr.o)
                0x0000000010020264                __malloc_free_list
 .bss.__malloc_sbrk_start
                0x0000000010020268        0x4 D:/TechnicalSoftWare/ST/STM32CubeIDE_1.14.0/STM32CubeIDE/plugins/com.st.stm32cube.ide.mcu.externaltools.gnu-tools-for-stm32.11.3.rel1.win32_1.1.100.202309141235/tools/bin/../lib/gcc/arm-none-eabi/11.3.1/../../../../arm-none-eabi/lib/thumb/v7e-m+fp/hard\libc_nano.a(libc_a-mallocr.o)
                0x0000000010020268                __malloc_sbrk_start
 *(COMMON)
                0x000000001002026c                . = ALIGN (0x4)
                0x000000001002026c                _ebss = .
                0x000000001002026c                __bss_end__ = _ebss

._user_heap_stack
                0x000000001002026c      0x604 load address 0x0000000010006f88
                0x0000000010020270                . = ALIGN (0x8)
 *fill*         0x000000001002026c        0x4 
                [!provide]                        PROVIDE (end = .)
                0x0000000010020270                PROVIDE (_end = .)
                0x0000000010020470                . = (. + _Min_Heap_Size)
 *fill*         0x0000000010020270      0x200 
                0x0000000010020870                . = (. + _Min_Stack_Size)
 *fill*         0x0000000010020470      0x400 
                0x0000000010020870                . = ALIGN (0x8)

/DISCARD/
 libc.a(*)
 libm.a(*)
 libgcc.a(*)

.ARM.attributes
                0x0000000000000000       0x30
 *(.ARM.attributes)
 .ARM.attributes
                0x0000000000000000       0x1e D:/TechnicalSoftWare/ST/STM32CubeIDE_1.14.0/STM32CubeIDE/plugins/com.st.stm32cube.ide.mcu.externaltools.gnu-tools-for-stm32.11.3.rel1.win32_1.1.100.202309141235/tools/bin/../lib/gcc/arm-none-eabi/11.3.1/thumb/v7e-m+fp/hard/crti.o
 .ARM.attributes
                0x000000000000001e       0x34 D:/TechnicalSoftWare/ST/STM32CubeIDE_1.14.0/STM32CubeIDE/plugins/com.st.stm32cube.ide.mcu.externaltools.gnu-tools-for-stm32.11.3.rel1.win32_1.1.100.202309141235/tools/bin/../lib/gcc/arm-none-eabi/11.3.1/thumb/v7e-m+fp/hard/crtbegin.o
 .ARM.attributes
                0x0000000000000052       0x34 ./Common/System/system_stm32mp1xx.o
 .ARM.attributes
                0x0000000000000086       0x34 ./Core/Src/gpio.o
 .ARM.attributes
                0x00000000000000ba       0x34 ./Core/Src/main.o
 .ARM.attributes
                0x00000000000000ee       0x34 ./Core/Src/stm32mp1xx_hal_msp.o
 .ARM.attributes
                0x0000000000000122       0x34 ./Core/Src/stm32mp1xx_it.o
 .ARM.attributes
                0x0000000000000156       0x34 ./Core/Src/syscalls.o
 .ARM.attributes
                0x000000000000018a       0x34 ./Core/Src/sysmem.o
 .ARM.attributes
                0x00000000000001be       0x34 ./Core/Src/usart.o
 .ARM.attributes
                0x00000000000001f2       0x21 ./Core/Startup/startup_stm32mp157aaax.o
 .ARM.attributes
                0x0000000000000213       0x34 ./Drivers/STM32MP1xx_HAL_Driver/stm32mp1xx_hal.o
 .ARM.attributes
                0x0000000000000247       0x34 ./Drivers/STM32MP1xx_HAL_Driver/stm32mp1xx_hal_cortex.o
 .ARM.attributes
                0x000000000000027b       0x34 ./Drivers/STM32MP1xx_HAL_Driver/stm32mp1xx_hal_gpio.o
 .ARM.attributes
                0x00000000000002af       0x34 ./Drivers/STM32MP1xx_HAL_Driver/stm32mp1xx_hal_rcc.o
 .ARM.attributes
                0x00000000000002e3       0x34 ./Drivers/STM32MP1xx_HAL_Driver/stm32mp1xx_hal_rcc_ex.o
 .ARM.attributes
                0x0000000000000317       0x34 ./Drivers/STM32MP1xx_HAL_Driver/stm32mp1xx_hal_uart.o
 .ARM.attributes
                0x000000000000034b       0x34 ./Drivers/STM32MP1xx_HAL_Driver/stm32mp1xx_hal_uart_ex.o
 .ARM.attributes
                0x000000000000037f       0x34 D:/TechnicalSoftWare/ST/STM32CubeIDE_1.14.0/STM32CubeIDE/plugins/com.st.stm32cube.ide.mcu.externaltools.gnu-tools-for-stm32.11.3.rel1.win32_1.1.100.202309141235/tools/bin/../lib/gcc/arm-none-eabi/11.3.1/../../../../arm-none-eabi/lib/thumb/v7e-m+fp/hard\libc_nano.a(libc_a-findfp.o)
 .ARM.attributes
                0x00000000000003b3       0x34 D:/TechnicalSoftWare/ST/STM32CubeIDE_1.14.0/STM32CubeIDE/plugins/com.st.stm32cube.ide.mcu.externaltools.gnu-tools-for-stm32.11.3.rel1.win32_1.1.100.202309141235/tools/bin/../lib/gcc/arm-none-eabi/11.3.1/../../../../arm-none-eabi/lib/thumb/v7e-m+fp/hard\libc_nano.a(libc_a-fwalk.o)
 .ARM.attributes
                0x00000000000003e7       0x34 D:/TechnicalSoftWare/ST/STM32CubeIDE_1.14.0/STM32CubeIDE/plugins/com.st.stm32cube.ide.mcu.externaltools.gnu-tools-for-stm32.11.3.rel1.win32_1.1.100.202309141235/tools/bin/../lib/gcc/arm-none-eabi/11.3.1/../../../../arm-none-eabi/lib/thumb/v7e-m+fp/hard\libc_nano.a(libc_a-puts.o)
 .ARM.attributes
                0x000000000000041b       0x34 D:/TechnicalSoftWare/ST/STM32CubeIDE_1.14.0/STM32CubeIDE/plugins/com.st.stm32cube.ide.mcu.externaltools.gnu-tools-for-stm32.11.3.rel1.win32_1.1.100.202309141235/tools/bin/../lib/gcc/arm-none-eabi/11.3.1/../../../../arm-none-eabi/lib/thumb/v7e-m+fp/hard\libc_nano.a(libc_a-stdio.o)
 .ARM.attributes
                0x000000000000044f       0x34 D:/TechnicalSoftWare/ST/STM32CubeIDE_1.14.0/STM32CubeIDE/plugins/com.st.stm32cube.ide.mcu.externaltools.gnu-tools-for-stm32.11.3.rel1.win32_1.1.100.202309141235/tools/bin/../lib/gcc/arm-none-eabi/11.3.1/../../../../arm-none-eabi/lib/thumb/v7e-m+fp/hard\libc_nano.a(libc_a-wbuf.o)
 .ARM.attributes
                0x0000000000000483       0x34 D:/TechnicalSoftWare/ST/STM32CubeIDE_1.14.0/STM32CubeIDE/plugins/com.st.stm32cube.ide.mcu.externaltools.gnu-tools-for-stm32.11.3.rel1.win32_1.1.100.202309141235/tools/bin/../lib/gcc/arm-none-eabi/11.3.1/../../../../arm-none-eabi/lib/thumb/v7e-m+fp/hard\libc_nano.a(libc_a-wsetup.o)
 .ARM.attributes
                0x00000000000004b7       0x34 D:/TechnicalSoftWare/ST/STM32CubeIDE_1.14.0/STM32CubeIDE/plugins/com.st.stm32cube.ide.mcu.externaltools.gnu-tools-for-stm32.11.3.rel1.win32_1.1.100.202309141235/tools/bin/../lib/gcc/arm-none-eabi/11.3.1/../../../../arm-none-eabi/lib/thumb/v7e-m+fp/hard\libc_nano.a(libc_a-memset.o)
 .ARM.attributes
                0x00000000000004eb       0x34 D:/TechnicalSoftWare/ST/STM32CubeIDE_1.14.0/STM32CubeIDE/plugins/com.st.stm32cube.ide.mcu.externaltools.gnu-tools-for-stm32.11.3.rel1.win32_1.1.100.202309141235/tools/bin/../lib/gcc/arm-none-eabi/11.3.1/../../../../arm-none-eabi/lib/thumb/v7e-m+fp/hard\libc_nano.a(libc_a-closer.o)
 .ARM.attributes
                0x000000000000051f       0x34 D:/TechnicalSoftWare/ST/STM32CubeIDE_1.14.0/STM32CubeIDE/plugins/com.st.stm32cube.ide.mcu.externaltools.gnu-tools-for-stm32.11.3.rel1.win32_1.1.100.202309141235/tools/bin/../lib/gcc/arm-none-eabi/11.3.1/../../../../arm-none-eabi/lib/thumb/v7e-m+fp/hard\libc_nano.a(libc_a-reent.o)
 .ARM.attributes
                0x0000000000000553       0x34 D:/TechnicalSoftWare/ST/STM32CubeIDE_1.14.0/STM32CubeIDE/plugins/com.st.stm32cube.ide.mcu.externaltools.gnu-tools-for-stm32.11.3.rel1.win32_1.1.100.202309141235/tools/bin/../lib/gcc/arm-none-eabi/11.3.1/../../../../arm-none-eabi/lib/thumb/v7e-m+fp/hard\libc_nano.a(libc_a-impure.o)
 .ARM.attributes
                0x0000000000000587       0x34 D:/TechnicalSoftWare/ST/STM32CubeIDE_1.14.0/STM32CubeIDE/plugins/com.st.stm32cube.ide.mcu.externaltools.gnu-tools-for-stm32.11.3.rel1.win32_1.1.100.202309141235/tools/bin/../lib/gcc/arm-none-eabi/11.3.1/../../../../arm-none-eabi/lib/thumb/v7e-m+fp/hard\libc_nano.a(libc_a-lseekr.o)
 .ARM.attributes
                0x00000000000005bb       0x34 D:/TechnicalSoftWare/ST/STM32CubeIDE_1.14.0/STM32CubeIDE/plugins/com.st.stm32cube.ide.mcu.externaltools.gnu-tools-for-stm32.11.3.rel1.win32_1.1.100.202309141235/tools/bin/../lib/gcc/arm-none-eabi/11.3.1/../../../../arm-none-eabi/lib/thumb/v7e-m+fp/hard\libc_nano.a(libc_a-readr.o)
 .ARM.attributes
                0x00000000000005ef       0x34 D:/TechnicalSoftWare/ST/STM32CubeIDE_1.14.0/STM32CubeIDE/plugins/com.st.stm32cube.ide.mcu.externaltools.gnu-tools-for-stm32.11.3.rel1.win32_1.1.100.202309141235/tools/bin/../lib/gcc/arm-none-eabi/11.3.1/../../../../arm-none-eabi/lib/thumb/v7e-m+fp/hard\libc_nano.a(libc_a-writer.o)
 .ARM.attributes
                0x0000000000000623       0x34 D:/TechnicalSoftWare/ST/STM32CubeIDE_1.14.0/STM32CubeIDE/plugins/com.st.stm32cube.ide.mcu.externaltools.gnu-tools-for-stm32.11.3.rel1.win32_1.1.100.202309141235/tools/bin/../lib/gcc/arm-none-eabi/11.3.1/../../../../arm-none-eabi/lib/thumb/v7e-m+fp/hard\libc_nano.a(libc_a-errno.o)
 .ARM.attributes
                0x0000000000000657       0x34 D:/TechnicalSoftWare/ST/STM32CubeIDE_1.14.0/STM32CubeIDE/plugins/com.st.stm32cube.ide.mcu.externaltools.gnu-tools-for-stm32.11.3.rel1.win32_1.1.100.202309141235/tools/bin/../lib/gcc/arm-none-eabi/11.3.1/../../../../arm-none-eabi/lib/thumb/v7e-m+fp/hard\libc_nano.a(libc_a-init.o)
 .ARM.attributes
                0x000000000000068b       0x34 D:/TechnicalSoftWare/ST/STM32CubeIDE_1.14.0/STM32CubeIDE/plugins/com.st.stm32cube.ide.mcu.externaltools.gnu-tools-for-stm32.11.3.rel1.win32_1.1.100.202309141235/tools/bin/../lib/gcc/arm-none-eabi/11.3.1/../../../../arm-none-eabi/lib/thumb/v7e-m+fp/hard\libc_nano.a(libc_a-lock.o)
 .ARM.attributes
                0x00000000000006bf       0x34 D:/TechnicalSoftWare/ST/STM32CubeIDE_1.14.0/STM32CubeIDE/plugins/com.st.stm32cube.ide.mcu.externaltools.gnu-tools-for-stm32.11.3.rel1.win32_1.1.100.202309141235/tools/bin/../lib/gcc/arm-none-eabi/11.3.1/../../../../arm-none-eabi/lib/thumb/v7e-m+fp/hard\libc_nano.a(libc_a-freer.o)
 .ARM.attributes
                0x00000000000006f3       0x34 D:/TechnicalSoftWare/ST/STM32CubeIDE_1.14.0/STM32CubeIDE/plugins/com.st.stm32cube.ide.mcu.externaltools.gnu-tools-for-stm32.11.3.rel1.win32_1.1.100.202309141235/tools/bin/../lib/gcc/arm-none-eabi/11.3.1/../../../../arm-none-eabi/lib/thumb/v7e-m+fp/hard\libc_nano.a(libc_a-mallocr.o)
 .ARM.attributes
                0x0000000000000727       0x34 D:/TechnicalSoftWare/ST/STM32CubeIDE_1.14.0/STM32CubeIDE/plugins/com.st.stm32cube.ide.mcu.externaltools.gnu-tools-for-stm32.11.3.rel1.win32_1.1.100.202309141235/tools/bin/../lib/gcc/arm-none-eabi/11.3.1/../../../../arm-none-eabi/lib/thumb/v7e-m+fp/hard\libc_nano.a(libc_a-mlock.o)
 .ARM.attributes
                0x000000000000075b       0x34 D:/TechnicalSoftWare/ST/STM32CubeIDE_1.14.0/STM32CubeIDE/plugins/com.st.stm32cube.ide.mcu.externaltools.gnu-tools-for-stm32.11.3.rel1.win32_1.1.100.202309141235/tools/bin/../lib/gcc/arm-none-eabi/11.3.1/../../../../arm-none-eabi/lib/thumb/v7e-m+fp/hard\libc_nano.a(libc_a-fflush.o)
 .ARM.attributes
                0x000000000000078f       0x34 D:/TechnicalSoftWare/ST/STM32CubeIDE_1.14.0/STM32CubeIDE/plugins/com.st.stm32cube.ide.mcu.externaltools.gnu-tools-for-stm32.11.3.rel1.win32_1.1.100.202309141235/tools/bin/../lib/gcc/arm-none-eabi/11.3.1/../../../../arm-none-eabi/lib/thumb/v7e-m+fp/hard\libc_nano.a(libc_a-makebuf.o)
 .ARM.attributes
                0x00000000000007c3       0x34 D:/TechnicalSoftWare/ST/STM32CubeIDE_1.14.0/STM32CubeIDE/plugins/com.st.stm32cube.ide.mcu.externaltools.gnu-tools-for-stm32.11.3.rel1.win32_1.1.100.202309141235/tools/bin/../lib/gcc/arm-none-eabi/11.3.1/../../../../arm-none-eabi/lib/thumb/v7e-m+fp/hard\libc_nano.a(libc_a-fstatr.o)
 .ARM.attributes
                0x00000000000007f7       0x34 D:/TechnicalSoftWare/ST/STM32CubeIDE_1.14.0/STM32CubeIDE/plugins/com.st.stm32cube.ide.mcu.externaltools.gnu-tools-for-stm32.11.3.rel1.win32_1.1.100.202309141235/tools/bin/../lib/gcc/arm-none-eabi/11.3.1/../../../../arm-none-eabi/lib/thumb/v7e-m+fp/hard\libc_nano.a(libc_a-isattyr.o)
 .ARM.attributes
                0x000000000000082b       0x34 D:/TechnicalSoftWare/ST/STM32CubeIDE_1.14.0/STM32CubeIDE/plugins/com.st.stm32cube.ide.mcu.externaltools.gnu-tools-for-stm32.11.3.rel1.win32_1.1.100.202309141235/tools/bin/../lib/gcc/arm-none-eabi/11.3.1/../../../../arm-none-eabi/lib/thumb/v7e-m+fp/hard\libc_nano.a(libc_a-sbrkr.o)
 .ARM.attributes
                0x000000000000085f       0x1e D:/TechnicalSoftWare/ST/STM32CubeIDE_1.14.0/STM32CubeIDE/plugins/com.st.stm32cube.ide.mcu.externaltools.gnu-tools-for-stm32.11.3.rel1.win32_1.1.100.202309141235/tools/bin/../lib/gcc/arm-none-eabi/11.3.1/thumb/v7e-m+fp/hard/crtn.o
OUTPUT(DTN_UART_CM4.elf elf32-littlearm)
LOAD linker stubs
LOAD D:/TechnicalSoftWare/ST/STM32CubeIDE_1.14.0/STM32CubeIDE/plugins/com.st.stm32cube.ide.mcu.externaltools.gnu-tools-for-stm32.11.3.rel1.win32_1.1.100.202309141235/tools/bin/../lib/gcc/arm-none-eabi/11.3.1/../../../../arm-none-eabi/lib/thumb/v7e-m+fp/hard\libc.a
LOAD D:/TechnicalSoftWare/ST/STM32CubeIDE_1.14.0/STM32CubeIDE/plugins/com.st.stm32cube.ide.mcu.externaltools.gnu-tools-for-stm32.11.3.rel1.win32_1.1.100.202309141235/tools/bin/../lib/gcc/arm-none-eabi/11.3.1/../../../../arm-none-eabi/lib/thumb/v7e-m+fp/hard\libm.a
LOAD D:/TechnicalSoftWare/ST/STM32CubeIDE_1.14.0/STM32CubeIDE/plugins/com.st.stm32cube.ide.mcu.externaltools.gnu-tools-for-stm32.11.3.rel1.win32_1.1.100.202309141235/tools/bin/../lib/gcc/arm-none-eabi/11.3.1/thumb/v7e-m+fp/hard\libgcc.a

.comment        0x0000000000000000       0x43
 .comment       0x0000000000000000       0x43 D:/TechnicalSoftWare/ST/STM32CubeIDE_1.14.0/STM32CubeIDE/plugins/com.st.stm32cube.ide.mcu.externaltools.gnu-tools-for-stm32.11.3.rel1.win32_1.1.100.202309141235/tools/bin/../lib/gcc/arm-none-eabi/11.3.1/thumb/v7e-m+fp/hard/crtbegin.o
                                         0x44 (size before relaxing)
 .comment       0x0000000000000043       0x44 ./Common/System/system_stm32mp1xx.o
 .comment       0x0000000000000043       0x44 ./Core/Src/gpio.o
 .comment       0x0000000000000043       0x44 ./Core/Src/main.o
 .comment       0x0000000000000043       0x44 ./Core/Src/stm32mp1xx_hal_msp.o
 .comment       0x0000000000000043       0x44 ./Core/Src/stm32mp1xx_it.o
 .comment       0x0000000000000043       0x44 ./Core/Src/syscalls.o
 .comment       0x0000000000000043       0x44 ./Core/Src/sysmem.o
 .comment       0x0000000000000043       0x44 ./Core/Src/usart.o
 .comment       0x0000000000000043       0x44 ./Drivers/STM32MP1xx_HAL_Driver/stm32mp1xx_hal.o
 .comment       0x0000000000000043       0x44 ./Drivers/STM32MP1xx_HAL_Driver/stm32mp1xx_hal_cortex.o
 .comment       0x0000000000000043       0x44 ./Drivers/STM32MP1xx_HAL_Driver/stm32mp1xx_hal_gpio.o
 .comment       0x0000000000000043       0x44 ./Drivers/STM32MP1xx_HAL_Driver/stm32mp1xx_hal_rcc.o
 .comment       0x0000000000000043       0x44 ./Drivers/STM32MP1xx_HAL_Driver/stm32mp1xx_hal_rcc_ex.o
 .comment       0x0000000000000043       0x44 ./Drivers/STM32MP1xx_HAL_Driver/stm32mp1xx_hal_uart.o
 .comment       0x0000000000000043       0x44 ./Drivers/STM32MP1xx_HAL_Driver/stm32mp1xx_hal_uart_ex.o

.debug_info     0x0000000000000000    0x1040c
 .debug_info    0x0000000000000000     0x114b ./Common/System/system_stm32mp1xx.o
 .debug_info    0x000000000000114b      0xe26 ./Core/Src/gpio.o
 .debug_info    0x0000000000001f71     0x113f ./Core/Src/main.o
 .debug_info    0x00000000000030b0     0x122f ./Core/Src/stm32mp1xx_hal_msp.o
 .debug_info    0x00000000000042df      0x131 ./Core/Src/stm32mp1xx_it.o
 .debug_info    0x0000000000004410      0x6a3 ./Core/Src/syscalls.o
 .debug_info    0x0000000000004ab3      0x168 ./Core/Src/sysmem.o
 .debug_info    0x0000000000004c1b     0x2227 ./Core/Src/usart.o
 .debug_info    0x0000000000006e42       0x23 ./Core/Startup/startup_stm32mp157aaax.o
 .debug_info    0x0000000000006e65      0xdcc ./Drivers/STM32MP1xx_HAL_Driver/stm32mp1xx_hal.o
 .debug_info    0x0000000000007c31      0xe5e ./Drivers/STM32MP1xx_HAL_Driver/stm32mp1xx_hal_cortex.o
 .debug_info    0x0000000000008a8f      0x944 ./Drivers/STM32MP1xx_HAL_Driver/stm32mp1xx_hal_gpio.o
 .debug_info    0x00000000000093d3     0x1b5e ./Drivers/STM32MP1xx_HAL_Driver/stm32mp1xx_hal_rcc.o
 .debug_info    0x000000000000af31     0x1698 ./Drivers/STM32MP1xx_HAL_Driver/stm32mp1xx_hal_rcc_ex.o
 .debug_info    0x000000000000c5c9     0x2daa ./Drivers/STM32MP1xx_HAL_Driver/stm32mp1xx_hal_uart.o
 .debug_info    0x000000000000f373     0x1099 ./Drivers/STM32MP1xx_HAL_Driver/stm32mp1xx_hal_uart_ex.o

.debug_abbrev   0x0000000000000000     0x1bef
 .debug_abbrev  0x0000000000000000      0x128 ./Common/System/system_stm32mp1xx.o
 .debug_abbrev  0x0000000000000128       0xb1 ./Core/Src/gpio.o
 .debug_abbrev  0x00000000000001d9      0x229 ./Core/Src/main.o
 .debug_abbrev  0x0000000000000402       0xf6 ./Core/Src/stm32mp1xx_hal_msp.o
 .debug_abbrev  0x00000000000004f8       0x75 ./Core/Src/stm32mp1xx_it.o
 .debug_abbrev  0x000000000000056d      0x1b6 ./Core/Src/syscalls.o
 .debug_abbrev  0x0000000000000723       0xbc ./Core/Src/sysmem.o
 .debug_abbrev  0x00000000000007df      0x238 ./Core/Src/usart.o
 .debug_abbrev  0x0000000000000a17       0x12 ./Core/Startup/startup_stm32mp157aaax.o
 .debug_abbrev  0x0000000000000a29      0x29d ./Drivers/STM32MP1xx_HAL_Driver/stm32mp1xx_hal.o
 .debug_abbrev  0x0000000000000cc6      0x339 ./Drivers/STM32MP1xx_HAL_Driver/stm32mp1xx_hal_cortex.o
 .debug_abbrev  0x0000000000000fff      0x1ee ./Drivers/STM32MP1xx_HAL_Driver/stm32mp1xx_hal_gpio.o
 .debug_abbrev  0x00000000000011ed      0x2b6 ./Drivers/STM32MP1xx_HAL_Driver/stm32mp1xx_hal_rcc.o
 .debug_abbrev  0x00000000000014a3      0x264 ./Drivers/STM32MP1xx_HAL_Driver/stm32mp1xx_hal_rcc_ex.o
 .debug_abbrev  0x0000000000001707      0x294 ./Drivers/STM32MP1xx_HAL_Driver/stm32mp1xx_hal_uart.o
 .debug_abbrev  0x000000000000199b      0x254 ./Drivers/STM32MP1xx_HAL_Driver/stm32mp1xx_hal_uart_ex.o

.debug_aranges  0x0000000000000000      0x9a8
 .debug_aranges
                0x0000000000000000       0x28 ./Common/System/system_stm32mp1xx.o
 .debug_aranges
                0x0000000000000028       0x20 ./Core/Src/gpio.o
 .debug_aranges
                0x0000000000000048       0x30 ./Core/Src/main.o
 .debug_aranges
                0x0000000000000078       0x20 ./Core/Src/stm32mp1xx_hal_msp.o
 .debug_aranges
                0x0000000000000098       0x68 ./Core/Src/stm32mp1xx_it.o
 .debug_aranges
                0x0000000000000100       0xa8 ./Core/Src/syscalls.o
 .debug_aranges
                0x00000000000001a8       0x20 ./Core/Src/sysmem.o
 .debug_aranges
                0x00000000000001c8       0x30 ./Core/Src/usart.o
 .debug_aranges
                0x00000000000001f8       0x28 ./Core/Startup/startup_stm32mp157aaax.o
 .debug_aranges
                0x0000000000000220      0x178 ./Drivers/STM32MP1xx_HAL_Driver/stm32mp1xx_hal.o
 .debug_aranges
                0x0000000000000398      0x100 ./Drivers/STM32MP1xx_HAL_Driver/stm32mp1xx_hal_cortex.o
 .debug_aranges
                0x0000000000000498       0x60 ./Drivers/STM32MP1xx_HAL_Driver/stm32mp1xx_hal_gpio.o
 .debug_aranges
                0x00000000000004f8      0x160 ./Drivers/STM32MP1xx_HAL_Driver/stm32mp1xx_hal_rcc.o
 .debug_aranges
                0x0000000000000658       0x58 ./Drivers/STM32MP1xx_HAL_Driver/stm32mp1xx_hal_rcc_ex.o
 .debug_aranges
                0x00000000000006b0      0x270 ./Drivers/STM32MP1xx_HAL_Driver/stm32mp1xx_hal_uart.o
 .debug_aranges
                0x0000000000000920       0x88 ./Drivers/STM32MP1xx_HAL_Driver/stm32mp1xx_hal_uart_ex.o

.debug_rnglists
                0x0000000000000000      0x72f
 .debug_rnglists
                0x0000000000000000       0x1a ./Common/System/system_stm32mp1xx.o
 .debug_rnglists
                0x000000000000001a       0x13 ./Core/Src/gpio.o
 .debug_rnglists
                0x000000000000002d       0x20 ./Core/Src/main.o
 .debug_rnglists
                0x000000000000004d       0x13 ./Core/Src/stm32mp1xx_hal_msp.o
 .debug_rnglists
                0x0000000000000060       0x49 ./Core/Src/stm32mp1xx_it.o
 .debug_rnglists
                0x00000000000000a9       0x79 ./Core/Src/syscalls.o
 .debug_rnglists
                0x0000000000000122       0x13 ./Core/Src/sysmem.o
 .debug_rnglists
                0x0000000000000135       0x21 ./Core/Src/usart.o
 .debug_rnglists
                0x0000000000000156       0x19 ./Core/Startup/startup_stm32mp157aaax.o
 .debug_rnglists
                0x000000000000016f      0x115 ./Drivers/STM32MP1xx_HAL_Driver/stm32mp1xx_hal.o
 .debug_rnglists
                0x0000000000000284       0xbc ./Drivers/STM32MP1xx_HAL_Driver/stm32mp1xx_hal_cortex.o
 .debug_rnglists
                0x0000000000000340       0x45 ./Drivers/STM32MP1xx_HAL_Driver/stm32mp1xx_hal_gpio.o
 .debug_rnglists
                0x0000000000000385      0x114 ./Drivers/STM32MP1xx_HAL_Driver/stm32mp1xx_hal_rcc.o
 .debug_rnglists
                0x0000000000000499       0x43 ./Drivers/STM32MP1xx_HAL_Driver/stm32mp1xx_hal_rcc_ex.o
 .debug_rnglists
                0x00000000000004dc      0x1ef ./Drivers/STM32MP1xx_HAL_Driver/stm32mp1xx_hal_uart.o
 .debug_rnglists
                0x00000000000006cb       0x64 ./Drivers/STM32MP1xx_HAL_Driver/stm32mp1xx_hal_uart_ex.o

.debug_macro    0x0000000000000000    0x460ef
 .debug_macro   0x0000000000000000      0x289 ./Common/System/system_stm32mp1xx.o
 .debug_macro   0x0000000000000289      0xaae ./Common/System/system_stm32mp1xx.o
 .debug_macro   0x0000000000000d37       0x2e ./Common/System/system_stm32mp1xx.o
 .debug_macro   0x0000000000000d65       0x3a ./Common/System/system_stm32mp1xx.o
 .debug_macro   0x0000000000000d9f       0x22 ./Common/System/system_stm32mp1xx.o
 .debug_macro   0x0000000000000dc1       0x8e ./Common/System/system_stm32mp1xx.o
 .debug_macro   0x0000000000000e4f       0x51 ./Common/System/system_stm32mp1xx.o
 .debug_macro   0x0000000000000ea0      0x103 ./Common/System/system_stm32mp1xx.o
 .debug_macro   0x0000000000000fa3       0x6a ./Common/System/system_stm32mp1xx.o
 .debug_macro   0x000000000000100d      0x1df ./Common/System/system_stm32mp1xx.o
 .debug_macro   0x00000000000011ec       0x1c ./Common/System/system_stm32mp1xx.o
 .debug_macro   0x0000000000001208       0x22 ./Common/System/system_stm32mp1xx.o
 .debug_macro   0x000000000000122a       0xfb ./Common/System/system_stm32mp1xx.o
 .debug_macro   0x0000000000001325     0x1011 ./Common/System/system_stm32mp1xx.o
 .debug_macro   0x0000000000002336      0x11f ./Common/System/system_stm32mp1xx.o
 .debug_macro   0x0000000000002455    0x3b4ec ./Common/System/system_stm32mp1xx.o
 .debug_macro   0x000000000003d941       0x43 ./Common/System/system_stm32mp1xx.o
 .debug_macro   0x000000000003d984       0xe0 ./Common/System/system_stm32mp1xx.o
 .debug_macro   0x000000000003da64       0x61 ./Common/System/system_stm32mp1xx.o
 .debug_macro   0x000000000003dac5       0x2a ./Common/System/system_stm32mp1xx.o
 .debug_macro   0x000000000003daef       0x43 ./Common/System/system_stm32mp1xx.o
 .debug_macro   0x000000000003db32       0x34 ./Common/System/system_stm32mp1xx.o
 .debug_macro   0x000000000003db66       0x16 ./Common/System/system_stm32mp1xx.o
 .debug_macro   0x000000000003db7c       0x97 ./Common/System/system_stm32mp1xx.o
 .debug_macro   0x000000000003dc13      0x369 ./Common/System/system_stm32mp1xx.o
 .debug_macro   0x000000000003df7c       0xfd ./Common/System/system_stm32mp1xx.o
 .debug_macro   0x000000000003e079       0x10 ./Common/System/system_stm32mp1xx.o
 .debug_macro   0x000000000003e089       0x16 ./Common/System/system_stm32mp1xx.o
 .debug_macro   0x000000000003e09f       0x43 ./Common/System/system_stm32mp1xx.o
 .debug_macro   0x000000000003e0e2       0x34 ./Common/System/system_stm32mp1xx.o
 .debug_macro   0x000000000003e116       0x10 ./Common/System/system_stm32mp1xx.o
 .debug_macro   0x000000000003e126       0x58 ./Common/System/system_stm32mp1xx.o
 .debug_macro   0x000000000003e17e       0x8e ./Common/System/system_stm32mp1xx.o
 .debug_macro   0x000000000003e20c       0x1c ./Common/System/system_stm32mp1xx.o
 .debug_macro   0x000000000003e228      0x177 ./Common/System/system_stm32mp1xx.o
 .debug_macro   0x000000000003e39f       0x16 ./Common/System/system_stm32mp1xx.o
 .debug_macro   0x000000000003e3b5       0x16 ./Common/System/system_stm32mp1xx.o
 .debug_macro   0x000000000003e3cb      0x147 ./Common/System/system_stm32mp1xx.o
 .debug_macro   0x000000000003e512       0x5b ./Common/System/system_stm32mp1xx.o
 .debug_macro   0x000000000003e56d     0x1d00 ./Common/System/system_stm32mp1xx.o
 .debug_macro   0x000000000004026d      0x9b1 ./Common/System/system_stm32mp1xx.o
 .debug_macro   0x0000000000040c1e       0x2e ./Common/System/system_stm32mp1xx.o
 .debug_macro   0x0000000000040c4c      0x33a ./Common/System/system_stm32mp1xx.o
 .debug_macro   0x0000000000040f86      0x13a ./Common/System/system_stm32mp1xx.o
 .debug_macro   0x00000000000410c0      0x2f2 ./Common/System/system_stm32mp1xx.o
 .debug_macro   0x00000000000413b2       0x27 ./Common/System/system_stm32mp1xx.o
 .debug_macro   0x00000000000413d9       0x4a ./Common/System/system_stm32mp1xx.o
 .debug_macro   0x0000000000041423      0x558 ./Common/System/system_stm32mp1xx.o
 .debug_macro   0x000000000004197b       0xe0 ./Common/System/system_stm32mp1xx.o
 .debug_macro   0x0000000000041a5b       0x66 ./Common/System/system_stm32mp1xx.o
 .debug_macro   0x0000000000041ac1      0x3c9 ./Common/System/system_stm32mp1xx.o
 .debug_macro   0x0000000000041e8a      0x227 ./Common/System/system_stm32mp1xx.o
 .debug_macro   0x00000000000420b1      0x152 ./Common/System/system_stm32mp1xx.o
 .debug_macro   0x0000000000042203      0x1f9 ./Common/System/system_stm32mp1xx.o
 .debug_macro   0x00000000000423fc       0x19 ./Common/System/system_stm32mp1xx.o
 .debug_macro   0x0000000000042415      0x64d ./Common/System/system_stm32mp1xx.o
 .debug_macro   0x0000000000042a62       0xa6 ./Common/System/system_stm32mp1xx.o
 .debug_macro   0x0000000000042b08      0x521 ./Common/System/system_stm32mp1xx.o
 .debug_macro   0x0000000000043029      0x297 ./Core/Src/gpio.o
 .debug_macro   0x00000000000432c0      0x2a5 ./Core/Src/main.o
 .debug_macro   0x0000000000043565      0x28d ./Core/Src/stm32mp1xx_hal_msp.o
 .debug_macro   0x00000000000437f2      0x297 ./Core/Src/stm32mp1xx_it.o
 .debug_macro   0x0000000000043a89      0x274 ./Core/Src/syscalls.o
 .debug_macro   0x0000000000043cfd       0x5b ./Core/Src/syscalls.o
 .debug_macro   0x0000000000043d58       0x94 ./Core/Src/syscalls.o
 .debug_macro   0x0000000000043dec       0x57 ./Core/Src/syscalls.o
 .debug_macro   0x0000000000043e43      0x174 ./Core/Src/syscalls.o
 .debug_macro   0x0000000000043fb7       0x10 ./Core/Src/syscalls.o
 .debug_macro   0x0000000000043fc7       0x35 ./Core/Src/syscalls.o
 .debug_macro   0x0000000000043ffc       0x10 ./Core/Src/syscalls.o
 .debug_macro   0x000000000004400c       0x10 ./Core/Src/syscalls.o
 .debug_macro   0x000000000004401c       0x10 ./Core/Src/syscalls.o
 .debug_macro   0x000000000004402c       0x1c ./Core/Src/syscalls.o
 .debug_macro   0x0000000000044048       0x52 ./Core/Src/syscalls.o
 .debug_macro   0x000000000004409a       0x22 ./Core/Src/syscalls.o
 .debug_macro   0x00000000000440bc       0x10 ./Core/Src/syscalls.o
 .debug_macro   0x00000000000440cc       0x52 ./Core/Src/syscalls.o
 .debug_macro   0x000000000004411e       0xcf ./Core/Src/syscalls.o
 .debug_macro   0x00000000000441ed       0x1c ./Core/Src/syscalls.o
 .debug_macro   0x0000000000044209       0x3d ./Core/Src/syscalls.o
 .debug_macro   0x0000000000044246       0x35 ./Core/Src/syscalls.o
 .debug_macro   0x000000000004427b      0x12c ./Core/Src/syscalls.o
 .debug_macro   0x00000000000443a7       0x16 ./Core/Src/syscalls.o
 .debug_macro   0x00000000000443bd       0x16 ./Core/Src/syscalls.o
 .debug_macro   0x00000000000443d3       0x29 ./Core/Src/syscalls.o
 .debug_macro   0x00000000000443fc       0x10 ./Core/Src/syscalls.o
 .debug_macro   0x000000000004440c      0x242 ./Core/Src/syscalls.o
 .debug_macro   0x000000000004464e       0x1c ./Core/Src/syscalls.o
 .debug_macro   0x000000000004466a       0x10 ./Core/Src/syscalls.o
 .debug_macro   0x000000000004467a      0x18a ./Core/Src/syscalls.o
 .debug_macro   0x0000000000044804       0x16 ./Core/Src/syscalls.o
 .debug_macro   0x000000000004481a       0xce ./Core/Src/syscalls.o
 .debug_macro   0x00000000000448e8       0xff ./Core/Src/sysmem.o
 .debug_macro   0x00000000000449e7      0x23c ./Core/Src/sysmem.o
 .debug_macro   0x0000000000044c23      0x297 ./Core/Src/usart.o
 .debug_macro   0x0000000000044eba      0x2b3 ./Drivers/STM32MP1xx_HAL_Driver/stm32mp1xx_hal.o
 .debug_macro   0x000000000004516d      0x283 ./Drivers/STM32MP1xx_HAL_Driver/stm32mp1xx_hal_cortex.o
 .debug_macro   0x00000000000453f0      0x2b8 ./Drivers/STM32MP1xx_HAL_Driver/stm32mp1xx_hal_gpio.o
 .debug_macro   0x00000000000456a8      0x28f ./Drivers/STM32MP1xx_HAL_Driver/stm32mp1xx_hal_rcc.o
 .debug_macro   0x0000000000045937      0x289 ./Drivers/STM32MP1xx_HAL_Driver/stm32mp1xx_hal_rcc_ex.o
 .debug_macro   0x0000000000045bc0      0x2a0 ./Drivers/STM32MP1xx_HAL_Driver/stm32mp1xx_hal_uart.o
 .debug_macro   0x0000000000045e60      0x28f ./Drivers/STM32MP1xx_HAL_Driver/stm32mp1xx_hal_uart_ex.o

.debug_line     0x0000000000000000     0xf2f2
 .debug_line    0x0000000000000000      0xaee ./Common/System/system_stm32mp1xx.o
 .debug_line    0x0000000000000aee      0x9ed ./Core/Src/gpio.o
 .debug_line    0x00000000000014db      0xa87 ./Core/Src/main.o
 .debug_line    0x0000000000001f62      0x9f9 ./Core/Src/stm32mp1xx_hal_msp.o
 .debug_line    0x000000000000295b      0xacd ./Core/Src/stm32mp1xx_it.o
 .debug_line    0x0000000000003428      0xa5a ./Core/Src/syscalls.o
 .debug_line    0x0000000000003e82      0x72b ./Core/Src/sysmem.o
 .debug_line    0x00000000000045ad      0xaa3 ./Core/Src/usart.o
 .debug_line    0x0000000000005050       0x7b ./Core/Startup/startup_stm32mp157aaax.o
 .debug_line    0x00000000000050cb      0xf27 ./Drivers/STM32MP1xx_HAL_Driver/stm32mp1xx_hal.o
 .debug_line    0x0000000000005ff2      0xf2c ./Drivers/STM32MP1xx_HAL_Driver/stm32mp1xx_hal_cortex.o
 .debug_line    0x0000000000006f1e      0xee0 ./Drivers/STM32MP1xx_HAL_Driver/stm32mp1xx_hal_gpio.o
 .debug_line    0x0000000000007dfe     0x1d8c ./Drivers/STM32MP1xx_HAL_Driver/stm32mp1xx_hal_rcc.o
 .debug_line    0x0000000000009b8a     0x1b72 ./Drivers/STM32MP1xx_HAL_Driver/stm32mp1xx_hal_rcc_ex.o
 .debug_line    0x000000000000b6fc     0x2e3e ./Drivers/STM32MP1xx_HAL_Driver/stm32mp1xx_hal_uart.o
 .debug_line    0x000000000000e53a      0xdb8 ./Drivers/STM32MP1xx_HAL_Driver/stm32mp1xx_hal_uart_ex.o

.debug_str      0x0000000000000000   0x1c864c
 .debug_str     0x0000000000000000   0x1c2825 ./Common/System/system_stm32mp1xx.o
                                     0x1c2b75 (size before relaxing)
 .debug_str     0x00000000001c2825       0x36 ./Core/Src/gpio.o
                                     0x1c2a51 (size before relaxing)
 .debug_str     0x00000000001c285b      0xaf8 ./Core/Src/main.o
                                     0x1c2a43 (size before relaxing)
 .debug_str     0x00000000001c3353      0x856 ./Core/Src/stm32mp1xx_hal_msp.o
                                     0x1c32b2 (size before relaxing)
 .debug_str     0x00000000001c3ba9       0xe5 ./Core/Src/stm32mp1xx_it.o
                                     0x1c1f1e (size before relaxing)
 .debug_str     0x00000000001c3c8e     0x20e8 ./Core/Src/syscalls.o
                                       0x98ae (size before relaxing)
 .debug_str     0x00000000001c5d76       0x6b ./Core/Src/sysmem.o
                                       0x6065 (size before relaxing)
 .debug_str     0x00000000001c5de1      0x4d0 ./Core/Src/usart.o
                                     0x1c389e (size before relaxing)
 .debug_str     0x00000000001c62b1       0x35 ./Core/Startup/startup_stm32mp157aaax.o
                                         0x6b (size before relaxing)
 .debug_str     0x00000000001c62e6      0x7df ./Drivers/STM32MP1xx_HAL_Driver/stm32mp1xx_hal.o
                                     0x1c2fb1 (size before relaxing)
 .debug_str     0x00000000001c6ac5      0x328 ./Drivers/STM32MP1xx_HAL_Driver/stm32mp1xx_hal_cortex.o
                                     0x1c2bdd (size before relaxing)
 .debug_str     0x00000000001c6ded      0x358 ./Drivers/STM32MP1xx_HAL_Driver/stm32mp1xx_hal_gpio.o
                                     0x1c2395 (size before relaxing)
 .debug_str     0x00000000001c7145      0x70c ./Drivers/STM32MP1xx_HAL_Driver/stm32mp1xx_hal_rcc.o
                                     0x1c3456 (size before relaxing)
 .debug_str     0x00000000001c7851      0x113 ./Drivers/STM32MP1xx_HAL_Driver/stm32mp1xx_hal_rcc_ex.o
                                     0x1c32e5 (size before relaxing)
 .debug_str     0x00000000001c7964      0xabb ./Drivers/STM32MP1xx_HAL_Driver/stm32mp1xx_hal_uart.o
                                     0x1c3efb (size before relaxing)
 .debug_str     0x00000000001c841f      0x22d ./Drivers/STM32MP1xx_HAL_Driver/stm32mp1xx_hal_uart_ex.o
                                     0x1c2a86 (size before relaxing)

.debug_frame    0x0000000000000000     0x2c18
 .debug_frame   0x0000000000000000       0x58 ./Common/System/system_stm32mp1xx.o
 .debug_frame   0x0000000000000058       0x30 ./Core/Src/gpio.o
 .debug_frame   0x0000000000000088       0x70 ./Core/Src/main.o
 .debug_frame   0x00000000000000f8       0x2c ./Core/Src/stm32mp1xx_hal_msp.o
 .debug_frame   0x0000000000000124      0x120 ./Core/Src/stm32mp1xx_it.o
 .debug_frame   0x0000000000000244      0x2ac ./Core/Src/syscalls.o
 .debug_frame   0x00000000000004f0       0x34 ./Core/Src/sysmem.o
 .debug_frame   0x0000000000000524       0x78 ./Core/Src/usart.o
 .debug_frame   0x000000000000059c      0x5e8 ./Drivers/STM32MP1xx_HAL_Driver/stm32mp1xx_hal.o
 .debug_frame   0x0000000000000b84      0x428 ./Drivers/STM32MP1xx_HAL_Driver/stm32mp1xx_hal_cortex.o
 .debug_frame   0x0000000000000fac      0x174 ./Drivers/STM32MP1xx_HAL_Driver/stm32mp1xx_hal_gpio.o
 .debug_frame   0x0000000000001120      0x5b0 ./Drivers/STM32MP1xx_HAL_Driver/stm32mp1xx_hal_rcc.o
 .debug_frame   0x00000000000016d0      0x14c ./Drivers/STM32MP1xx_HAL_Driver/stm32mp1xx_hal_rcc_ex.o
 .debug_frame   0x000000000000181c      0xb34 ./Drivers/STM32MP1xx_HAL_Driver/stm32mp1xx_hal_uart.o
 .debug_frame   0x0000000000002350      0x22c ./Drivers/STM32MP1xx_HAL_Driver/stm32mp1xx_hal_uart_ex.o
 .debug_frame   0x000000000000257c      0x144 D:/TechnicalSoftWare/ST/STM32CubeIDE_1.14.0/STM32CubeIDE/plugins/com.st.stm32cube.ide.mcu.externaltools.gnu-tools-for-stm32.11.3.rel1.win32_1.1.100.202309141235/tools/bin/../lib/gcc/arm-none-eabi/11.3.1/../../../../arm-none-eabi/lib/thumb/v7e-m+fp/hard\libc_nano.a(libc_a-findfp.o)
 .debug_frame   0x00000000000026c0       0x34 D:/TechnicalSoftWare/ST/STM32CubeIDE_1.14.0/STM32CubeIDE/plugins/com.st.stm32cube.ide.mcu.externaltools.gnu-tools-for-stm32.11.3.rel1.win32_1.1.100.202309141235/tools/bin/../lib/gcc/arm-none-eabi/11.3.1/../../../../arm-none-eabi/lib/thumb/v7e-m+fp/hard\libc_nano.a(libc_a-fwalk.o)
 .debug_frame   0x00000000000026f4       0x3c D:/TechnicalSoftWare/ST/STM32CubeIDE_1.14.0/STM32CubeIDE/plugins/com.st.stm32cube.ide.mcu.externaltools.gnu-tools-for-stm32.11.3.rel1.win32_1.1.100.202309141235/tools/bin/../lib/gcc/arm-none-eabi/11.3.1/../../../../arm-none-eabi/lib/thumb/v7e-m+fp/hard\libc_nano.a(libc_a-puts.o)
 .debug_frame   0x0000000000002730       0x88 D:/TechnicalSoftWare/ST/STM32CubeIDE_1.14.0/STM32CubeIDE/plugins/com.st.stm32cube.ide.mcu.externaltools.gnu-tools-for-stm32.11.3.rel1.win32_1.1.100.202309141235/tools/bin/../lib/gcc/arm-none-eabi/11.3.1/../../../../arm-none-eabi/lib/thumb/v7e-m+fp/hard\libc_nano.a(libc_a-stdio.o)
 .debug_frame   0x00000000000027b8       0x40 D:/TechnicalSoftWare/ST/STM32CubeIDE_1.14.0/STM32CubeIDE/plugins/com.st.stm32cube.ide.mcu.externaltools.gnu-tools-for-stm32.11.3.rel1.win32_1.1.100.202309141235/tools/bin/../lib/gcc/arm-none-eabi/11.3.1/../../../../arm-none-eabi/lib/thumb/v7e-m+fp/hard\libc_nano.a(libc_a-wbuf.o)
 .debug_frame   0x00000000000027f8       0x2c D:/TechnicalSoftWare/ST/STM32CubeIDE_1.14.0/STM32CubeIDE/plugins/com.st.stm32cube.ide.mcu.externaltools.gnu-tools-for-stm32.11.3.rel1.win32_1.1.100.202309141235/tools/bin/../lib/gcc/arm-none-eabi/11.3.1/../../../../arm-none-eabi/lib/thumb/v7e-m+fp/hard\libc_nano.a(libc_a-wsetup.o)
 .debug_frame   0x0000000000002824       0x20 D:/TechnicalSoftWare/ST/STM32CubeIDE_1.14.0/STM32CubeIDE/plugins/com.st.stm32cube.ide.mcu.externaltools.gnu-tools-for-stm32.11.3.rel1.win32_1.1.100.202309141235/tools/bin/../lib/gcc/arm-none-eabi/11.3.1/../../../../arm-none-eabi/lib/thumb/v7e-m+fp/hard\libc_nano.a(libc_a-memset.o)
 .debug_frame   0x0000000000002844       0x2c D:/TechnicalSoftWare/ST/STM32CubeIDE_1.14.0/STM32CubeIDE/plugins/com.st.stm32cube.ide.mcu.externaltools.gnu-tools-for-stm32.11.3.rel1.win32_1.1.100.202309141235/tools/bin/../lib/gcc/arm-none-eabi/11.3.1/../../../../arm-none-eabi/lib/thumb/v7e-m+fp/hard\libc_nano.a(libc_a-closer.o)